Component: ARM Compiler 5.05 update 1 (build 106) Tool: armlink [4d0efa]

==============================================================================

Section Cross References

    stm32l1xx_nucleo.o(i.ADCx_Init) refers to stm32l1xx_hal_adc.o(i.HAL_ADC_GetState) for HAL_ADC_GetState
    stm32l1xx_nucleo.o(i.ADCx_Init) refers to memseta.o(.text) for __aeabi_memclr4
    stm32l1xx_nucleo.o(i.ADCx_Init) refers to stm32l1xx_hal_gpio.o(i.HAL_GPIO_Init) for HAL_GPIO_Init
    stm32l1xx_nucleo.o(i.ADCx_Init) refers to stm32l1xx_hal_adc.o(i.HAL_ADC_Init) for HAL_ADC_Init
    stm32l1xx_nucleo.o(i.ADCx_Init) refers to stm32l1xx_nucleo.o(.bss) for .bss
    stm32l1xx_nucleo.o(i.BSP_JOY_GetState) refers to stm32l1xx_hal_adc.o(i.HAL_ADC_Start) for HAL_ADC_Start
    stm32l1xx_nucleo.o(i.BSP_JOY_GetState) refers to stm32l1xx_hal_adc.o(i.HAL_ADC_PollForConversion) for HAL_ADC_PollForConversion
    stm32l1xx_nucleo.o(i.BSP_JOY_GetState) refers to stm32l1xx_hal_adc.o(i.HAL_ADC_GetState) for HAL_ADC_GetState
    stm32l1xx_nucleo.o(i.BSP_JOY_GetState) refers to stm32l1xx_hal_adc.o(i.HAL_ADC_GetValue) for HAL_ADC_GetValue
    stm32l1xx_nucleo.o(i.BSP_JOY_GetState) refers to stm32l1xx_nucleo.o(.bss) for .bss
    stm32l1xx_nucleo.o(i.BSP_JOY_Init) refers to stm32l1xx_nucleo.o(i.ADCx_Init) for ADCx_Init
    stm32l1xx_nucleo.o(i.BSP_JOY_Init) refers to stm32l1xx_hal_adc.o(i.HAL_ADC_ConfigChannel) for HAL_ADC_ConfigChannel
    stm32l1xx_nucleo.o(i.BSP_JOY_Init) refers to stm32l1xx_nucleo.o(.bss) for .bss
    stm32l1xx_nucleo.o(i.BSP_LED_Init) refers to memseta.o(.text) for __aeabi_memclr4
    stm32l1xx_nucleo.o(i.BSP_LED_Init) refers to stm32l1xx_hal_gpio.o(i.HAL_GPIO_Init) for HAL_GPIO_Init
    stm32l1xx_nucleo.o(i.BSP_LED_Init) refers to stm32l1xx_hal_gpio.o(i.HAL_GPIO_WritePin) for HAL_GPIO_WritePin
    stm32l1xx_nucleo.o(i.BSP_LED_Init) refers to stm32l1xx_nucleo.o(.constdata) for .constdata
    stm32l1xx_nucleo.o(i.BSP_LED_Init) refers to stm32l1xx_nucleo.o(.data) for .data
    stm32l1xx_nucleo.o(i.BSP_LED_Off) refers to stm32l1xx_hal_gpio.o(i.HAL_GPIO_WritePin) for HAL_GPIO_WritePin
    stm32l1xx_nucleo.o(i.BSP_LED_Off) refers to stm32l1xx_nucleo.o(.constdata) for .constdata
    stm32l1xx_nucleo.o(i.BSP_LED_Off) refers to stm32l1xx_nucleo.o(.data) for .data
    stm32l1xx_nucleo.o(i.BSP_LED_On) refers to stm32l1xx_hal_gpio.o(i.HAL_GPIO_WritePin) for HAL_GPIO_WritePin
    stm32l1xx_nucleo.o(i.BSP_LED_On) refers to stm32l1xx_nucleo.o(.constdata) for .constdata
    stm32l1xx_nucleo.o(i.BSP_LED_On) refers to stm32l1xx_nucleo.o(.data) for .data
    stm32l1xx_nucleo.o(i.BSP_LED_Toggle) refers to stm32l1xx_hal_gpio.o(i.HAL_GPIO_TogglePin) for HAL_GPIO_TogglePin
    stm32l1xx_nucleo.o(i.BSP_LED_Toggle) refers to stm32l1xx_nucleo.o(.constdata) for .constdata
    stm32l1xx_nucleo.o(i.BSP_LED_Toggle) refers to stm32l1xx_nucleo.o(.data) for .data
    stm32l1xx_nucleo.o(i.BSP_PB_GetState) refers to stm32l1xx_hal_gpio.o(i.HAL_GPIO_ReadPin) for HAL_GPIO_ReadPin
    stm32l1xx_nucleo.o(i.BSP_PB_GetState) refers to stm32l1xx_nucleo.o(.constdata) for .constdata
    stm32l1xx_nucleo.o(i.BSP_PB_GetState) refers to stm32l1xx_nucleo.o(.data) for .data
    stm32l1xx_nucleo.o(i.BSP_PB_Init) refers to memseta.o(.text) for __aeabi_memclr4
    stm32l1xx_nucleo.o(i.BSP_PB_Init) refers to stm32l1xx_hal_gpio.o(i.HAL_GPIO_Init) for HAL_GPIO_Init
    stm32l1xx_nucleo.o(i.BSP_PB_Init) refers to stm32l1xx_hal_cortex.o(i.HAL_NVIC_SetPriority) for HAL_NVIC_SetPriority
    stm32l1xx_nucleo.o(i.BSP_PB_Init) refers to stm32l1xx_hal_cortex.o(i.HAL_NVIC_EnableIRQ) for HAL_NVIC_EnableIRQ
    stm32l1xx_nucleo.o(i.BSP_PB_Init) refers to stm32l1xx_nucleo.o(.constdata) for .constdata
    stm32l1xx_nucleo.o(i.BSP_PB_Init) refers to stm32l1xx_nucleo.o(.data) for .data
    stm32l1xx_nucleo.o(i.LCD_Delay) refers to stm32l1xx_hal.o(i.HAL_Delay) for HAL_Delay
    stm32l1xx_nucleo.o(i.LCD_IO_Init) refers to memseta.o(.text) for __aeabi_memclr4
    stm32l1xx_nucleo.o(i.LCD_IO_Init) refers to stm32l1xx_hal_gpio.o(i.HAL_GPIO_Init) for HAL_GPIO_Init
    stm32l1xx_nucleo.o(i.LCD_IO_Init) refers to stm32l1xx_hal_gpio.o(i.HAL_GPIO_WritePin) for HAL_GPIO_WritePin
    stm32l1xx_nucleo.o(i.LCD_IO_Init) refers to stm32l1xx_nucleo.o(i.SPIx_Init) for SPIx_Init
    stm32l1xx_nucleo.o(i.LCD_IO_WriteMultipleData) refers to stm32l1xx_hal_gpio.o(i.HAL_GPIO_WritePin) for HAL_GPIO_WritePin
    stm32l1xx_nucleo.o(i.LCD_IO_WriteMultipleData) refers to stm32l1xx_nucleo.o(i.SPIx_Write) for SPIx_Write
    stm32l1xx_nucleo.o(i.LCD_IO_WriteMultipleData) refers to stm32l1xx_nucleo.o(.bss) for .bss
    stm32l1xx_nucleo.o(i.LCD_IO_WriteReg) refers to stm32l1xx_hal_gpio.o(i.HAL_GPIO_WritePin) for HAL_GPIO_WritePin
    stm32l1xx_nucleo.o(i.LCD_IO_WriteReg) refers to stm32l1xx_nucleo.o(i.SPIx_Write) for SPIx_Write
    stm32l1xx_nucleo.o(i.SD_IO_Init) refers to memseta.o(.text) for __aeabi_memclr4
    stm32l1xx_nucleo.o(i.SD_IO_Init) refers to stm32l1xx_hal_gpio.o(i.HAL_GPIO_Init) for HAL_GPIO_Init
[...]
    Removing stm32l1xx_hal_nor.o(.rev16_text), (4 bytes).
    Removing stm32l1xx_hal_nor.o(.revsh_text), (4 bytes).
    Removing stm32l1xx_hal_opamp.o(.rev16_text), (4 bytes).
    Removing stm32l1xx_hal_opamp.o(.revsh_text), (4 bytes).
    Removing stm32l1xx_hal_opamp.o(i.HAL_OPAMP_DeInit), (176 bytes).
    Removing stm32l1xx_hal_opamp.o(i.HAL_OPAMP_GetState), (10 bytes).
    Removing stm32l1xx_hal_opamp.o(i.HAL_OPAMP_GetTrimOffset), (96 bytes).
    Removing stm32l1xx_hal_opamp.o(i.HAL_OPAMP_Init), (700 bytes).
    Removing stm32l1xx_hal_opamp.o(i.HAL_OPAMP_Lock), (48 bytes).
    Removing stm32l1xx_hal_opamp.o(i.HAL_OPAMP_MspDeInit), (2 bytes).
    Removing stm32l1xx_hal_opamp.o(i.HAL_OPAMP_MspInit), (2 bytes).
    Removing stm32l1xx_hal_opamp.o(i.HAL_OPAMP_SelfCalibrate), (744 bytes).
    Removing stm32l1xx_hal_opamp.o(i.HAL_OPAMP_Start), (68 bytes).
    Removing stm32l1xx_hal_opamp.o(i.HAL_OPAMP_Stop), (76 bytes).
    Removing stm32l1xx_hal_opamp_ex.o(.rev16_text), (4 bytes).
    Removing stm32l1xx_hal_opamp_ex.o(.revsh_text), (4 bytes).
    Removing stm32l1xx_hal_opamp_ex.o(i.HAL_OPAMPEx_SelfCalibrateAll), (660 bytes).
    Removing stm32l1xx_hal_opamp_ex.o(i.HAL_OPAMPEx_Unlock), (48 bytes).
    Removing stm32l1xx_hal_pcd.o(.rev16_text), (4 bytes).
    Removing stm32l1xx_hal_pcd.o(.revsh_text), (4 bytes).
    Removing stm32l1xx_hal_pcd.o(i.HAL_PCDEx_SetConnectionState), (2 bytes).
    Removing stm32l1xx_hal_pcd.o(i.HAL_PCD_ActiveRemoteWakeup), (16 bytes).
    Removing stm32l1xx_hal_pcd.o(i.HAL_PCD_ConnectCallback), (2 bytes).
    Removing stm32l1xx_hal_pcd.o(i.HAL_PCD_DataInStageCallback), (2 bytes).
    Removing stm32l1xx_hal_pcd.o(i.HAL_PCD_DataOutStageCallback), (2 bytes).
    Removing stm32l1xx_hal_pcd.o(i.HAL_PCD_DeActiveRemoteWakeup), (16 bytes).
    Removing stm32l1xx_hal_pcd.o(i.HAL_PCD_DeInit), (36 bytes).
    Removing stm32l1xx_hal_pcd.o(i.HAL_PCD_DevConnect), (38 bytes).
    Removing stm32l1xx_hal_pcd.o(i.HAL_PCD_DevDisconnect), (38 bytes).
    Removing stm32l1xx_hal_pcd.o(i.HAL_PCD_DisconnectCallback), (2 bytes).
    Removing stm32l1xx_hal_pcd.o(i.HAL_PCD_EP_Close), (386 bytes).
    Removing stm32l1xx_hal_pcd.o(i.HAL_PCD_EP_ClrStall), (176 bytes).
    Removing stm32l1xx_hal_pcd.o(i.HAL_PCD_EP_Flush), (4 bytes).
    Removing stm32l1xx_hal_pcd.o(i.HAL_PCD_EP_GetRxCount), (20 bytes).
    Removing stm32l1xx_hal_pcd.o(i.HAL_PCD_EP_Open), (762 bytes).
    Removing stm32l1xx_hal_pcd.o(i.HAL_PCD_EP_Receive), (230 bytes).
    Removing stm32l1xx_hal_pcd.o(i.HAL_PCD_EP_SetStall), (138 bytes).
    Removing stm32l1xx_hal_pcd.o(i.HAL_PCD_EP_Transmit), (340 bytes).
    Removing stm32l1xx_hal_pcd.o(i.HAL_PCD_GetState), (6 bytes).
    Removing stm32l1xx_hal_pcd.o(i.HAL_PCD_IRQHandler), (252 bytes).
    Removing stm32l1xx_hal_pcd.o(i.HAL_PCD_ISOINIncompleteCallback), (2 bytes).
    Removing stm32l1xx_hal_pcd.o(i.HAL_PCD_ISOOUTIncompleteCallback), (2 bytes).
    Removing stm32l1xx_hal_pcd.o(i.HAL_PCD_Init), (154 bytes).
    Removing stm32l1xx_hal_pcd.o(i.HAL_PCD_MspDeInit), (2 bytes).
    Removing stm32l1xx_hal_pcd.o(i.HAL_PCD_MspInit), (2 bytes).
    Removing stm32l1xx_hal_pcd.o(i.HAL_PCD_ResetCallback), (2 bytes).
    Removing stm32l1xx_hal_pcd.o(i.HAL_PCD_ResumeCallback), (2 bytes).
    Removing stm32l1xx_hal_pcd.o(i.HAL_PCD_SOFCallback), (2 bytes).
    Removing stm32l1xx_hal_pcd.o(i.HAL_PCD_SetAddress), (44 bytes).
    Removing stm32l1xx_hal_pcd.o(i.HAL_PCD_SetupStageCallback), (2 bytes).
    Removing stm32l1xx_hal_pcd.o(i.HAL_PCD_Start), (12 bytes).
    Removing stm32l1xx_hal_pcd.o(i.HAL_PCD_Stop), (44 bytes).
    Removing stm32l1xx_hal_pcd.o(i.HAL_PCD_SuspendCallback), (2 bytes).
    Removing stm32l1xx_hal_pcd.o(i.PCD_EP_ISR_Handler), (874 bytes).
    Removing stm32l1xx_hal_pcd.o(i.PCD_ReadPMA), (30 bytes).
    Removing stm32l1xx_hal_pcd.o(i.PCD_WritePMA), (38 bytes).
    Removing stm32l1xx_hal_pcd_ex.o(.rev16_text), (4 bytes).
    Removing stm32l1xx_hal_pcd_ex.o(.revsh_text), (4 bytes).
    Removing stm32l1xx_hal_pcd_ex.o(i.HAL_PCDEx_PMAConfig), (60 bytes).
    Removing stm32l1xx_hal_pwr.o(.rev16_text), (4 bytes).
    Removing stm32l1xx_hal_pwr.o(.revsh_text), (4 bytes).
    Removing stm32l1xx_hal_pwr.o(i.HAL_PWR_DeInit), (24 bytes).
    Removing stm32l1xx_hal_pwr.o(i.HAL_PWR_DisableBkUpAccess), (28 bytes).
    Removing stm32l1xx_hal_pwr.o(i.HAL_PWR_DisablePVD), (24 bytes).
    Removing stm32l1xx_hal_pwr.o(i.HAL_PWR_DisableWakeUpPin), (28 bytes).
    Removing stm32l1xx_hal_pwr.o(i.HAL_PWR_EnableBkUpAccess), (24 bytes).
    Removing stm32l1xx_hal_pwr.o(i.HAL_PWR_EnablePVD), (24 bytes).
    Removing stm32l1xx_hal_pwr.o(i.HAL_PWR_EnableWakeUpPin), (28 bytes).
    Removing stm32l1xx_hal_pwr.o(i.HAL_PWR_EnterSLEEPMode), (48 bytes).
    Removing stm32l1xx_hal_pwr.o(i.HAL_PWR_EnterSTANDBYMode), (32 bytes).
    Removing stm32l1xx_hal_pwr.o(i.HAL_PWR_EnterSTOPMode), (56 bytes).
    Removing stm32l1xx_hal_pwr.o(i.HAL_PWR_PVDCallback), (2 bytes).
    Removing stm32l1xx_hal_pwr.o(i.HAL_PWR_PVDConfig), (124 bytes).
    Removing stm32l1xx_hal_pwr.o(i.HAL_PWR_PVD_IRQHandler), (28 bytes).
    Removing stm32l1xx_hal_pwr_ex.o(.rev16_text), (4 bytes).
    Removing stm32l1xx_hal_pwr_ex.o(.revsh_text), (4 bytes).
    Removing stm32l1xx_hal_pwr_ex.o(i.HAL_PWREx_DisableFastWakeUp), (28 bytes).
    Removing stm32l1xx_hal_pwr_ex.o(i.HAL_PWREx_DisableLowPowerRunMode), (40 bytes).
    Removing stm32l1xx_hal_pwr_ex.o(i.HAL_PWREx_DisableUltraLowPower), (28 bytes).
    Removing stm32l1xx_hal_pwr_ex.o(i.HAL_PWREx_EnableFastWakeUp), (24 bytes).
    Removing stm32l1xx_hal_pwr_ex.o(i.HAL_PWREx_EnableLowPowerRunMode), (36 bytes).
    Removing stm32l1xx_hal_pwr_ex.o(i.HAL_PWREx_EnableUltraLowPower), (24 bytes).
    Removing stm32l1xx_hal_rcc.o(.rev16_text), (4 bytes).
    Removing stm32l1xx_hal_rcc.o(.revsh_text), (4 bytes).
    Removing stm32l1xx_hal_rcc.o(i.HAL_RCC_CCSCallback), (2 bytes).
    Removing stm32l1xx_hal_rcc.o(i.HAL_RCC_DeInit), (96 bytes).
    Removing stm32l1xx_hal_rcc.o(i.HAL_RCC_DisableCSS), (28 bytes).
    Removing stm32l1xx_hal_rcc.o(i.HAL_RCC_EnableCSS), (24 bytes).
    Removing stm32l1xx_hal_rcc.o(i.HAL_RCC_GetClockConfig), (64 bytes).
    Removing stm32l1xx_hal_rcc.o(i.HAL_RCC_GetOscConfig), (208 bytes).
    Removing stm32l1xx_hal_rcc.o(i.HAL_RCC_GetPCLK1Freq), (44 bytes).
    Removing stm32l1xx_hal_rcc.o(i.HAL_RCC_GetPCLK2Freq), (44 bytes).
    Removing stm32l1xx_hal_rcc.o(i.HAL_RCC_MCOConfig), (72 bytes).
    Removing stm32l1xx_hal_rcc.o(i.HAL_RCC_NMI_IRQHandler), (28 bytes).
    Removing stm32l1xx_hal_rcc_ex.o(.rev16_text), (4 bytes).
    Removing stm32l1xx_hal_rcc_ex.o(.revsh_text), (4 bytes).
    Removing stm32l1xx_hal_rcc_ex.o(i.HAL_RCCEx_DisableLSECSS), (32 bytes).
    Removing stm32l1xx_hal_rcc_ex.o(i.HAL_RCCEx_EnableLSECSS), (28 bytes).
    Removing stm32l1xx_hal_rcc_ex.o(i.HAL_RCCEx_GetPeriphCLKConfig), (44 bytes).
    Removing stm32l1xx_hal_rcc_ex.o(i.HAL_RCCEx_PeriphCLKConfig), (304 bytes).
    Removing stm32l1xx_hal_rtc.o(.rev16_text), (4 bytes).
    Removing stm32l1xx_hal_rtc.o(.revsh_text), (4 bytes).
    Removing stm32l1xx_hal_rtc.o(i.HAL_RTC_AlarmAEventCallback), (2 bytes).
    Removing stm32l1xx_hal_rtc.o(i.HAL_RTC_AlarmIRQHandler), (92 bytes).
    Removing stm32l1xx_hal_rtc.o(i.HAL_RTC_DeInit), (4 bytes).
    Removing stm32l1xx_hal_rtc.o(i.HAL_RTC_DeactivateAlarm), (178 bytes).
    Removing stm32l1xx_hal_rtc.o(i.HAL_RTC_GetDate), (68 bytes).
    Removing stm32l1xx_hal_rtc.o(i.HAL_RTC_GetState), (4 bytes).
    Removing stm32l1xx_hal_rtc.o(i.HAL_RTC_Init), (152 bytes).
    Removing stm32l1xx_hal_rtc.o(i.HAL_RTC_MspDeInit), (2 bytes).
    Removing stm32l1xx_hal_rtc.o(i.HAL_RTC_MspInit), (2 bytes).
    Removing stm32l1xx_hal_rtc.o(i.HAL_RTC_PollForAlarmAEvent), (66 bytes).
    Removing stm32l1xx_hal_rtc.o(i.HAL_RTC_SetDate), (200 bytes).
    Removing stm32l1xx_hal_rtc.o(i.HAL_RTC_SetTime), (232 bytes).
    Removing stm32l1xx_hal_rtc.o(i.RTC_Bcd2ToByte), (18 bytes).
    Removing stm32l1xx_hal_rtc.o(i.RTC_ByteToBcd2), (22 bytes).
    Removing stm32l1xx_hal_rtc.o(i.RTC_EnterInitMode), (58 bytes).
    Removing stm32l1xx_hal_rtc_ex.o(.rev16_text), (4 bytes).
    Removing stm32l1xx_hal_rtc_ex.o(.revsh_text), (4 bytes).
    Removing stm32l1xx_hal_rtc_ex.o(i.HAL_RTCEx_AlarmBEventCallback), (2 bytes).
    Removing stm32l1xx_hal_rtc_ex.o(i.HAL_RTCEx_BKUPRead), (10 bytes).
    Removing stm32l1xx_hal_rtc_ex.o(i.HAL_RTCEx_BKUPWrite), (10 bytes).
    Removing stm32l1xx_hal_rtc_ex.o(i.HAL_RTCEx_DeactivateCalibrationOutPut), (56 bytes).
    Removing stm32l1xx_hal_rtc_ex.o(i.HAL_RTCEx_DeactivateCoarseCalib), (96 bytes).
    Removing stm32l1xx_hal_rtc_ex.o(i.HAL_RTCEx_DeactivateRefClock), (96 bytes).
    Removing stm32l1xx_hal_rtc_ex.o(i.HAL_RTCEx_DeactivateTamper), (38 bytes).
    Removing stm32l1xx_hal_rtc_ex.o(i.HAL_RTCEx_DeactivateTimeStamp), (70 bytes).
    Removing stm32l1xx_hal_rtc_ex.o(i.HAL_RTCEx_DeactivateWakeUpTimer), (122 bytes).
    Removing stm32l1xx_hal_rtc_ex.o(i.HAL_RTCEx_DisableBypassShadow), (56 bytes).
    Removing stm32l1xx_hal_rtc_ex.o(i.HAL_RTCEx_EnableBypassShadow), (56 bytes).
    Removing stm32l1xx_hal_rtc_ex.o(i.HAL_RTCEx_GetTimeStamp), (152 bytes).
    Removing stm32l1xx_hal_rtc_ex.o(i.HAL_RTCEx_GetWakeUpTimer), (8 bytes).
    Removing stm32l1xx_hal_rtc_ex.o(i.HAL_RTCEx_PollForAlarmBEvent), (66 bytes).
    Removing stm32l1xx_hal_rtc_ex.o(i.HAL_RTCEx_PollForTamper1Event), (66 bytes).
    Removing stm32l1xx_hal_rtc_ex.o(i.HAL_RTCEx_PollForTamper2Event), (66 bytes).
    Removing stm32l1xx_hal_rtc_ex.o(i.HAL_RTCEx_PollForTamper3Event), (68 bytes).
    Removing stm32l1xx_hal_rtc_ex.o(i.HAL_RTCEx_PollForTimeStampEvent), (78 bytes).
    Removing stm32l1xx_hal_rtc_ex.o(i.HAL_RTCEx_PollForWakeUpTimerEvent), (66 bytes).
    Removing stm32l1xx_hal_rtc_ex.o(i.HAL_RTCEx_SetCalibrationOutPut), (76 bytes).
    Removing stm32l1xx_hal_rtc_ex.o(i.HAL_RTCEx_SetCoarseCalib), (110 bytes).
    Removing stm32l1xx_hal_rtc_ex.o(i.HAL_RTCEx_SetRefClock), (96 bytes).
    Removing stm32l1xx_hal_rtc_ex.o(i.HAL_RTCEx_SetSmoothCalib), (130 bytes).
    Removing stm32l1xx_hal_rtc_ex.o(i.HAL_RTCEx_SetSynchroShift), (146 bytes).
    Removing stm32l1xx_hal_rtc_ex.o(i.HAL_RTCEx_SetTamper), (94 bytes).
    Removing stm32l1xx_hal_rtc_ex.o(i.HAL_RTCEx_SetTamper_IT), (128 bytes).
    Removing stm32l1xx_hal_rtc_ex.o(i.HAL_RTCEx_SetTimeStamp), (72 bytes).
    Removing stm32l1xx_hal_rtc_ex.o(i.HAL_RTCEx_SetTimeStamp_IT), (108 bytes).
    Removing stm32l1xx_hal_rtc_ex.o(i.HAL_RTCEx_SetWakeUpTimer), (154 bytes).
    Removing stm32l1xx_hal_rtc_ex.o(i.HAL_RTCEx_SetWakeUpTimer_IT), (192 bytes).
    Removing stm32l1xx_hal_rtc_ex.o(i.HAL_RTCEx_Tamper1EventCallback), (2 bytes).
    Removing stm32l1xx_hal_rtc_ex.o(i.HAL_RTCEx_Tamper2EventCallback), (2 bytes).
    Removing stm32l1xx_hal_rtc_ex.o(i.HAL_RTCEx_Tamper3EventCallback), (2 bytes).
    Removing stm32l1xx_hal_rtc_ex.o(i.HAL_RTCEx_TamperTimeStampIRQHandler), (160 bytes).
    Removing stm32l1xx_hal_rtc_ex.o(i.HAL_RTCEx_TimeStampEventCallback), (2 bytes).
    Removing stm32l1xx_hal_rtc_ex.o(i.HAL_RTCEx_WakeUpTimerEventCallback), (2 bytes).
    Removing stm32l1xx_hal_rtc_ex.o(i.HAL_RTCEx_WakeUpTimerIRQHandler), (56 bytes).
    Removing stm32l1xx_hal_rtc_ex.o(i.HAL_RTC_DeInit), (204 bytes).
    Removing stm32l1xx_hal_rtc_ex.o(i.HAL_RTC_GetAlarm), (126 bytes).
    Removing stm32l1xx_hal_rtc_ex.o(i.HAL_RTC_GetTime), (80 bytes).
    Removing stm32l1xx_hal_rtc_ex.o(i.HAL_RTC_SetAlarm), (352 bytes).
    Removing stm32l1xx_hal_rtc_ex.o(i.HAL_RTC_SetAlarm_IT), (408 bytes).
    Removing stm32l1xx_hal_rtc_ex.o(i.HAL_RTC_WaitForSynchro), (58 bytes).
    Removing stm32l1xx_hal_sd.o(.rev16_text), (4 bytes).
    Removing stm32l1xx_hal_sd.o(.revsh_text), (4 bytes).
    Removing stm32l1xx_hal_smartcard.o(.rev16_text), (4 bytes).
    Removing stm32l1xx_hal_smartcard.o(.revsh_text), (4 bytes).
    Removing stm32l1xx_hal_smartcard.o(i.HAL_SMARTCARD_DeInit), (48 bytes).
    Removing stm32l1xx_hal_smartcard.o(i.HAL_SMARTCARD_ErrorCallback), (2 bytes).
    Removing stm32l1xx_hal_smartcard.o(i.HAL_SMARTCARD_GetError), (6 bytes).
    Removing stm32l1xx_hal_smartcard.o(i.HAL_SMARTCARD_GetState), (6 bytes).
    Removing stm32l1xx_hal_smartcard.o(i.HAL_SMARTCARD_IRQHandler), (276 bytes).
    Removing stm32l1xx_hal_smartcard.o(i.HAL_SMARTCARD_Init), (156 bytes).
    Removing stm32l1xx_hal_smartcard.o(i.HAL_SMARTCARD_MspDeInit), (2 bytes).
    Removing stm32l1xx_hal_smartcard.o(i.HAL_SMARTCARD_MspInit), (2 bytes).
    Removing stm32l1xx_hal_smartcard.o(i.HAL_SMARTCARD_Receive), (204 bytes).
    Removing stm32l1xx_hal_smartcard.o(i.HAL_SMARTCARD_Receive_DMA), (128 bytes).
    Removing stm32l1xx_hal_smartcard.o(i.HAL_SMARTCARD_Receive_IT), (106 bytes).
    Removing stm32l1xx_hal_smartcard.o(i.HAL_SMARTCARD_RxCpltCallback), (2 bytes).
    Removing stm32l1xx_hal_smartcard.o(i.HAL_SMARTCARD_Transmit), (204 bytes).
    Removing stm32l1xx_hal_smartcard.o(i.HAL_SMARTCARD_Transmit_DMA), (124 bytes).
    Removing stm32l1xx_hal_smartcard.o(i.HAL_SMARTCARD_Transmit_IT), (106 bytes).
    Removing stm32l1xx_hal_smartcard.o(i.HAL_SMARTCARD_TxCpltCallback), (2 bytes).
    Removing stm32l1xx_hal_smartcard.o(i.SMARTCARD_DMAError), (28 bytes).
    Removing stm32l1xx_hal_smartcard.o(i.SMARTCARD_DMAReceiveCplt), (42 bytes).
    Removing stm32l1xx_hal_smartcard.o(i.SMARTCARD_DMATransmitCplt), (76 bytes).
    Removing stm32l1xx_hal_smartcard.o(i.SMARTCARD_Receive_IT), (168 bytes).
    Removing stm32l1xx_hal_smartcard.o(i.SMARTCARD_SetConfig), (256 bytes).
    Removing stm32l1xx_hal_smartcard.o(i.SMARTCARD_Transmit_IT), (102 bytes).
    Removing stm32l1xx_hal_smartcard.o(i.SMARTCARD_WaitOnFlagUntilTimeout), (126 bytes).
    Removing stm32l1xx_hal_spi.o(.rev16_text), (4 bytes).
    Removing stm32l1xx_hal_spi.o(.revsh_text), (4 bytes).
    Removing stm32l1xx_hal_spi.o(i.HAL_SPI_DMAPause), (48 bytes).
    Removing stm32l1xx_hal_spi.o(i.HAL_SPI_DMAResume), (48 bytes).
    Removing stm32l1xx_hal_spi.o(i.HAL_SPI_DMAStop), (50 bytes).
    Removing stm32l1xx_hal_spi.o(i.HAL_SPI_DeInit), (42 bytes).
    Removing stm32l1xx_hal_spi.o(i.HAL_SPI_ErrorCallback), (2 bytes).
    Removing stm32l1xx_hal_spi.o(i.HAL_SPI_GetError), (6 bytes).
    Removing stm32l1xx_hal_spi.o(i.HAL_SPI_GetState), (6 bytes).
    Removing stm32l1xx_hal_spi.o(i.HAL_SPI_IRQHandler), (206 bytes).
    Removing stm32l1xx_hal_spi.o(i.HAL_SPI_Init), (4 bytes).
    Removing stm32l1xx_hal_spi.o(i.HAL_SPI_MspDeInit), (2 bytes).
    Removing stm32l1xx_hal_spi.o(i.HAL_SPI_MspInit), (2 bytes).
    Removing stm32l1xx_hal_spi.o(i.HAL_SPI_Receive), (476 bytes).
    Removing stm32l1xx_hal_spi.o(i.HAL_SPI_Receive_DMA), (224 bytes).
    Removing stm32l1xx_hal_spi.o(i.HAL_SPI_Receive_IT), (184 bytes).
    Removing stm32l1xx_hal_spi.o(i.HAL_SPI_RxCpltCallback), (2 bytes).
    Removing stm32l1xx_hal_spi.o(i.HAL_SPI_RxHalfCpltCallback), (2 bytes).
    Removing stm32l1xx_hal_spi.o(i.HAL_SPI_TransmitReceive), (696 bytes).
    Removing stm32l1xx_hal_spi.o(i.HAL_SPI_TransmitReceive_DMA), (276 bytes).
    Removing stm32l1xx_hal_spi.o(i.HAL_SPI_TransmitReceive_IT), (176 bytes).
    Removing stm32l1xx_hal_spi.o(i.HAL_SPI_Transmit_DMA), (192 bytes).
    Removing stm32l1xx_hal_spi.o(i.HAL_SPI_Transmit_IT), (164 bytes).
    Removing stm32l1xx_hal_spi.o(i.HAL_SPI_TxCpltCallback), (2 bytes).
    Removing stm32l1xx_hal_spi.o(i.HAL_SPI_TxHalfCpltCallback), (2 bytes).
    Removing stm32l1xx_hal_spi.o(i.HAL_SPI_TxRxCpltCallback), (2 bytes).
    Removing stm32l1xx_hal_spi.o(i.HAL_SPI_TxRxHalfCpltCallback), (2 bytes).
    Removing stm32l1xx_hal_spi.o(i.SPI_2LinesRxISR), (44 bytes).
    Removing stm32l1xx_hal_spi.o(i.SPI_DMAError), (34 bytes).
    Removing stm32l1xx_hal_spi.o(i.SPI_DMAHalfReceiveCplt), (10 bytes).
    Removing stm32l1xx_hal_spi.o(i.SPI_DMAHalfTransmitCplt), (10 bytes).
    Removing stm32l1xx_hal_spi.o(i.SPI_DMAHalfTransmitReceiveCplt), (10 bytes).
    Removing stm32l1xx_hal_spi.o(i.SPI_DMAReceiveCplt), (196 bytes).
    Removing stm32l1xx_hal_spi.o(i.SPI_DMATransmitCplt), (116 bytes).
    Removing stm32l1xx_hal_spi.o(i.SPI_DMATransmitReceiveCplt), (204 bytes).
    Removing stm32l1xx_hal_spi.o(i.SPI_RxCloseIRQHandler), (224 bytes).
    Removing stm32l1xx_hal_spi.o(i.SPI_RxISR), (70 bytes).
    Removing stm32l1xx_hal_spi.o(i.SPI_TxCloseIRQHandler), (138 bytes).
    Removing stm32l1xx_hal_spi.o(i.SPI_TxISR), (66 bytes).
    Removing stm32l1xx_hal_spi_ex.o(.rev16_text), (4 bytes).
    Removing stm32l1xx_hal_spi_ex.o(.revsh_text), (4 bytes).
    Removing stm32l1xx_hal_sram.o(.rev16_text), (4 bytes).
    Removing stm32l1xx_hal_sram.o(.revsh_text), (4 bytes).
    Removing stm32l1xx_hal_tim.o(.rev16_text), (4 bytes).
    Removing stm32l1xx_hal_tim.o(.revsh_text), (4 bytes).
    Removing stm32l1xx_hal_tim.o(i.HAL_TIM_Base_DeInit), (48 bytes).
    Removing stm32l1xx_hal_tim.o(i.HAL_TIM_Base_GetState), (6 bytes).
    Removing stm32l1xx_hal_tim.o(i.HAL_TIM_Base_Init), (48 bytes).
    Removing stm32l1xx_hal_tim.o(i.HAL_TIM_Base_MspDeInit), (2 bytes).
    Removing stm32l1xx_hal_tim.o(i.HAL_TIM_Base_MspInit), (2 bytes).
    Removing stm32l1xx_hal_tim.o(i.HAL_TIM_Base_Start), (26 bytes).
    Removing stm32l1xx_hal_tim.o(i.HAL_TIM_Base_Start_DMA), (92 bytes).
    Removing stm32l1xx_hal_tim.o(i.HAL_TIM_Base_Start_IT), (24 bytes).
    Removing stm32l1xx_hal_tim.o(i.HAL_TIM_Base_Stop), (36 bytes).
    Removing stm32l1xx_hal_tim.o(i.HAL_TIM_Base_Stop_DMA), (40 bytes).
    Removing stm32l1xx_hal_tim.o(i.HAL_TIM_Base_Stop_IT), (34 bytes).
    Removing stm32l1xx_hal_tim.o(i.HAL_TIM_ConfigClockSource), (242 bytes).
    Removing stm32l1xx_hal_tim.o(i.HAL_TIM_ConfigOCrefClear), (220 bytes).
    Removing stm32l1xx_hal_tim.o(i.HAL_TIM_ConfigTI1Input), (16 bytes).
    Removing stm32l1xx_hal_tim.o(i.HAL_TIM_DMABurst_ReadStart), (236 bytes).
    Removing stm32l1xx_hal_tim.o(i.HAL_TIM_DMABurst_ReadStop), (86 bytes).
    Removing stm32l1xx_hal_tim.o(i.HAL_TIM_DMABurst_WriteStart), (236 bytes).
    Removing stm32l1xx_hal_tim.o(i.HAL_TIM_DMABurst_WriteStop), (86 bytes).
    Removing stm32l1xx_hal_tim.o(i.HAL_TIM_Encoder_DeInit), (48 bytes).
    Removing stm32l1xx_hal_tim.o(i.HAL_TIM_Encoder_GetState), (6 bytes).
    Removing stm32l1xx_hal_tim.o(i.HAL_TIM_Encoder_Init), (144 bytes).
    Removing stm32l1xx_hal_tim.o(i.HAL_TIM_Encoder_MspDeInit), (2 bytes).
    Removing stm32l1xx_hal_tim.o(i.HAL_TIM_Encoder_MspInit), (2 bytes).
    Removing stm32l1xx_hal_tim.o(i.HAL_TIM_Encoder_Start), (52 bytes).
    Removing stm32l1xx_hal_tim.o(i.HAL_TIM_Encoder_Start_DMA), (272 bytes).
    Removing stm32l1xx_hal_tim.o(i.HAL_TIM_Encoder_Start_IT), (92 bytes).
    Removing stm32l1xx_hal_tim.o(i.HAL_TIM_Encoder_Stop), (62 bytes).
    Removing stm32l1xx_hal_tim.o(i.HAL_TIM_Encoder_Stop_DMA), (108 bytes).
    Removing stm32l1xx_hal_tim.o(i.HAL_TIM_Encoder_Stop_IT), (108 bytes).
    Removing stm32l1xx_hal_tim.o(i.HAL_TIM_ErrorCallback), (2 bytes).
    Removing stm32l1xx_hal_tim.o(i.HAL_TIM_GenerateEvent), (38 bytes).
    Removing stm32l1xx_hal_tim.o(i.HAL_TIM_IC_CaptureCallback), (2 bytes).
    Removing stm32l1xx_hal_tim.o(i.HAL_TIM_IC_ConfigChannel), (266 bytes).
    Removing stm32l1xx_hal_tim.o(i.HAL_TIM_IC_DeInit), (48 bytes).
    Removing stm32l1xx_hal_tim.o(i.HAL_TIM_IC_GetState), (6 bytes).
    Removing stm32l1xx_hal_tim.o(i.HAL_TIM_IC_Init), (48 bytes).
    Removing stm32l1xx_hal_tim.o(i.HAL_TIM_IC_MspDeInit), (2 bytes).
    Removing stm32l1xx_hal_tim.o(i.HAL_TIM_IC_MspInit), (2 bytes).
    Removing stm32l1xx_hal_tim.o(i.HAL_TIM_IC_Start), (26 bytes).
    Removing stm32l1xx_hal_tim.o(i.HAL_TIM_IC_Start_DMA), (200 bytes).
    Removing stm32l1xx_hal_tim.o(i.HAL_TIM_IC_Start_IT), (76 bytes).
    Removing stm32l1xx_hal_tim.o(i.HAL_TIM_IC_Stop), (36 bytes).
    Removing stm32l1xx_hal_tim.o(i.HAL_TIM_IC_Stop_DMA), (92 bytes).
    Removing stm32l1xx_hal_tim.o(i.HAL_TIM_IC_Stop_IT), (86 bytes).
    Removing stm32l1xx_hal_tim.o(i.HAL_TIM_IRQHandler), (294 bytes).
    Removing stm32l1xx_hal_tim.o(i.HAL_TIM_OC_ConfigChannel), (86 bytes).
    Removing stm32l1xx_hal_tim.o(i.HAL_TIM_OC_DeInit), (48 bytes).
    Removing stm32l1xx_hal_tim.o(i.HAL_TIM_OC_DelayElapsedCallback), (2 bytes).
    Removing stm32l1xx_hal_tim.o(i.HAL_TIM_OC_GetState), (6 bytes).
    Removing stm32l1xx_hal_tim.o(i.HAL_TIM_OC_Init), (48 bytes).
    Removing stm32l1xx_hal_tim.o(i.HAL_TIM_OC_MspDeInit), (2 bytes).
    Removing stm32l1xx_hal_tim.o(i.HAL_TIM_OC_MspInit), (2 bytes).
    Removing stm32l1xx_hal_tim.o(i.HAL_TIM_OC_Start), (26 bytes).
    Removing stm32l1xx_hal_tim.o(i.HAL_TIM_OC_Start_DMA), (212 bytes).
    Removing stm32l1xx_hal_tim.o(i.HAL_TIM_OC_Start_IT), (76 bytes).
    Removing stm32l1xx_hal_tim.o(i.HAL_TIM_OC_Stop), (36 bytes).
    Removing stm32l1xx_hal_tim.o(i.HAL_TIM_OC_Stop_DMA), (92 bytes).
    Removing stm32l1xx_hal_tim.o(i.HAL_TIM_OC_Stop_IT), (86 bytes).
    Removing stm32l1xx_hal_tim.o(i.HAL_TIM_OnePulse_ConfigChannel), (210 bytes).
    Removing stm32l1xx_hal_tim.o(i.HAL_TIM_OnePulse_DeInit), (48 bytes).
    Removing stm32l1xx_hal_tim.o(i.HAL_TIM_OnePulse_GetState), (6 bytes).
    Removing stm32l1xx_hal_tim.o(i.HAL_TIM_OnePulse_Init), (68 bytes).
    Removing stm32l1xx_hal_tim.o(i.HAL_TIM_OnePulse_MspDeInit), (2 bytes).
    Removing stm32l1xx_hal_tim.o(i.HAL_TIM_OnePulse_MspInit), (2 bytes).
    Removing stm32l1xx_hal_tim.o(i.HAL_TIM_OnePulse_Start), (28 bytes).
    Removing stm32l1xx_hal_tim.o(i.HAL_TIM_OnePulse_Start_IT), (48 bytes).
    Removing stm32l1xx_hal_tim.o(i.HAL_TIM_OnePulse_Stop), (48 bytes).
    Removing stm32l1xx_hal_tim.o(i.HAL_TIM_OnePulse_Stop_IT), (68 bytes).
    Removing stm32l1xx_hal_tim.o(i.HAL_TIM_PWM_ConfigChannel), (208 bytes).
    Removing stm32l1xx_hal_tim.o(i.HAL_TIM_PWM_DeInit), (48 bytes).
    Removing stm32l1xx_hal_tim.o(i.HAL_TIM_PWM_GetState), (6 bytes).
    Removing stm32l1xx_hal_tim.o(i.HAL_TIM_PWM_Init), (48 bytes).
    Removing stm32l1xx_hal_tim.o(i.HAL_TIM_PWM_MspDeInit), (2 bytes).
    Removing stm32l1xx_hal_tim.o(i.HAL_TIM_PWM_MspInit), (2 bytes).
    Removing stm32l1xx_hal_tim.o(i.HAL_TIM_PWM_PulseFinishedCallback), (2 bytes).
    Removing stm32l1xx_hal_tim.o(i.HAL_TIM_PWM_Start), (26 bytes).
    Removing stm32l1xx_hal_tim.o(i.HAL_TIM_PWM_Start_DMA), (212 bytes).
    Removing stm32l1xx_hal_tim.o(i.HAL_TIM_PWM_Start_IT), (76 bytes).
    Removing stm32l1xx_hal_tim.o(i.HAL_TIM_PWM_Stop), (42 bytes).
    Removing stm32l1xx_hal_tim.o(i.HAL_TIM_PWM_Stop_DMA), (92 bytes).
    Removing stm32l1xx_hal_tim.o(i.HAL_TIM_PWM_Stop_IT), (86 bytes).
    Removing stm32l1xx_hal_tim.o(i.HAL_TIM_PeriodElapsedCallback), (2 bytes).
    Removing stm32l1xx_hal_tim.o(i.HAL_TIM_ReadCapturedValue), (68 bytes).
    Removing stm32l1xx_hal_tim.o(i.HAL_TIM_SlaveConfigSynchronization), (160 bytes).
    Removing stm32l1xx_hal_tim.o(i.HAL_TIM_TriggerCallback), (2 bytes).
    Removing stm32l1xx_hal_tim.o(i.TIM_Base_SetConfig), (124 bytes).
    Removing stm32l1xx_hal_tim.o(i.TIM_CCxChannelCmd), (24 bytes).
    Removing stm32l1xx_hal_tim.o(i.TIM_DMACaptureCplt), (62 bytes).
    Removing stm32l1xx_hal_tim.o(i.TIM_DMADelayPulseCplt), (62 bytes).
    Removing stm32l1xx_hal_tim.o(i.TIM_DMAError), (16 bytes).
    Removing stm32l1xx_hal_tim.o(i.TIM_DMAPeriodElapsedCplt), (16 bytes).
    Removing stm32l1xx_hal_tim.o(i.TIM_DMATriggerCplt), (16 bytes).
    Removing stm32l1xx_hal_tim.o(i.TIM_ETR_SetConfig), (20 bytes).
    Removing stm32l1xx_hal_tim.o(i.TIM_ITRx_SetConfig), (16 bytes).
    Removing stm32l1xx_hal_tim.o(i.TIM_OC1_SetConfig), (44 bytes).
    Removing stm32l1xx_hal_tim.o(i.TIM_OC2_SetConfig), (48 bytes).
    Removing stm32l1xx_hal_tim.o(i.TIM_OC3_SetConfig), (46 bytes).
    Removing stm32l1xx_hal_tim.o(i.TIM_OC4_SetConfig), (48 bytes).
    Removing stm32l1xx_hal_tim.o(i.TIM_TI1_ConfigInputStage), (34 bytes).
    Removing stm32l1xx_hal_tim.o(i.TIM_TI1_SetConfig), (92 bytes).
    Removing stm32l1xx_hal_tim.o(i.TIM_TI2_ConfigInputStage), (36 bytes).
    Removing stm32l1xx_hal_tim.o(i.TIM_TI2_SetConfig), (44 bytes).
    Removing stm32l1xx_hal_tim_ex.o(.rev16_text), (4 bytes).
    Removing stm32l1xx_hal_tim_ex.o(.revsh_text), (4 bytes).
    Removing stm32l1xx_hal_tim_ex.o(i.HAL_TIMEx_MasterConfigSynchronization), (80 bytes).
    Removing stm32l1xx_hal_tim_ex.o(i.HAL_TIMEx_RemapConfig), (34 bytes).
    Removing stm32l1xx_hal_uart.o(.rev16_text), (4 bytes).
    Removing stm32l1xx_hal_uart.o(.revsh_text), (4 bytes).
    Removing stm32l1xx_hal_uart.o(i.HAL_HalfDuplex_EnableReceiver), (48 bytes).
    Removing stm32l1xx_hal_uart.o(i.HAL_HalfDuplex_EnableTransmitter), (48 bytes).
    Removing stm32l1xx_hal_uart.o(i.HAL_HalfDuplex_Init), (102 bytes).
    Removing stm32l1xx_hal_uart.o(i.HAL_LIN_Init), (124 bytes).
    Removing stm32l1xx_hal_uart.o(i.HAL_LIN_SendBreak), (44 bytes).
    Removing stm32l1xx_hal_uart.o(i.HAL_MultiProcessor_EnterMuteMode), (44 bytes).
    Removing stm32l1xx_hal_uart.o(i.HAL_MultiProcessor_ExitMuteMode), (44 bytes).
    Removing stm32l1xx_hal_uart.o(i.HAL_MultiProcessor_Init), (120 bytes).
    Removing stm32l1xx_hal_uart.o(i.HAL_UART_DMAPause), (92 bytes).
    Removing stm32l1xx_hal_uart.o(i.HAL_UART_DMAResume), (102 bytes).
    Removing stm32l1xx_hal_uart.o(i.HAL_UART_DMAStop), (50 bytes).
    Removing stm32l1xx_hal_uart.o(i.HAL_UART_DeInit), (48 bytes).
    Removing stm32l1xx_hal_uart.o(i.HAL_UART_ErrorCallback), (2 bytes).
    Removing stm32l1xx_hal_uart.o(i.HAL_UART_GetError), (6 bytes).
    Removing stm32l1xx_hal_uart.o(i.HAL_UART_GetState), (6 bytes).
    Removing stm32l1xx_hal_uart.o(i.HAL_UART_IRQHandler), (276 bytes).
    Removing stm32l1xx_hal_uart.o(i.HAL_UART_Init), (92 bytes).
    Removing stm32l1xx_hal_uart.o(i.HAL_UART_MspDeInit), (2 bytes).
    Removing stm32l1xx_hal_uart.o(i.HAL_UART_MspInit), (2 bytes).
    Removing stm32l1xx_hal_uart.o(i.HAL_UART_Receive), (204 bytes).
    Removing stm32l1xx_hal_uart.o(i.HAL_UART_Receive_DMA), (140 bytes).
    Removing stm32l1xx_hal_uart.o(i.HAL_UART_Receive_IT), (106 bytes).
    Removing stm32l1xx_hal_uart.o(i.HAL_UART_RxCpltCallback), (2 bytes).
    Removing stm32l1xx_hal_uart.o(i.HAL_UART_RxHalfCpltCallback), (2 bytes).
    Removing stm32l1xx_hal_uart.o(i.HAL_UART_Transmit), (204 bytes).
    Removing stm32l1xx_hal_uart.o(i.HAL_UART_Transmit_DMA), (132 bytes).
    Removing stm32l1xx_hal_uart.o(i.HAL_UART_Transmit_IT), (106 bytes).
    Removing stm32l1xx_hal_uart.o(i.HAL_UART_TxCpltCallback), (2 bytes).
    Removing stm32l1xx_hal_uart.o(i.HAL_UART_TxHalfCpltCallback), (2 bytes).
    Removing stm32l1xx_hal_uart.o(i.UART_DMAError), (34 bytes).
    Removing stm32l1xx_hal_uart.o(i.UART_DMAReceiveCplt), (54 bytes).
    Removing stm32l1xx_hal_uart.o(i.UART_DMARxHalfCplt), (10 bytes).
    Removing stm32l1xx_hal_uart.o(i.UART_DMATransmitCplt), (84 bytes).
    Removing stm32l1xx_hal_uart.o(i.UART_DMATxHalfCplt), (10 bytes).
    Removing stm32l1xx_hal_uart.o(i.UART_Receive_IT), (168 bytes).
    Removing stm32l1xx_hal_uart.o(i.UART_SetConfig), (360 bytes).
    Removing stm32l1xx_hal_uart.o(i.UART_Transmit_IT), (102 bytes).
    Removing stm32l1xx_hal_uart.o(i.UART_WaitOnFlagUntilTimeout), (146 bytes).
    Removing stm32l1xx_hal_usart.o(.rev16_text), (4 bytes).
    Removing stm32l1xx_hal_usart.o(.revsh_text), (4 bytes).
    Removing stm32l1xx_hal_usart.o(i.HAL_USART_DMAPause), (38 bytes).
    Removing stm32l1xx_hal_usart.o(i.HAL_USART_DMAResume), (38 bytes).
    Removing stm32l1xx_hal_usart.o(i.HAL_USART_DMAStop), (50 bytes).
    Removing stm32l1xx_hal_usart.o(i.HAL_USART_DeInit), (48 bytes).
    Removing stm32l1xx_hal_usart.o(i.HAL_USART_ErrorCallback), (2 bytes).
    Removing stm32l1xx_hal_usart.o(i.HAL_USART_GetError), (6 bytes).
    Removing stm32l1xx_hal_usart.o(i.HAL_USART_GetState), (6 bytes).
    Removing stm32l1xx_hal_usart.o(i.HAL_USART_IRQHandler), (280 bytes).
    Removing stm32l1xx_hal_usart.o(i.HAL_USART_Init), (82 bytes).
    Removing stm32l1xx_hal_usart.o(i.HAL_USART_MspDeInit), (2 bytes).
    Removing stm32l1xx_hal_usart.o(i.HAL_USART_MspInit), (2 bytes).
    Removing stm32l1xx_hal_usart.o(i.HAL_USART_Receive), (212 bytes).
    Removing stm32l1xx_hal_usart.o(i.HAL_USART_Receive_DMA), (160 bytes).
    Removing stm32l1xx_hal_usart.o(i.HAL_USART_Receive_IT), (98 bytes).
    Removing stm32l1xx_hal_usart.o(i.HAL_USART_RxCpltCallback), (2 bytes).
    Removing stm32l1xx_hal_usart.o(i.HAL_USART_RxHalfCpltCallback), (2 bytes).
    Removing stm32l1xx_hal_usart.o(i.HAL_USART_Transmit), (170 bytes).
    Removing stm32l1xx_hal_usart.o(i.HAL_USART_TransmitReceive), (246 bytes).
    Removing stm32l1xx_hal_usart.o(i.HAL_USART_TransmitReceive_DMA), (188 bytes).
    Removing stm32l1xx_hal_usart.o(i.HAL_USART_TransmitReceive_IT), (110 bytes).
    Removing stm32l1xx_hal_usart.o(i.HAL_USART_Transmit_DMA), (124 bytes).
    Removing stm32l1xx_hal_usart.o(i.HAL_USART_Transmit_IT), (62 bytes).
    Removing stm32l1xx_hal_usart.o(i.HAL_USART_TxCpltCallback), (2 bytes).
    Removing stm32l1xx_hal_usart.o(i.HAL_USART_TxHalfCpltCallback), (2 bytes).
    Removing stm32l1xx_hal_usart.o(i.HAL_USART_TxRxCpltCallback), (2 bytes).
    Removing stm32l1xx_hal_usart.o(i.USART_DMAError), (34 bytes).
    Removing stm32l1xx_hal_usart.o(i.USART_DMAReceiveCplt), (88 bytes).
    Removing stm32l1xx_hal_usart.o(i.USART_DMARxHalfCplt), (10 bytes).
    Removing stm32l1xx_hal_usart.o(i.USART_DMATransmitCplt), (88 bytes).
    Removing stm32l1xx_hal_usart.o(i.USART_DMATxHalfCplt), (10 bytes).
    Removing stm32l1xx_hal_usart.o(i.USART_Receive_IT), (176 bytes).
    Removing stm32l1xx_hal_usart.o(i.USART_SetConfig), (248 bytes).
    Removing stm32l1xx_hal_usart.o(i.USART_TransmitReceive_IT), (232 bytes).
    Removing stm32l1xx_hal_usart.o(i.USART_Transmit_IT), (98 bytes).
    Removing stm32l1xx_hal_usart.o(i.USART_WaitOnFlagUntilTimeout), (146 bytes).
    Removing stm32l1xx_hal_wwdg.o(.rev16_text), (4 bytes).
    Removing stm32l1xx_hal_wwdg.o(.revsh_text), (4 bytes).
    Removing stm32l1xx_hal_wwdg.o(i.HAL_WWDG_DeInit), (36 bytes).
    Removing stm32l1xx_hal_wwdg.o(i.HAL_WWDG_GetState), (4 bytes).
    Removing stm32l1xx_hal_wwdg.o(i.HAL_WWDG_IRQHandler), (36 bytes).
    Removing stm32l1xx_hal_wwdg.o(i.HAL_WWDG_Init), (66 bytes).
    Removing stm32l1xx_hal_wwdg.o(i.HAL_WWDG_MspDeInit), (2 bytes).
    Removing stm32l1xx_hal_wwdg.o(i.HAL_WWDG_MspInit), (2 bytes).
    Removing stm32l1xx_hal_wwdg.o(i.HAL_WWDG_Refresh), (42 bytes).
    Removing stm32l1xx_hal_wwdg.o(i.HAL_WWDG_Start), (38 bytes).
    Removing stm32l1xx_hal_wwdg.o(i.HAL_WWDG_Start_IT), (48 bytes).
    Removing stm32l1xx_hal_wwdg.o(i.HAL_WWDG_WakeupCallback), (2 bytes).
    Removing stm32l1xx_ll_fsmc.o(.rev16_text), (4 bytes).
    Removing stm32l1xx_ll_fsmc.o(.revsh_text), (4 bytes).
    Removing stm32l1xx_ll_sdmmc.o(.rev16_text), (4 bytes).
    Removing stm32l1xx_ll_sdmmc.o(.revsh_text), (4 bytes).
    Removing system_stm32l1xx.o(.rev16_text), (4 bytes).
    Removing system_stm32l1xx.o(.revsh_text), (4 bytes).
    Removing system_stm32l1xx.o(i.SystemCoreClockUpdate), (140 bytes).
    Removing startup_stm32l152xe.o(HEAP), (512 bytes).
    Removing main.o(.rev16_text), (4 bytes).
    Removing main.o(.revsh_text), (4 bytes).
    Removing stm32l1xx_hal_msp.o(.rev16_text), (4 bytes).
    Removing stm32l1xx_hal_msp.o(.revsh_text), (4 bytes).
    Removing stm32l1xx_hal_msp.o(i.HAL_MspDeInit), (2 bytes).
    Removing stm32l1xx_hal_msp.o(i.HAL_SPI_MspDeInit), (60 bytes).
    Removing stm32l1xx_it.o(.rev16_text), (4 bytes).
    Removing stm32l1xx_it.o(.revsh_text), (4 bytes).
    Removing glcd.o(.rev16_text), (4 bytes).
    Removing glcd.o(.revsh_text), (4 bytes).
    Removing glcd.o(i.glcd_bbox_refresh), (24 bytes).
    Removing glcd.o(i.glcd_bbox_reset), (4 bytes).
    Removing glcd.o(i.glcd_clear_buffer), (36 bytes).
    Removing glcd.o(i.glcd_scroll), (22 bytes).
    Removing glcd.o(i.glcd_scroll_line), (100 bytes).
    Removing graphics.o(.rev16_text), (4 bytes).
    Removing graphics.o(.revsh_text), (4 bytes).
    Removing graphics.o(i.glcd_draw_bitmap), (28 bytes).
    Removing graphics.o(i.glcd_draw_line), (174 bytes).
    Removing graphics.o(i.glcd_draw_rect), (112 bytes).
    Removing graphics.o(i.glcd_draw_rect_shadow), (64 bytes).
    Removing graphics.o(i.glcd_draw_rect_thick), (164 bytes).
    Removing graphics.o(i.glcd_fill_circle), (250 bytes).
    Removing graphics.o(i.glcd_fill_rect), (70 bytes).
    Removing graphics.o(i.glcd_get_pixel), (52 bytes).
    Removing graphics.o(i.glcd_invert_area), (46 bytes).
    Removing graphics.o(i.glcd_invert_pixel), (60 bytes).
    Removing graphs.o(.rev16_text), (4 bytes).
    Removing graphs.o(.revsh_text), (4 bytes).
    Removing graphs.o(i.glcd_bar_graph_horizontal), (66 bytes).
    Removing graphs.o(i.glcd_bar_graph_horizontal_no_border), (42 bytes).
    Removing graphs.o(i.glcd_bar_graph_vertical), (86 bytes).
    Removing graphs.o(i.glcd_bar_graph_vertical_no_border), (70 bytes).
    Removing graphs.o(i.glcd_map), (16 bytes).
    Removing graphs.o(i.glcd_scrolling_bar_graph), (176 bytes).
    Removing graphs.o(i.glcd_scrolling_bar_graph_timing), (68 bytes).
    Removing text.o(.rev16_text), (4 bytes).
    Removing text.o(.revsh_text), (4 bytes).
    Removing text.o(i.glcd_draw_char_xy), (476 bytes).
    Removing text.o(i.glcd_draw_string_xy), (52 bytes).
    Removing text.o(i.glcd_draw_string_xy_P), (52 bytes).
    Removing text.o(i.glcd_font), (28 bytes).
    Removing text.o(i.glcd_set_font), (28 bytes).
    Removing text.o(.bss), (12 bytes).
    Removing text_tiny.o(.rev16_text), (4 bytes).
    Removing text_tiny.o(.revsh_text), (4 bytes).
    Removing text_tiny.o(i.glcd_tiny_draw_char), (136 bytes).
    Removing text_tiny.o(i.glcd_tiny_draw_char_xy), (176 bytes).
    Removing text_tiny.o(i.glcd_tiny_draw_string), (80 bytes).
    Removing text_tiny.o(i.glcd_tiny_draw_string_P), (84 bytes).
    Removing text_tiny.o(i.glcd_tiny_draw_string_ammend), (26 bytes).
    Removing text_tiny.o(i.glcd_tiny_draw_string_ammend_P), (26 bytes).
    Removing text_tiny.o(i.glcd_tiny_invert_line), (14 bytes).
    Removing text_tiny.o(i.glcd_tiny_set_font), (28 bytes).
    Removing unit_tests.o(.rev16_text), (4 bytes).
    Removing unit_tests.o(.revsh_text), (4 bytes).
    Removing unit_tests.o(i.glcd_test_bitmap_128x64), (36 bytes).
    Removing unit_tests.o(i.glcd_test_circles), (156 bytes).
    Removing unit_tests.o(i.glcd_test_counter_and_graph), (120 bytes).
    Removing unit_tests.o(i.glcd_test_glcdutils), (92 bytes).
    Removing unit_tests.o(i.glcd_test_hello_world), (76 bytes).
    Removing unit_tests.o(i.glcd_test_rectangles), (384 bytes).
    Removing unit_tests.o(i.glcd_test_scrolling_graph), (148 bytes).
    Removing unit_tests.o(i.glcd_test_text_up_down), (140 bytes).
    Removing unit_tests.o(i.glcd_test_tiny_text), (100 bytes).
    Removing unit_tests.o(.constdata), (2416 bytes).
    Removing unit_tests.o(.data), (1 bytes).
    Removing pcd8544.o(.rev16_text), (4 bytes).
    Removing pcd8544.o(.revsh_text), (4 bytes).
    Removing pcd8544.o(i.glcd_PCD8544_init), (40 bytes).
    Removing pcd8544.o(i.glcd_power_down), (16 bytes).
    Removing pcd8544.o(i.glcd_power_up), (6 bytes).
    Removing pcd8544.o(i.glcd_set_x_address), (8 bytes).
    Removing pcd8544.o(i.glcd_set_y_address), (14 bytes).
    Removing stm32l1xx_glcd.o(.rev16_text), (4 bytes).
    Removing stm32l1xx_glcd.o(.revsh_text), (4 bytes).
    Removing dadd.o(.text), (334 bytes).
    Removing dmul.o(.text), (228 bytes).
    Removing ddiv.o(.text), (222 bytes).
    Removing dfixul.o(.text), (48 bytes).
    Removing cdrcmple.o(.text), (48 bytes).
    Removing depilogue.o(.text), (186 bytes).

875 unused section(s) (total 67575 bytes) removed from the image.

==============================================================================

Image Symbol Table

    Local Symbols

    Symbol Name                              Value     Ov Type        Size  Object(Section)

    ../clib/microlib/division.c              0x00000000   Number         0  uldiv.o ABSOLUTE
    ../clib/microlib/division.c              0x00000000   Number         0  uidiv.o ABSOLUTE
    ../clib/microlib/init/entry.s            0x00000000   Number         0  entry.o ABSOLUTE
    ../clib/microlib/init/entry.s            0x00000000   Number         0  entry5.o ABSOLUTE
    ../clib/microlib/init/entry.s            0x00000000   Number         0  entry7a.o ABSOLUTE
    ../clib/microlib/init/entry.s            0x00000000   Number         0  entry7b.o ABSOLUTE
    ../clib/microlib/init/entry.s            0x00000000   Number         0  entry9b.o ABSOLUTE
    ../clib/microlib/init/entry.s            0x00000000   Number         0  entry8a.o ABSOLUTE
    ../clib/microlib/init/entry.s            0x00000000   Number         0  entry11b.o ABSOLUTE
    ../clib/microlib/init/entry.s            0x00000000   Number         0  entry8b.o ABSOLUTE
    ../clib/microlib/init/entry.s            0x00000000   Number         0  entry11a.o ABSOLUTE
    ../clib/microlib/init/entry.s            0x00000000   Number         0  entry9a.o ABSOLUTE
    ../clib/microlib/init/entry.s            0x00000000   Number         0  entry10a.o ABSOLUTE
    ../clib/microlib/init/entry.s            0x00000000   Number         0  entry10b.o ABSOLUTE
    ../clib/microlib/init/entry.s            0x00000000   Number         0  entry2.o ABSOLUTE
    ../clib/microlib/longlong.c              0x00000000   Number         0  llsshr.o ABSOLUTE
    ../clib/microlib/longlong.c              0x00000000   Number         0  llushr.o ABSOLUTE
    ../clib/microlib/longlong.c              0x00000000   Number         0  llshl.o ABSOLUTE
    ../clib/microlib/printf/printf.c         0x00000000   Number         0  printf0.o ABSOLUTE
    ../clib/microlib/printf/printf.c         0x00000000   Number         0  printfa.o ABSOLUTE
    ../clib/microlib/printf/printf.c         0x00000000   Number         0  printf8.o ABSOLUTE
    ../clib/microlib/printf/printf.c         0x00000000   Number         0  printf7.o ABSOLUTE
    ../clib/microlib/printf/printf.c         0x00000000   Number         0  printf6.o ABSOLUTE
    ../clib/microlib/printf/printf.c         0x00000000   Number         0  printf5.o ABSOLUTE
    ../clib/microlib/printf/printf.c         0x00000000   Number         0  printf4.o ABSOLUTE
    ../clib/microlib/printf/printf.c         0x00000000   Number         0  printf3.o ABSOLUTE
    ../clib/microlib/printf/printf.c         0x00000000   Number         0  printf2.o ABSOLUTE
    ../clib/microlib/printf/printf.c         0x00000000   Number         0  printf1.o ABSOLUTE
    ../clib/microlib/printf/printf.c         0x00000000   Number         0  printfb.o ABSOLUTE
    ../clib/microlib/printf/stubs.s          0x00000000   Number         0  stubs.o ABSOLUTE
    ../clib/microlib/stdio/fputc.c           0x00000000   Number         0  fputc.o ABSOLUTE
    ../clib/microlib/stdio/semi.s            0x00000000   Number         0  semi.o ABSOLUTE
    ../clib/microlib/stdio/streams.c         0x00000000   Number         0  stdout.o ABSOLUTE
    ../clib/microlib/stdlib/rand.c           0x00000000   Number         0  rand.o ABSOLUTE
    ../clib/microlib/string/memcpy.c         0x00000000   Number         0  memcpya.o ABSOLUTE
    ../clib/microlib/string/memcpy.c         0x00000000   Number         0  memcpyb.o ABSOLUTE
    ../clib/microlib/string/memset.c         0x00000000   Number         0  memseta.o ABSOLUTE
    ../clib/microlib/stubs.s                 0x00000000   Number         0  iusefp.o ABSOLUTE
    ../clib/microlib/stubs.s                 0x00000000   Number         0  iusesemip.o ABSOLUTE
    ../fplib/microlib/fpadd.c                0x00000000   Number         0  dadd.o ABSOLUTE
    ../fplib/microlib/fpdiv.c                0x00000000   Number         0  ddiv.o ABSOLUTE
    ../fplib/microlib/fpepilogue.c           0x00000000   Number         0  depilogue.o ABSOLUTE
    ../fplib/microlib/fpfix.c                0x00000000   Number         0  dfixul.o ABSOLUTE
    ../fplib/microlib/fpmul.c                0x00000000   Number         0  dmul.o ABSOLUTE
    ..\..\STM32Cube_FW_L1_V1.1.0\Drivers\BSP\STM32L1xx_Nucleo\stm32l1xx_nucleo.c 0x00000000   Number         0  stm32l1xx_nucleo.o ABSOLUTE
    ..\..\STM32Cube_FW_L1_V1.1.0\Drivers\STM32L1xx_HAL_Driver\Src\stm32l1xx_hal.c 0x00000000   Number         0  stm32l1xx_hal.o ABSOLUTE
    ..\..\STM32Cube_FW_L1_V1.1.0\Drivers\STM32L1xx_HAL_Driver\Src\stm32l1xx_hal_adc.c 0x00000000   Number         0  stm32l1xx_hal_adc.o ABSOLUTE
    ..\..\STM32Cube_FW_L1_V1.1.0\Drivers\STM32L1xx_HAL_Driver\Src\stm32l1xx_hal_adc_ex.c 0x00000000   Number         0  stm32l1xx_hal_adc_ex.o ABSOLUTE
    ..\..\STM32Cube_FW_L1_V1.1.0\Drivers\STM32L1xx_HAL_Driver\Src\stm32l1xx_hal_comp.c 0x00000000   Number         0  stm32l1xx_hal_comp.o ABSOLUTE
    ..\..\STM32Cube_FW_L1_V1.1.0\Drivers\STM32L1xx_HAL_Driver\Src\stm32l1xx_hal_cortex.c 0x00000000   Number         0  stm32l1xx_hal_cortex.o ABSOLUTE
    ..\..\STM32Cube_FW_L1_V1.1.0\Drivers\STM32L1xx_HAL_Driver\Src\stm32l1xx_hal_crc.c 0x00000000   Number         0  stm32l1xx_hal_crc.o ABSOLUTE
    ..\..\STM32Cube_FW_L1_V1.1.0\Drivers\STM32L1xx_HAL_Driver\Src\stm32l1xx_hal_cryp.c 0x00000000   Number         0  stm32l1xx_hal_cryp.o ABSOLUTE
    ..\..\STM32Cube_FW_L1_V1.1.0\Drivers\STM32L1xx_HAL_Driver\Src\stm32l1xx_hal_cryp_ex.c 0x00000000   Number         0  stm32l1xx_hal_cryp_ex.o ABSOLUTE
    ..\..\STM32Cube_FW_L1_V1.1.0\Drivers\STM32L1xx_HAL_Driver\Src\stm32l1xx_hal_dac.c 0x00000000   Number         0  stm32l1xx_hal_dac.o ABSOLUTE
    ..\..\STM32Cube_FW_L1_V1.1.0\Drivers\STM32L1xx_HAL_Driver\Src\stm32l1xx_hal_dac_ex.c 0x00000000   Number         0  stm32l1xx_hal_dac_ex.o ABSOLUTE
    ..\..\STM32Cube_FW_L1_V1.1.0\Drivers\STM32L1xx_HAL_Driver\Src\stm32l1xx_hal_dma.c 0x00000000   Number         0  stm32l1xx_hal_dma.o ABSOLUTE
    ..\..\STM32Cube_FW_L1_V1.1.0\Drivers\STM32L1xx_HAL_Driver\Src\stm32l1xx_hal_flash.c 0x00000000   Number         0  stm32l1xx_hal_flash.o ABSOLUTE
    ..\..\STM32Cube_FW_L1_V1.1.0\Drivers\STM32L1xx_HAL_Driver\Src\stm32l1xx_hal_flash_ex.c 0x00000000   Number         0  stm32l1xx_hal_flash_ex.o ABSOLUTE
    ..\..\STM32Cube_FW_L1_V1.1.0\Drivers\STM32L1xx_HAL_Driver\Src\stm32l1xx_hal_flash_ramfunc.c 0x00000000   Number         0  stm32l1xx_hal_flash_ramfunc.o ABSOLUTE
    ..\..\STM32Cube_FW_L1_V1.1.0\Drivers\STM32L1xx_HAL_Driver\Src\stm32l1xx_hal_gpio.c 0x00000000   Number         0  stm32l1xx_hal_gpio.o ABSOLUTE
    ..\..\STM32Cube_FW_L1_V1.1.0\Drivers\STM32L1xx_HAL_Driver\Src\stm32l1xx_hal_i2c.c 0x00000000   Number         0  stm32l1xx_hal_i2c.o ABSOLUTE
    ..\..\STM32Cube_FW_L1_V1.1.0\Drivers\STM32L1xx_HAL_Driver\Src\stm32l1xx_hal_i2s.c 0x00000000   Number         0  stm32l1xx_hal_i2s.o ABSOLUTE
    ..\..\STM32Cube_FW_L1_V1.1.0\Drivers\STM32L1xx_HAL_Driver\Src\stm32l1xx_hal_irda.c 0x00000000   Number         0  stm32l1xx_hal_irda.o ABSOLUTE
    ..\..\STM32Cube_FW_L1_V1.1.0\Drivers\STM32L1xx_HAL_Driver\Src\stm32l1xx_hal_iwdg.c 0x00000000   Number         0  stm32l1xx_hal_iwdg.o ABSOLUTE
    ..\..\STM32Cube_FW_L1_V1.1.0\Drivers\STM32L1xx_HAL_Driver\Src\stm32l1xx_hal_lcd.c 0x00000000   Number         0  stm32l1xx_hal_lcd.o ABSOLUTE
    ..\..\STM32Cube_FW_L1_V1.1.0\Drivers\STM32L1xx_HAL_Driver\Src\stm32l1xx_hal_nor.c 0x00000000   Number         0  stm32l1xx_hal_nor.o ABSOLUTE
    ..\..\STM32Cube_FW_L1_V1.1.0\Drivers\STM32L1xx_HAL_Driver\Src\stm32l1xx_hal_opamp.c 0x00000000   Number         0  stm32l1xx_hal_opamp.o ABSOLUTE
    ..\..\STM32Cube_FW_L1_V1.1.0\Drivers\STM32L1xx_HAL_Driver\Src\stm32l1xx_hal_opamp_ex.c 0x00000000   Number         0  stm32l1xx_hal_opamp_ex.o ABSOLUTE
    ..\..\STM32Cube_FW_L1_V1.1.0\Drivers\STM32L1xx_HAL_Driver\Src\stm32l1xx_hal_pcd.c 0x00000000   Number         0  stm32l1xx_hal_pcd.o ABSOLUTE
    ..\..\STM32Cube_FW_L1_V1.1.0\Drivers\STM32L1xx_HAL_Driver\Src\stm32l1xx_hal_pcd_ex.c 0x00000000   Number         0  stm32l1xx_hal_pcd_ex.o ABSOLUTE
    ..\..\STM32Cube_FW_L1_V1.1.0\Drivers\STM32L1xx_HAL_Driver\Src\stm32l1xx_hal_pwr.c 0x00000000   Number         0  stm32l1xx_hal_pwr.o ABSOLUTE
    ..\..\STM32Cube_FW_L1_V1.1.0\Drivers\STM32L1xx_HAL_Driver\Src\stm32l1xx_hal_pwr_ex.c 0x00000000   Number         0  stm32l1xx_hal_pwr_ex.o ABSOLUTE
    ..\..\STM32Cube_FW_L1_V1.1.0\Drivers\STM32L1xx_HAL_Driver\Src\stm32l1xx_hal_rcc.c 0x00000000   Number         0  stm32l1xx_hal_rcc.o ABSOLUTE
    ..\..\STM32Cube_FW_L1_V1.1.0\Drivers\STM32L1xx_HAL_Driver\Src\stm32l1xx_hal_rcc_ex.c 0x00000000   Number         0  stm32l1xx_hal_rcc_ex.o ABSOLUTE
    ..\..\STM32Cube_FW_L1_V1.1.0\Drivers\STM32L1xx_HAL_Driver\Src\stm32l1xx_hal_rtc.c 0x00000000   Number         0  stm32l1xx_hal_rtc.o ABSOLUTE
    ..\..\STM32Cube_FW_L1_V1.1.0\Drivers\STM32L1xx_HAL_Driver\Src\stm32l1xx_hal_rtc_ex.c 0x00000000   Number         0  stm32l1xx_hal_rtc_ex.o ABSOLUTE
    ..\..\STM32Cube_FW_L1_V1.1.0\Drivers\STM32L1xx_HAL_Driver\Src\stm32l1xx_hal_sd.c 0x00000000   Number         0  stm32l1xx_hal_sd.o ABSOLUTE
    ..\..\STM32Cube_FW_L1_V1.1.0\Drivers\STM32L1xx_HAL_Driver\Src\stm32l1xx_hal_smartcard.c 0x00000000   Number         0  stm32l1xx_hal_smartcard.o ABSOLUTE
    ..\..\STM32Cube_FW_L1_V1.1.0\Drivers\STM32L1xx_HAL_Driver\Src\stm32l1xx_hal_spi.c 0x00000000   Number         0  stm32l1xx_hal_spi.o ABSOLUTE
    ..\..\STM32Cube_FW_L1_V1.1.0\Drivers\STM32L1xx_HAL_Driver\Src\stm32l1xx_hal_spi_ex.c 0x00000000   Number         0  stm32l1xx_hal_spi_ex.o ABSOLUTE
    ..\..\STM32Cube_FW_L1_V1.1.0\Drivers\STM32L1xx_HAL_Driver\Src\stm32l1xx_hal_sram.c 0x00000000   Number         0  stm32l1xx_hal_sram.o ABSOLUTE
    ..\..\STM32Cube_FW_L1_V1.1.0\Drivers\STM32L1xx_HAL_Driver\Src\stm32l1xx_hal_tim.c 0x00000000   Number         0  stm32l1xx_hal_tim.o ABSOLUTE
    ..\..\STM32Cube_FW_L1_V1.1.0\Drivers\STM32L1xx_HAL_Driver\Src\stm32l1xx_hal_tim_ex.c 0x00000000   Number         0  stm32l1xx_hal_tim_ex.o ABSOLUTE
    ..\..\STM32Cube_FW_L1_V1.1.0\Drivers\STM32L1xx_HAL_Driver\Src\stm32l1xx_hal_uart.c 0x00000000   Number         0  stm32l1xx_hal_uart.o ABSOLUTE
    ..\..\STM32Cube_FW_L1_V1.1.0\Drivers\STM32L1xx_HAL_Driver\Src\stm32l1xx_hal_usart.c 0x00000000   Number         0  stm32l1xx_hal_usart.o ABSOLUTE
    ..\..\STM32Cube_FW_L1_V1.1.0\Drivers\STM32L1xx_HAL_Driver\Src\stm32l1xx_hal_wwdg.c 0x00000000   Number         0  stm32l1xx_hal_wwdg.o ABSOLUTE
    ..\..\STM32Cube_FW_L1_V1.1.0\Drivers\STM32L1xx_HAL_Driver\Src\stm32l1xx_ll_fsmc.c 0x00000000   Number         0  stm32l1xx_ll_fsmc.o ABSOLUTE
    ..\..\STM32Cube_FW_L1_V1.1.0\Drivers\STM32L1xx_HAL_Driver\Src\stm32l1xx_ll_sdmmc.c 0x00000000   Number         0  stm32l1xx_ll_sdmmc.o ABSOLUTE
    ..\Src\main.c                            0x00000000   Number         0  main.o ABSOLUTE
    ..\Src\stm32l1xx_hal_msp.c               0x00000000   Number         0  stm32l1xx_hal_msp.o ABSOLUTE
    ..\Src\stm32l1xx_it.c                    0x00000000   Number         0  stm32l1xx_it.o ABSOLUTE
    ..\Src\system_stm32l1xx.c                0x00000000   Number         0  system_stm32l1xx.o ABSOLUTE
    ..\\..\\STM32Cube_FW_L1_V1.1.0\\Drivers\\BSP\\STM32L1xx_Nucleo\\stm32l1xx_nucleo.c 0x00000000   Number         0  stm32l1xx_nucleo.o ABSOLUTE
    ..\\..\\STM32Cube_FW_L1_V1.1.0\\Drivers\\STM32L1xx_HAL_Driver\\Src\\stm32l1xx_hal.c 0x00000000   Number         0  stm32l1xx_hal.o ABSOLUTE
    ..\\..\\STM32Cube_FW_L1_V1.1.0\\Drivers\\STM32L1xx_HAL_Driver\\Src\\stm32l1xx_hal_adc.c 0x00000000   Number         0  stm32l1xx_hal_adc.o ABSOLUTE
    ..\\..\\STM32Cube_FW_L1_V1.1.0\\Drivers\\STM32L1xx_HAL_Driver\\Src\\stm32l1xx_hal_adc_ex.c 0x00000000   Number         0  stm32l1xx_hal_adc_ex.o ABSOLUTE
    ..\\..\\STM32Cube_FW_L1_V1.1.0\\Drivers\\STM32L1xx_HAL_Driver\\Src\\stm32l1xx_hal_comp.c 0x00000000   Number         0  stm32l1xx_hal_comp.o ABSOLUTE
    ..\\..\\STM32Cube_FW_L1_V1.1.0\\Drivers\\STM32L1xx_HAL_Driver\\Src\\stm32l1xx_hal_cortex.c 0x00000000   Number         0  stm32l1xx_hal_cortex.o ABSOLUTE
    ..\\..\\STM32Cube_FW_L1_V1.1.0\\Drivers\\STM32L1xx_HAL_Driver\\Src\\stm32l1xx_hal_crc.c 0x00000000   Number         0  stm32l1xx_hal_crc.o ABSOLUTE
    ..\\..\\STM32Cube_FW_L1_V1.1.0\\Drivers\\STM32L1xx_HAL_Driver\\Src\\stm32l1xx_hal_cryp.c 0x00000000   Number         0  stm32l1xx_hal_cryp.o ABSOLUTE
    ..\\..\\STM32Cube_FW_L1_V1.1.0\\Drivers\\STM32L1xx_HAL_Driver\\Src\\stm32l1xx_hal_cryp_ex.c 0x00000000   Number         0  stm32l1xx_hal_cryp_ex.o ABSOLUTE
    ..\\..\\STM32Cube_FW_L1_V1.1.0\\Drivers\\STM32L1xx_HAL_Driver\\Src\\stm32l1xx_hal_dac.c 0x00000000   Number         0  stm32l1xx_hal_dac.o ABSOLUTE
    ..\\..\\STM32Cube_FW_L1_V1.1.0\\Drivers\\STM32L1xx_HAL_Driver\\Src\\stm32l1xx_hal_dac_ex.c 0x00000000   Number         0  stm32l1xx_hal_dac_ex.o ABSOLUTE
    ..\\..\\STM32Cube_FW_L1_V1.1.0\\Drivers\\STM32L1xx_HAL_Driver\\Src\\stm32l1xx_hal_dma.c 0x00000000   Number         0  stm32l1xx_hal_dma.o ABSOLUTE
    ..\\..\\STM32Cube_FW_L1_V1.1.0\\Drivers\\STM32L1xx_HAL_Driver\\Src\\stm32l1xx_hal_flash.c 0x00000000   Number         0  stm32l1xx_hal_flash.o ABSOLUTE
    ..\\..\\STM32Cube_FW_L1_V1.1.0\\Drivers\\STM32L1xx_HAL_Driver\\Src\\stm32l1xx_hal_flash_ex.c 0x00000000   Number         0  stm32l1xx_hal_flash_ex.o ABSOLUTE
    ..\\..\\STM32Cube_FW_L1_V1.1.0\\Drivers\\STM32L1xx_HAL_Driver\\Src\\stm32l1xx_hal_flash_ramfunc.c 0x00000000   Number         0  stm32l1xx_hal_flash_ramfunc.o ABSOLUTE
    ..\\..\\STM32Cube_FW_L1_V1.1.0\\Drivers\\STM32L1xx_HAL_Driver\\Src\\stm32l1xx_hal_gpio.c 0x00000000   Number         0  stm32l1xx_hal_gpio.o ABSOLUTE
    ..\\..\\STM32Cube_FW_L1_V1.1.0\\Drivers\\STM32L1xx_HAL_Driver\\Src\\stm32l1xx_hal_i2c.c 0x00000000   Number         0  stm32l1xx_hal_i2c.o ABSOLUTE
    ..\\..\\STM32Cube_FW_L1_V1.1.0\\Drivers\\STM32L1xx_HAL_Driver\\Src\\stm32l1xx_hal_i2s.c 0x00000000   Number         0  stm32l1xx_hal_i2s.o ABSOLUTE
    ..\\..\\STM32Cube_FW_L1_V1.1.0\\Drivers\\STM32L1xx_HAL_Driver\\Src\\stm32l1xx_hal_irda.c 0x00000000   Number         0  stm32l1xx_hal_irda.o ABSOLUTE
    ..\\..\\STM32Cube_FW_L1_V1.1.0\\Drivers\\STM32L1xx_HAL_Driver\\Src\\stm32l1xx_hal_iwdg.c 0x00000000   Number         0  stm32l1xx_hal_iwdg.o ABSOLUTE
    ..\\..\\STM32Cube_FW_L1_V1.1.0\\Drivers\\STM32L1xx_HAL_Driver\\Src\\stm32l1xx_hal_lcd.c 0x00000000   Number         0  stm32l1xx_hal_lcd.o ABSOLUTE
    ..\\..\\STM32Cube_FW_L1_V1.1.0\\Drivers\\STM32L1xx_HAL_Driver\\Src\\stm32l1xx_hal_nor.c 0x00000000   Number         0  stm32l1xx_hal_nor.o ABSOLUTE
    ..\\..\\STM32Cube_FW_L1_V1.1.0\\Drivers\\STM32L1xx_HAL_Driver\\Src\\stm32l1xx_hal_opamp.c 0x00000000   Number         0  stm32l1xx_hal_opamp.o ABSOLUTE
    ..\\..\\STM32Cube_FW_L1_V1.1.0\\Drivers\\STM32L1xx_HAL_Driver\\Src\\stm32l1xx_hal_opamp_ex.c 0x00000000   Number         0  stm32l1xx_hal_opamp_ex.o ABSOLUTE
    ..\\..\\STM32Cube_FW_L1_V1.1.0\\Drivers\\STM32L1xx_HAL_Driver\\Src\\stm32l1xx_hal_pcd.c 0x00000000   Number         0  stm32l1xx_hal_pcd.o ABSOLUTE
    ..\\..\\STM32Cube_FW_L1_V1.1.0\\Drivers\\STM32L1xx_HAL_Driver\\Src\\stm32l1xx_hal_pcd_ex.c 0x00000000   Number         0  stm32l1xx_hal_pcd_ex.o ABSOLUTE
    ..\\..\\STM32Cube_FW_L1_V1.1.0\\Drivers\\STM32L1xx_HAL_Driver\\Src\\stm32l1xx_hal_pwr.c 0x00000000   Number         0  stm32l1xx_hal_pwr.o ABSOLUTE
    ..\\..\\STM32Cube_FW_L1_V1.1.0\\Drivers\\STM32L1xx_HAL_Driver\\Src\\stm32l1xx_hal_pwr_ex.c 0x00000000   Number         0  stm32l1xx_hal_pwr_ex.o ABSOLUTE
    ..\\..\\STM32Cube_FW_L1_V1.1.0\\Drivers\\STM32L1xx_HAL_Driver\\Src\\stm32l1xx_hal_rcc.c 0x00000000   Number         0  stm32l1xx_hal_rcc.o ABSOLUTE
    ..\\..\\STM32Cube_FW_L1_V1.1.0\\Drivers\\STM32L1xx_HAL_Driver\\Src\\stm32l1xx_hal_rcc_ex.c 0x00000000   Number         0  stm32l1xx_hal_rcc_ex.o ABSOLUTE
    ..\\..\\STM32Cube_FW_L1_V1.1.0\\Drivers\\STM32L1xx_HAL_Driver\\Src\\stm32l1xx_hal_rtc.c 0x00000000   Number         0  stm32l1xx_hal_rtc.o ABSOLUTE
    ..\\..\\STM32Cube_FW_L1_V1.1.0\\Drivers\\STM32L1xx_HAL_Driver\\Src\\stm32l1xx_hal_rtc_ex.c 0x00000000   Number         0  stm32l1xx_hal_rtc_ex.o ABSOLUTE
    ..\\..\\STM32Cube_FW_L1_V1.1.0\\Drivers\\STM32L1xx_HAL_Driver\\Src\\stm32l1xx_hal_sd.c 0x00000000   Number         0  stm32l1xx_hal_sd.o ABSOLUTE
    ..\\..\\STM32Cube_FW_L1_V1.1.0\\Drivers\\STM32L1xx_HAL_Driver\\Src\\stm32l1xx_hal_smartcard.c 0x00000000   Number         0  stm32l1xx_hal_smartcard.o ABSOLUTE
    ..\\..\\STM32Cube_FW_L1_V1.1.0\\Drivers\\STM32L1xx_HAL_Driver\\Src\\stm32l1xx_hal_spi.c 0x00000000   Number         0  stm32l1xx_hal_spi.o ABSOLUTE
    ..\\..\\STM32Cube_FW_L1_V1.1.0\\Drivers\\STM32L1xx_HAL_Driver\\Src\\stm32l1xx_hal_spi_ex.c 0x00000000   Number         0  stm32l1xx_hal_spi_ex.o ABSOLUTE
    ..\\..\\STM32Cube_FW_L1_V1.1.0\\Drivers\\STM32L1xx_HAL_Driver\\Src\\stm32l1xx_hal_sram.c 0x00000000   Number         0  stm32l1xx_hal_sram.o ABSOLUTE
    ..\\..\\STM32Cube_FW_L1_V1.1.0\\Drivers\\STM32L1xx_HAL_Driver\\Src\\stm32l1xx_hal_tim.c 0x00000000   Number         0  stm32l1xx_hal_tim.o ABSOLUTE
    ..\\..\\STM32Cube_FW_L1_V1.1.0\\Drivers\\STM32L1xx_HAL_Driver\\Src\\stm32l1xx_hal_tim_ex.c 0x00000000   Number         0  stm32l1xx_hal_tim_ex.o ABSOLUTE
    ..\\..\\STM32Cube_FW_L1_V1.1.0\\Drivers\\STM32L1xx_HAL_Driver\\Src\\stm32l1xx_hal_uart.c 0x00000000   Number         0  stm32l1xx_hal_uart.o ABSOLUTE
    ..\\..\\STM32Cube_FW_L1_V1.1.0\\Drivers\\STM32L1xx_HAL_Driver\\Src\\stm32l1xx_hal_usart.c 0x00000000   Number         0  stm32l1xx_hal_usart.o ABSOLUTE
    ..\\..\\STM32Cube_FW_L1_V1.1.0\\Drivers\\STM32L1xx_HAL_Driver\\Src\\stm32l1xx_hal_wwdg.c 0x00000000   Number         0  stm32l1xx_hal_wwdg.o ABSOLUTE
    ..\\..\\STM32Cube_FW_L1_V1.1.0\\Drivers\\STM32L1xx_HAL_Driver\\Src\\stm32l1xx_ll_fsmc.c 0x00000000   Number         0  stm32l1xx_ll_fsmc.o ABSOLUTE
    ..\\..\\STM32Cube_FW_L1_V1.1.0\\Drivers\\STM32L1xx_HAL_Driver\\Src\\stm32l1xx_ll_sdmmc.c 0x00000000   Number         0  stm32l1xx_ll_sdmmc.o ABSOLUTE
    ..\\Src\\main.c                          0x00000000   Number         0  main.o ABSOLUTE
    ..\\Src\\stm32l1xx_hal_msp.c             0x00000000   Number         0  stm32l1xx_hal_msp.o ABSOLUTE
    ..\\Src\\stm32l1xx_it.c                  0x00000000   Number         0  stm32l1xx_it.o ABSOLUTE
    ..\\Src\\system_stm32l1xx.c              0x00000000   Number         0  system_stm32l1xx.o ABSOLUTE
    ..\\libs\\andygock-glcd-1010cbc\\controllers\\PCD8544.c 0x00000000   Number         0  pcd8544.o ABSOLUTE
    ..\\libs\\andygock-glcd-1010cbc\\devices\\STM32L1xx_glcd.c 0x00000000   Number         0  stm32l1xx_glcd.o ABSOLUTE
    ..\\libs\\andygock-glcd-1010cbc\\glcd.c  0x00000000   Number         0  glcd.o ABSOLUTE
    ..\\libs\\andygock-glcd-1010cbc\\graphics.c 0x00000000   Number         0  graphics.o ABSOLUTE
    ..\\libs\\andygock-glcd-1010cbc\\graphs.c 0x00000000   Number         0  graphs.o ABSOLUTE
    ..\\libs\\andygock-glcd-1010cbc\\text.c  0x00000000   Number         0  text.o ABSOLUTE
    ..\\libs\\andygock-glcd-1010cbc\\text_tiny.c 0x00000000   Number         0  text_tiny.o ABSOLUTE
    ..\\libs\\andygock-glcd-1010cbc\\unit_tests.c 0x00000000   Number         0  unit_tests.o ABSOLUTE
    ..\libs\andygock-glcd-1010cbc\controllers\PCD8544.c 0x00000000   Number         0  pcd8544.o ABSOLUTE
    ..\libs\andygock-glcd-1010cbc\devices\STM32L1xx_glcd.c 0x00000000   Number         0  stm32l1xx_glcd.o ABSOLUTE
    ..\libs\andygock-glcd-1010cbc\glcd.c     0x00000000   Number         0  glcd.o ABSOLUTE
    ..\libs\andygock-glcd-1010cbc\graphics.c 0x00000000   Number         0  graphics.o ABSOLUTE
    ..\libs\andygock-glcd-1010cbc\graphs.c   0x00000000   Number         0  graphs.o ABSOLUTE
    ..\libs\andygock-glcd-1010cbc\text.c     0x00000000   Number         0  text.o ABSOLUTE
    ..\libs\andygock-glcd-1010cbc\text_tiny.c 0x00000000   Number         0  text_tiny.o ABSOLUTE
    ..\libs\andygock-glcd-1010cbc\unit_tests.c 0x00000000   Number         0  unit_tests.o ABSOLUTE
    cdrcmple.s                               0x00000000   Number         0  cdrcmple.o ABSOLUTE
    dc.s                                     0x00000000   Number         0  dc.o ABSOLUTE
    handlers.s                               0x00000000   Number         0  handlers.o ABSOLUTE
    init.s                                   0x00000000   Number         0  init.o ABSOLUTE
    startup_stm32l152xe.s                    0x00000000   Number         0  startup_stm32l152xe.o ABSOLUTE
    RESET                                    0x08000000   Section      292  startup_stm32l152xe.o(RESET)
    .ARM.Collect$$$$00000000                 0x08000124   Section        0  entry.o(.ARM.Collect$$$$00000000)
    .ARM.Collect$$$$00000001                 0x08000124   Section        4  entry2.o(.ARM.Collect$$$$00000001)
    .ARM.Collect$$$$00000004                 0x08000128   Section        4  entry5.o(.ARM.Collect$$$$00000004)
    .ARM.Collect$$$$00000008                 0x0800012c   Section        0  entry7b.o(.ARM.Collect$$$$00000008)
    .ARM.Collect$$$$0000000A                 0x0800012c   Section        0  entry8b.o(.ARM.Collect$$$$0000000A)
    .ARM.Collect$$$$0000000B                 0x0800012c   Section        8  entry9a.o(.ARM.Collect$$$$0000000B)
    .ARM.Collect$$$$0000000D                 0x08000134   Section        0  entry10a.o(.ARM.Collect$$$$0000000D)
    .ARM.Collect$$$$0000000F                 0x08000134   Section        0  entry11a.o(.ARM.Collect$$$$0000000F)
    .ARM.Collect$$$$00002712                 0x08000134   Section        4  entry2.o(.ARM.Collect$$$$00002712)
    __lit__00000000                          0x08000134   Data           4  entry2.o(.ARM.Collect$$$$00002712)
    .text                                    0x08000138   Section       36  startup_stm32l152xe.o(.text)
    .text                                    0x0800015c   Section        0  memseta.o(.text)
    .text                                    0x08000180   Section       36  init.o(.text)
    i.BusFault_Handler                       0x080001a4   Section        0  stm32l1xx_it.o(i.BusFault_Handler)
    i.DebugMon_Handler                       0x080001a6   Section        0  stm32l1xx_it.o(i.DebugMon_Handler)
    i.HAL_Delay                              0x080001a8   Section        0  stm32l1xx_hal.o(i.HAL_Delay)
    i.HAL_GPIO_Init                          0x080001c0   Section        0  stm32l1xx_hal_gpio.o(i.HAL_GPIO_Init)
    i.HAL_GPIO_WritePin                      0x08000364   Section        0  stm32l1xx_hal_gpio.o(i.HAL_GPIO_WritePin)
    i.HAL_GetTick                            0x08000370   Section        0  stm32l1xx_hal.o(i.HAL_GetTick)
    i.HAL_IncTick                            0x0800037c   Section        0  stm32l1xx_hal.o(i.HAL_IncTick)
    i.HAL_Init                               0x0800038c   Section        0  stm32l1xx_hal.o(i.HAL_Init)
    i.HAL_InitTick                           0x080003b8   Section        0  stm32l1xx_hal.o(i.HAL_InitTick)
    i.HAL_MspInit                            0x080003da   Section        0  stm32l1xx_hal_msp.o(i.HAL_MspInit)
    i.HAL_NVIC_SetPriority                   0x080003dc   Section        0  stm32l1xx_hal_cortex.o(i.HAL_NVIC_SetPriority)
    i.HAL_NVIC_SetPriorityGrouping           0x0800041c   Section        0  stm32l1xx_hal_cortex.o(i.HAL_NVIC_SetPriorityGrouping)
    i.HAL_RCC_ClockConfig                    0x08000440   Section        0  stm32l1xx_hal_rcc.o(i.HAL_RCC_ClockConfig)
    i.HAL_RCC_GetHCLKFreq                    0x0800075c   Section        0  stm32l1xx_hal_rcc.o(i.HAL_RCC_GetHCLKFreq)
    i.HAL_RCC_GetSysClockFreq                0x08000790   Section        0  stm32l1xx_hal_rcc.o(i.HAL_RCC_GetSysClockFreq)
    i.HAL_RCC_OscConfig                      0x08000820   Section        0  stm32l1xx_hal_rcc.o(i.HAL_RCC_OscConfig)
    i.HAL_SPI_Init                           0x08000f54   Section        0  stm32l1xx_hal_spi_ex.o(i.HAL_SPI_Init)
    i.HAL_SPI_MspInit                        0x08000fd8   Section        0  stm32l1xx_hal_msp.o(i.HAL_SPI_MspInit)
    i.HAL_SPI_Transmit                       0x08001044   Section        0  stm32l1xx_hal_spi.o(i.HAL_SPI_Transmit)
    i.HAL_SYSTICK_Config                     0x0800118c   Section        0  stm32l1xx_hal_cortex.o(i.HAL_SYSTICK_Config)
    i.HardFault_Handler                      0x080011b4   Section        0  stm32l1xx_it.o(i.HardFault_Handler)
    i.MemManage_Handler                      0x080011b6   Section        0  stm32l1xx_it.o(i.MemManage_Handler)
    i.NMI_Handler                            0x080011b8   Section        0  stm32l1xx_it.o(i.NMI_Handler)
    i.NVIC_SetPriority                       0x080011ba   Section        0  stm32l1xx_hal_cortex.o(i.NVIC_SetPriority)
    NVIC_SetPriority                         0x080011bb   Thumb Code    32  stm32l1xx_hal_cortex.o(i.NVIC_SetPriority)
    i.PendSV_Handler                         0x080011da   Section        0  stm32l1xx_it.o(i.PendSV_Handler)
    i.SPI_WaitOnFlagUntilTimeout             0x080011dc   Section        0  stm32l1xx_hal_spi.o(i.SPI_WaitOnFlagUntilTimeout)
    SPI_WaitOnFlagUntilTimeout               0x080011dd   Thumb Code   158  stm32l1xx_hal_spi.o(i.SPI_WaitOnFlagUntilTimeout)
    i.SVC_Handler                            0x0800127a   Section        0  stm32l1xx_it.o(i.SVC_Handler)
    i.SysTick_Handler                        0x0800127c   Section        0  stm32l1xx_it.o(i.SysTick_Handler)
    i.SystemClock_Config                     0x08001280   Section        0  main.o(i.SystemClock_Config)
    i.SystemInit                             0x08001300   Section        0  system_stm32l1xx.o(i.SystemInit)
    i.UsageFault_Handler                     0x08001350   Section        0  stm32l1xx_it.o(i.UsageFault_Handler)
    i.__scatterload_copy                     0x08001352   Section       14  handlers.o(i.__scatterload_copy)
    i.__scatterload_null                     0x08001360   Section        2  handlers.o(i.__scatterload_null)
    i.__scatterload_zeroinit                 0x08001362   Section       14  handlers.o(i.__scatterload_zeroinit)
    i.glcd_clear                             0x08001370   Section        0  glcd.o(i.glcd_clear)
    i.glcd_command                           0x08001398   Section        0  pcd8544.o(i.glcd_command)
    i.glcd_data                              0x080013b4   Section        0  pcd8544.o(i.glcd_data)
    i.glcd_draw_circle                       0x080013d0   Section        0  graphics.o(i.glcd_draw_circle)
    i.glcd_init                              0x08001504   Section        0  stm32l1xx_glcd.o(i.glcd_init)
    i.glcd_reset                             0x080015d8   Section        0  stm32l1xx_glcd.o(i.glcd_reset)
    i.glcd_reset_bbox                        0x0800161c   Section        0  glcd.o(i.glcd_reset_bbox)
    i.glcd_select_screen                     0x08001634   Section        0  glcd.o(i.glcd_select_screen)
    i.glcd_set_contrast                      0x08001640   Section        0  pcd8544.o(i.glcd_set_contrast)
    i.glcd_set_pixel                         0x08001664   Section        0  graphics.o(i.glcd_set_pixel)
    i.glcd_spi_write                         0x080016ac   Section        0  stm32l1xx_glcd.o(i.glcd_spi_write)
    i.glcd_update_bbox                       0x080016dc   Section        0  glcd.o(i.glcd_update_bbox)
    i.glcd_write                             0x08001720   Section        0  pcd8544.o(i.glcd_write)
    i.main                                   0x08001798   Section        0  main.o(i.main)
    .constdata                               0x080017bc   Section       29  stm32l1xx_hal_rcc.o(.constdata)
    .data                                    0x20000000   Section        4  stm32l1xx_hal.o(.data)
    uwTick                                   0x20000000   Data           4  stm32l1xx_hal.o(.data)
    .data                                    0x20000004   Section       29  system_stm32l1xx.o(.data)
    .data                                    0x20000021   Section        4  glcd.o(.data)
    .data                                    0x20000028   Section        8  glcd.o(.data)
    .bss                                     0x20000030   Section      504  glcd.o(.bss)
    .bss                                     0x20000228   Section       84  stm32l1xx_glcd.o(.bss)
    STACK                                    0x20000280   Section     1024  startup_stm32l152xe.o(STACK)

    Global Symbols

    Symbol Name                              Value     Ov Type        Size  Object(Section)

    BuildAttributes$$THM_ISAv4$P$D$K$B$S$PE$A:L22UL41UL21$X:L11$S22US41US21$IEEE1$IW$USESV6$~STKCKD$USESV7$~SHL$OSPACE$ROPI$EBA8$MICROLIB$REQ8$PRES8$EABIv2 0x00000000   Number         0  anon$$obj.o ABSOLUTE
    __ARM_use_no_argv                        0x00000000   Number         0  main.o ABSOLUTE
    _printf_a                                0x00000000   Number         0  stubs.o ABSOLUTE
    _printf_c                                0x00000000   Number         0  stubs.o ABSOLUTE
    _printf_charcount                        0x00000000   Number         0  stubs.o ABSOLUTE
    _printf_d                                0x00000000   Number         0  stubs.o ABSOLUTE
    _printf_e                                0x00000000   Number         0  stubs.o ABSOLUTE
    _printf_f                                0x00000000   Number         0  stubs.o ABSOLUTE
    _printf_flags                            0x00000000   Number         0  stubs.o ABSOLUTE
    _printf_fp_dec                           0x00000000   Number         0  stubs.o ABSOLUTE
    _printf_fp_hex                           0x00000000   Number         0  stubs.o ABSOLUTE
    _printf_g                                0x00000000   Number         0  stubs.o ABSOLUTE
    _printf_i                                0x00000000   Number         0  stubs.o ABSOLUTE
    _printf_int_dec                          0x00000000   Number         0  stubs.o ABSOLUTE
    _printf_l                                0x00000000   Number         0  stubs.o ABSOLUTE
    _printf_lc                               0x00000000   Number         0  stubs.o ABSOLUTE
    _printf_ll                               0x00000000   Number         0  stubs.o ABSOLUTE
    _printf_lld                              0x00000000   Number         0  stubs.o ABSOLUTE
    _printf_lli                              0x00000000   Number         0  stubs.o ABSOLUTE
    _printf_llo                              0x00000000   Number         0  stubs.o ABSOLUTE
    _printf_llu                              0x00000000   Number         0  stubs.o ABSOLUTE
    _printf_llx                              0x00000000   Number         0  stubs.o ABSOLUTE
    _printf_longlong_dec                     0x00000000   Number         0  stubs.o ABSOLUTE
    _printf_longlong_hex                     0x00000000   Number         0  stubs.o ABSOLUTE
    _printf_longlong_oct                     0x00000000   Number         0  stubs.o ABSOLUTE
    _printf_ls                               0x00000000   Number         0  stubs.o ABSOLUTE
    _printf_mbtowc                           0x00000000   Number         0  stubs.o ABSOLUTE
    _printf_n                                0x00000000   Number         0  stubs.o ABSOLUTE
    _printf_o                                0x00000000   Number         0  stubs.o ABSOLUTE
    _printf_p                                0x00000000   Number         0  stubs.o ABSOLUTE
    _printf_percent                          0x00000000   Number         0  stubs.o ABSOLUTE
    _printf_pre_padding                      0x00000000   Number         0  stubs.o ABSOLUTE
    _printf_return_value                     0x00000000   Number         0  stubs.o ABSOLUTE
    _printf_s                                0x00000000   Number         0  stubs.o ABSOLUTE
    _printf_sizespec                         0x00000000   Number         0  stubs.o ABSOLUTE
    _printf_str                              0x00000000   Number         0  stubs.o ABSOLUTE
    _printf_truncate_signed                  0x00000000   Number         0  stubs.o ABSOLUTE
    _printf_truncate_unsigned                0x00000000   Number         0  stubs.o ABSOLUTE
    _printf_u                                0x00000000   Number         0  stubs.o ABSOLUTE
    _printf_wc                               0x00000000   Number         0  stubs.o ABSOLUTE
    _printf_wctomb                           0x00000000   Number         0  stubs.o ABSOLUTE
    _printf_widthprec                        0x00000000   Number         0  stubs.o ABSOLUTE
    _printf_x                                0x00000000   Number         0  stubs.o ABSOLUTE
    __cpp_initialize__aeabi_                  - Undefined Weak Reference
    __cxa_finalize                            - Undefined Weak Reference
    __decompress                              - Undefined Weak Reference
    _clock_init                               - Undefined Weak Reference
    _microlib_exit                            - Undefined Weak Reference
    __Vectors_Size                           0x00000124   Number         0  startup_stm32l152xe.o ABSOLUTE
    __Vectors                                0x08000000   Data           4  startup_stm32l152xe.o(RESET)
    __Vectors_End                            0x08000124   Data           0  startup_stm32l152xe.o(RESET)
    __main                                   0x08000125   Thumb Code     0  entry.o(.ARM.Collect$$$$00000000)
    _main_stk                                0x08000125   Thumb Code     0  entry2.o(.ARM.Collect$$$$00000001)
    _main_scatterload                        0x08000129   Thumb Code     0  entry5.o(.ARM.Collect$$$$00000004)
    __main_after_scatterload                 0x0800012d   Thumb Code     0  entry5.o(.ARM.Collect$$$$00000004)
    _main_clock                              0x0800012d   Thumb Code     0  entry7b.o(.ARM.Collect$$$$00000008)
    _main_cpp_init                           0x0800012d   Thumb Code     0  entry8b.o(.ARM.Collect$$$$0000000A)
    _main_init                               0x0800012d   Thumb Code     0  entry9a.o(.ARM.Collect$$$$0000000B)
    __rt_final_cpp                           0x08000135   Thumb Code     0  entry10a.o(.ARM.Collect$$$$0000000D)
    __rt_final_exit                          0x08000135   Thumb Code     0  entry11a.o(.ARM.Collect$$$$0000000F)
    Reset_Handler                            0x08000139   Thumb Code     8  startup_stm32l152xe.o(.text)
    ADC1_IRQHandler                          0x08000153   Thumb Code     0  startup_stm32l152xe.o(.text)
    COMP_ACQ_IRQHandler                      0x08000153   Thumb Code     0  startup_stm32l152xe.o(.text)
    COMP_IRQHandler                          0x08000153   Thumb Code     0  startup_stm32l152xe.o(.text)
    DAC_IRQHandler                           0x08000153   Thumb Code     0  startup_stm32l152xe.o(.text)
    DMA1_Channel1_IRQHandler                 0x08000153   Thumb Code     0  startup_stm32l152xe.o(.text)
    DMA1_Channel2_IRQHandler                 0x08000153   Thumb Code     0  startup_stm32l152xe.o(.text)
    DMA1_Channel3_IRQHandler                 0x08000153   Thumb Code     0  startup_stm32l152xe.o(.text)
    DMA1_Channel4_IRQHandler                 0x08000153   Thumb Code     0  startup_stm32l152xe.o(.text)
    DMA1_Channel5_IRQHandler                 0x08000153   Thumb Code     0  startup_stm32l152xe.o(.text)
    DMA1_Channel6_IRQHandler                 0x08000153   Thumb Code     0  startup_stm32l152xe.o(.text)
    DMA1_Channel7_IRQHandler                 0x08000153   Thumb Code     0  startup_stm32l152xe.o(.text)
    DMA2_Channel1_IRQHandler                 0x08000153   Thumb Code     0  startup_stm32l152xe.o(.text)
    DMA2_Channel2_IRQHandler                 0x08000153   Thumb Code     0  startup_stm32l152xe.o(.text)
    DMA2_Channel3_IRQHandler                 0x08000153   Thumb Code     0  startup_stm32l152xe.o(.text)
    DMA2_Channel4_IRQHandler                 0x08000153   Thumb Code     0  startup_stm32l152xe.o(.text)
    DMA2_Channel5_IRQHandler                 0x08000153   Thumb Code     0  startup_stm32l152xe.o(.text)
    EXTI0_IRQHandler                         0x08000153   Thumb Code     0  startup_stm32l152xe.o(.text)
    EXTI15_10_IRQHandler                     0x08000153   Thumb Code     0  startup_stm32l152xe.o(.text)
    EXTI1_IRQHandler                         0x08000153   Thumb Code     0  startup_stm32l152xe.o(.text)
    EXTI2_IRQHandler                         0x08000153   Thumb Code     0  startup_stm32l152xe.o(.text)
    EXTI3_IRQHandler                         0x08000153   Thumb Code     0  startup_stm32l152xe.o(.text)
    EXTI4_IRQHandler                         0x08000153   Thumb Code     0  startup_stm32l152xe.o(.text)
    EXTI9_5_IRQHandler                       0x08000153   Thumb Code     0  startup_stm32l152xe.o(.text)
    FLASH_IRQHandler                         0x08000153   Thumb Code     0  startup_stm32l152xe.o(.text)
    I2C1_ER_IRQHandler                       0x08000153   Thumb Code     0  startup_stm32l152xe.o(.text)
    I2C1_EV_IRQHandler                       0x08000153   Thumb Code     0  startup_stm32l152xe.o(.text)
    I2C2_ER_IRQHandler                       0x08000153   Thumb Code     0  startup_stm32l152xe.o(.text)
    I2C2_EV_IRQHandler                       0x08000153   Thumb Code     0  startup_stm32l152xe.o(.text)
    LCD_IRQHandler                           0x08000153   Thumb Code     0  startup_stm32l152xe.o(.text)
    PVD_IRQHandler                           0x08000153   Thumb Code     0  startup_stm32l152xe.o(.text)
    RCC_IRQHandler                           0x08000153   Thumb Code     0  startup_stm32l152xe.o(.text)
    RTC_Alarm_IRQHandler                     0x08000153   Thumb Code     0  startup_stm32l152xe.o(.text)
    RTC_WKUP_IRQHandler                      0x08000153   Thumb Code     0  startup_stm32l152xe.o(.text)
    SPI1_IRQHandler                          0x08000153   Thumb Code     0  startup_stm32l152xe.o(.text)
    SPI2_IRQHandler                          0x08000153   Thumb Code     0  startup_stm32l152xe.o(.text)
    SPI3_IRQHandler                          0x08000153   Thumb Code     0  startup_stm32l152xe.o(.text)
    TAMPER_STAMP_IRQHandler                  0x08000153   Thumb Code     0  startup_stm32l152xe.o(.text)
    TIM10_IRQHandler                         0x08000153   Thumb Code     0  startup_stm32l152xe.o(.text)
    TIM11_IRQHandler                         0x08000153   Thumb Code     0  startup_stm32l152xe.o(.text)
    TIM2_IRQHandler                          0x08000153   Thumb Code     0  startup_stm32l152xe.o(.text)
    TIM3_IRQHandler                          0x08000153   Thumb Code     0  startup_stm32l152xe.o(.text)
    TIM4_IRQHandler                          0x08000153   Thumb Code     0  startup_stm32l152xe.o(.text)
    TIM5_IRQHandler                          0x08000153   Thumb Code     0  startup_stm32l152xe.o(.text)
    TIM6_IRQHandler                          0x08000153   Thumb Code     0  startup_stm32l152xe.o(.text)
    TIM7_IRQHandler                          0x08000153   Thumb Code     0  startup_stm32l152xe.o(.text)
    TIM9_IRQHandler                          0x08000153   Thumb Code     0  startup_stm32l152xe.o(.text)
    UART4_IRQHandler                         0x08000153   Thumb Code     0  startup_stm32l152xe.o(.text)
    UART5_IRQHandler                         0x08000153   Thumb Code     0  startup_stm32l152xe.o(.text)
    USART1_IRQHandler                        0x08000153   Thumb Code     0  startup_stm32l152xe.o(.text)
    USART2_IRQHandler                        0x08000153   Thumb Code     0  startup_stm32l152xe.o(.text)
    USART3_IRQHandler                        0x08000153   Thumb Code     0  startup_stm32l152xe.o(.text)
    USB_FS_WKUP_IRQHandler                   0x08000153   Thumb Code     0  startup_stm32l152xe.o(.text)
    USB_HP_IRQHandler                        0x08000153   Thumb Code     0  startup_stm32l152xe.o(.text)
    USB_LP_IRQHandler                        0x08000153   Thumb Code     0  startup_stm32l152xe.o(.text)
    WWDG_IRQHandler                          0x08000153   Thumb Code     0  startup_stm32l152xe.o(.text)
    __aeabi_memset                           0x0800015d   Thumb Code    14  memseta.o(.text)
    __aeabi_memset4                          0x0800015d   Thumb Code     0  memseta.o(.text)
    __aeabi_memset8                          0x0800015d   Thumb Code     0  memseta.o(.text)
    __aeabi_memclr                           0x0800016b   Thumb Code     4  memseta.o(.text)
    __aeabi_memclr4                          0x0800016b   Thumb Code     0  memseta.o(.text)
    __aeabi_memclr8                          0x0800016b   Thumb Code     0  memseta.o(.text)
    _memset$wrapper                          0x0800016f   Thumb Code    18  memseta.o(.text)
    __scatterload                            0x08000181   Thumb Code    28  init.o(.text)
    __scatterload_rt2                        0x08000181   Thumb Code     0  init.o(.text)
    BusFault_Handler                         0x080001a5   Thumb Code     2  stm32l1xx_it.o(i.BusFault_Handler)
    DebugMon_Handler                         0x080001a7   Thumb Code     2  stm32l1xx_it.o(i.DebugMon_Handler)
    HAL_Delay                                0x080001a9   Thumb Code    22  stm32l1xx_hal.o(i.HAL_Delay)
    HAL_GPIO_Init                            0x080001c1   Thumb Code   376  stm32l1xx_hal_gpio.o(i.HAL_GPIO_Init)
    HAL_GPIO_WritePin                        0x08000365   Thumb Code    10  stm32l1xx_hal_gpio.o(i.HAL_GPIO_WritePin)
    HAL_GetTick                              0x08000371   Thumb Code     6  stm32l1xx_hal.o(i.HAL_GetTick)
    HAL_IncTick                              0x0800037d   Thumb Code    10  stm32l1xx_hal.o(i.HAL_IncTick)
    HAL_Init                                 0x0800038d   Thumb Code    40  stm32l1xx_hal.o(i.HAL_Init)
    HAL_InitTick                             0x080003b9   Thumb Code    34  stm32l1xx_hal.o(i.HAL_InitTick)
    HAL_MspInit                              0x080003db   Thumb Code     2  stm32l1xx_hal_msp.o(i.HAL_MspInit)
    HAL_NVIC_SetPriority                     0x080003dd   Thumb Code    60  stm32l1xx_hal_cortex.o(i.HAL_NVIC_SetPriority)
    HAL_NVIC_SetPriorityGrouping             0x0800041d   Thumb Code    26  stm32l1xx_hal_cortex.o(i.HAL_NVIC_SetPriorityGrouping)
    HAL_RCC_ClockConfig                      0x08000441   Thumb Code   786  stm32l1xx_hal_rcc.o(i.HAL_RCC_ClockConfig)
    HAL_RCC_GetHCLKFreq                      0x0800075d   Thumb Code    38  stm32l1xx_hal_rcc.o(i.HAL_RCC_GetHCLKFreq)
    HAL_RCC_GetSysClockFreq                  0x08000791   Thumb Code   126  stm32l1xx_hal_rcc.o(i.HAL_RCC_GetSysClockFreq)
    HAL_RCC_OscConfig                        0x08000821   Thumb Code  1836  stm32l1xx_hal_rcc.o(i.HAL_RCC_OscConfig)
    HAL_SPI_Init                             0x08000f55   Thumb Code   130  stm32l1xx_hal_spi_ex.o(i.HAL_SPI_Init)
    HAL_SPI_MspInit                          0x08000fd9   Thumb Code   100  stm32l1xx_hal_msp.o(i.HAL_SPI_MspInit)
    HAL_SPI_Transmit                         0x08001045   Thumb Code   328  stm32l1xx_hal_spi.o(i.HAL_SPI_Transmit)
    HAL_SYSTICK_Config                       0x0800118d   Thumb Code    40  stm32l1xx_hal_cortex.o(i.HAL_SYSTICK_Config)
    HardFault_Handler                        0x080011b5   Thumb Code     2  stm32l1xx_it.o(i.HardFault_Handler)
    MemManage_Handler                        0x080011b7   Thumb Code     2  stm32l1xx_it.o(i.MemManage_Handler)
    NMI_Handler                              0x080011b9   Thumb Code     2  stm32l1xx_it.o(i.NMI_Handler)
    PendSV_Handler                           0x080011db   Thumb Code     2  stm32l1xx_it.o(i.PendSV_Handler)
    SVC_Handler                              0x0800127b   Thumb Code     2  stm32l1xx_it.o(i.SVC_Handler)
    SysTick_Handler                          0x0800127d   Thumb Code     4  stm32l1xx_it.o(i.SysTick_Handler)
    SystemClock_Config                       0x08001281   Thumb Code   120  main.o(i.SystemClock_Config)
    SystemInit                               0x08001301   Thumb Code    62  system_stm32l1xx.o(i.SystemInit)
    UsageFault_Handler                       0x08001351   Thumb Code     2  stm32l1xx_it.o(i.UsageFault_Handler)
    __scatterload_copy                       0x08001353   Thumb Code    14  handlers.o(i.__scatterload_copy)
    __scatterload_null                       0x08001361   Thumb Code     2  handlers.o(i.__scatterload_null)
    __scatterload_zeroinit                   0x08001363   Thumb Code    14  handlers.o(i.__scatterload_zeroinit)
    glcd_clear                               0x08001371   Thumb Code    34  glcd.o(i.glcd_clear)
    glcd_command                             0x08001399   Thumb Code    24  pcd8544.o(i.glcd_command)
    glcd_data                                0x080013b5   Thumb Code    24  pcd8544.o(i.glcd_data)
    glcd_draw_circle                         0x080013d1   Thumb Code   308  graphics.o(i.glcd_draw_circle)
    glcd_init                                0x08001505   Thumb Code   180  stm32l1xx_glcd.o(i.glcd_init)
    glcd_reset                               0x080015d9   Thumb Code    58  stm32l1xx_glcd.o(i.glcd_reset)
    glcd_reset_bbox                          0x0800161d   Thumb Code    20  glcd.o(i.glcd_reset_bbox)
    glcd_select_screen                       0x08001635   Thumb Code     8  glcd.o(i.glcd_select_screen)
    glcd_set_contrast                        0x08001641   Thumb Code    34  pcd8544.o(i.glcd_set_contrast)
    glcd_set_pixel                           0x08001665   Thumb Code    68  graphics.o(i.glcd_set_pixel)
    glcd_spi_write                           0x080016ad   Thumb Code    40  stm32l1xx_glcd.o(i.glcd_spi_write)
    glcd_update_bbox                         0x080016dd   Thumb Code    64  glcd.o(i.glcd_update_bbox)
    glcd_write                               0x08001721   Thumb Code   110  pcd8544.o(i.glcd_write)
    main                                     0x08001799   Thumb Code    36  main.o(i.main)
    aPLLDivisionFactorTable                  0x080017bc   Data           4  stm32l1xx_hal_rcc.o(.constdata)
    aAPBAHBPrescTable                        0x080017c0   Data          16  stm32l1xx_hal_rcc.o(.constdata)
    aPLLMulFactorTable                       0x080017d0   Data           9  stm32l1xx_hal_rcc.o(.constdata)
    Region$$Table$$Base                      0x080017dc   Number         0  anon$$obj.o(Region$$Table)
    Region$$Table$$Limit                     0x080017fc   Number         0  anon$$obj.o(Region$$Table)
    SystemCoreClock                          0x20000004   Data           4  system_stm32l1xx.o(.data)
    PLLMulTable                              0x20000008   Data           9  system_stm32l1xx.o(.data)
    AHBPrescTable                            0x20000011   Data          16  system_stm32l1xx.o(.data)
    glcd_bbox                                0x20000021   Data           4  glcd.o(.data)
    glcd_buffer_selected                     0x20000028   Data           4  glcd.o(.data)
    glcd_bbox_selected                       0x2000002c   Data           4  glcd.o(.data)
    glcd_buffer                              0x20000030   Data         504  glcd.o(.bss)
    SPI_Handle                               0x20000228   Data          84  stm32l1xx_glcd.o(.bss)
    __initial_sp                             0x20000680   Data           0  startup_stm32l152xe.o(STACK)



==============================================================================

Memory Map of the image

  Image Entry point : 0x08000125

  Load Region LR_IROM1 (Base: 0x08000000, Size: 0x0000182c, Max: 0x00080000, ABSOLUTE)

    Execution Region ER_IROM1 (Base: 0x08000000, Size: 0x000017fc, Max: 0x00080000, ABSOLUTE)

    Base Addr    Size         Type   Attr      Idx    E Section Name        Object

    0x08000000   0x00000124   Data   RO         5019    RESET               startup_stm32l152xe.o
    0x08000124   0x00000000   Code   RO         5862  * .ARM.Collect$$$$00000000  mc_w.l(entry.o)
    0x08000124   0x00000004   Code   RO         6135    .ARM.Collect$$$$00000001  mc_w.l(entry2.o)
    0x08000128   0x00000004   Code   RO         6138    .ARM.Collect$$$$00000004  mc_w.l(entry5.o)
    0x0800012c   0x00000000   Code   RO         6140    .ARM.Collect$$$$00000008  mc_w.l(entry7b.o)
    0x0800012c   0x00000000   Code   RO         6142    .ARM.Collect$$$$0000000A  mc_w.l(entry8b.o)
    0x0800012c   0x00000008   Code   RO         6143    .ARM.Collect$$$$0000000B  mc_w.l(entry9a.o)
    0x08000134   0x00000000   Code   RO         6145    .ARM.Collect$$$$0000000D  mc_w.l(entry10a.o)
    0x08000134   0x00000000   Code   RO         6147    .ARM.Collect$$$$0000000F  mc_w.l(entry11a.o)
    0x08000134   0x00000004   Code   RO         6136    .ARM.Collect$$$$00002712  mc_w.l(entry2.o)
    0x08000138   0x00000024   Code   RO         5020    .text               startup_stm32l152xe.o
    0x0800015c   0x00000024   Code   RO         5870    .text               mc_w.l(memseta.o)
    0x08000180   0x00000024   Code   RO         6167    .text               mc_w.l(init.o)
    0x080001a4   0x00000002   Code   RO         5128    i.BusFault_Handler  stm32l1xx_it.o
    0x080001a6   0x00000002   Code   RO         5129    i.DebugMon_Handler  stm32l1xx_it.o
    0x080001a8   0x00000016   Code   RO          329    i.HAL_Delay         stm32l1xx_hal.o
    0x080001be   0x00000002   PAD
    0x080001c0   0x000001a4   Code   RO         1529    i.HAL_GPIO_Init     stm32l1xx_hal_gpio.o
    0x08000364   0x0000000a   Code   RO         1533    i.HAL_GPIO_WritePin  stm32l1xx_hal_gpio.o
    0x0800036e   0x00000002   PAD
    0x08000370   0x0000000c   Code   RO          339    i.HAL_GetTick       stm32l1xx_hal.o
    0x0800037c   0x00000010   Code   RO          340    i.HAL_IncTick       stm32l1xx_hal.o
    0x0800038c   0x0000002c   Code   RO          341    i.HAL_Init          stm32l1xx_hal.o
    0x080003b8   0x00000022   Code   RO          342    i.HAL_InitTick      stm32l1xx_hal.o
    0x080003da   0x00000002   Code   RO         5088    i.HAL_MspInit       stm32l1xx_hal_msp.o
    0x080003dc   0x00000040   Code   RO          793    i.HAL_NVIC_SetPriority  stm32l1xx_hal_cortex.o
    0x0800041c   0x00000024   Code   RO          794    i.HAL_NVIC_SetPriorityGrouping  stm32l1xx_hal_cortex.o
    0x08000440   0x0000031c   Code   RO         2862    i.HAL_RCC_ClockConfig  stm32l1xx_hal_rcc.o
    0x0800075c   0x00000034   Code   RO         2867    i.HAL_RCC_GetHCLKFreq  stm32l1xx_hal_rcc.o
    0x08000790   0x00000090   Code   RO         2871    i.HAL_RCC_GetSysClockFreq  stm32l1xx_hal_rcc.o
    0x08000820   0x00000734   Code   RO         2874    i.HAL_RCC_OscConfig  stm32l1xx_hal_rcc.o
    0x08000f54   0x00000082   Code   RO         3769    i.HAL_SPI_Init      stm32l1xx_hal_spi_ex.o
    0x08000fd6   0x00000002   PAD
    0x08000fd8   0x0000006c   Code   RO         5090    i.HAL_SPI_MspInit   stm32l1xx_hal_msp.o
    0x08001044   0x00000148   Code   RO         3550    i.HAL_SPI_Transmit  stm32l1xx_hal_spi.o
    0x0800118c   0x00000028   Code   RO          798    i.HAL_SYSTICK_Config  stm32l1xx_hal_cortex.o
    0x080011b4   0x00000002   Code   RO         5130    i.HardFault_Handler  stm32l1xx_it.o
    0x080011b6   0x00000002   Code   RO         5131    i.MemManage_Handler  stm32l1xx_it.o
    0x080011b8   0x00000002   Code   RO         5132    i.NMI_Handler       stm32l1xx_it.o
    0x080011ba   0x00000020   Code   RO          800    i.NVIC_SetPriority  stm32l1xx_hal_cortex.o
    0x080011da   0x00000002   Code   RO         5133    i.PendSV_Handler    stm32l1xx_it.o
    0x080011dc   0x0000009e   Code   RO         3572    i.SPI_WaitOnFlagUntilTimeout  stm32l1xx_hal_spi.o
    0x0800127a   0x00000002   Code   RO         5134    i.SVC_Handler       stm32l1xx_it.o
    0x0800127c   0x00000004   Code   RO         5135    i.SysTick_Handler   stm32l1xx_it.o
    0x08001280   0x00000080   Code   RO         5026    i.SystemClock_Config  main.o
    0x08001300   0x00000050   Code   RO         4988    i.SystemInit        system_stm32l1xx.o
    0x08001350   0x00000002   Code   RO         5136    i.UsageFault_Handler  stm32l1xx_it.o
    0x08001352   0x0000000e   Code   RO         6181    i.__scatterload_copy  mc_w.l(handlers.o)
    0x08001360   0x00000002   Code   RO         6182    i.__scatterload_null  mc_w.l(handlers.o)
    0x08001362   0x0000000e   Code   RO         6183    i.__scatterload_zeroinit  mc_w.l(handlers.o)
    0x08001370   0x00000028   Code   RO         5201    i.glcd_clear        glcd.o
    0x08001398   0x0000001c   Code   RO         5696    i.glcd_command      pcd8544.o
    0x080013b4   0x0000001c   Code   RO         5697    i.glcd_data         pcd8544.o
    0x080013d0   0x00000134   Code   RO         5348    i.glcd_draw_circle  graphics.o
    0x08001504   0x000000d4   Code   RO         5794    i.glcd_init         stm32l1xx_glcd.o
    0x080015d8   0x00000044   Code   RO         5795    i.glcd_reset        stm32l1xx_glcd.o
    0x0800161c   0x00000018   Code   RO         5203    i.glcd_reset_bbox   glcd.o
    0x08001634   0x0000000c   Code   RO         5206    i.glcd_select_screen  glcd.o
    0x08001640   0x00000022   Code   RO         5700    i.glcd_set_contrast  pcd8544.o
    0x08001662   0x00000002   PAD
    0x08001664   0x00000048   Code   RO         5358    i.glcd_set_pixel    graphics.o
    0x080016ac   0x00000030   Code   RO         5796    i.glcd_spi_write    stm32l1xx_glcd.o
    0x080016dc   0x00000044   Code   RO         5207    i.glcd_update_bbox  glcd.o
    0x08001720   0x00000078   Code   RO         5703    i.glcd_write        pcd8544.o
    0x08001798   0x00000024   Code   RO         5027    i.main              main.o
    0x080017bc   0x0000001d   Data   RO         2875    .constdata          stm32l1xx_hal_rcc.o
    0x080017d9   0x00000003   PAD
    0x080017dc   0x00000020   Data   RO         6179    Region$$Table       anon$$obj.o


    Execution Region RW_IRAM1 (Base: 0x20000000, Size: 0x00000680, Max: 0x00014000, ABSOLUTE)

    Base Addr    Size         Type   Attr      Idx    E Section Name        Object

    0x20000000   0x00000004   Data   RW          347    .data               stm32l1xx_hal.o
    0x20000004   0x0000001d   Data   RW         4989    .data               system_stm32l1xx.o
    0x20000021   0x00000004   Data   RW         5209    .data               glcd.o
    0x20000025   0x00000003   PAD
    0x20000028   0x00000008   Data   RW         5210    .data               glcd.o
    0x20000030   0x000001f8   Zero   RW         5208    .bss                glcd.o
    0x20000228   0x00000054   Zero   RW         5797    .bss                stm32l1xx_glcd.o
    0x2000027c   0x00000004   PAD
    0x20000280   0x00000400   Zero   RW         5017    STACK               startup_stm32l152xe.o


==============================================================================

Image component sizes


      Code (inc. data)   RO Data    RW Data    ZI Data      Debug   Object Name

       144         18          0         12        504       3886   glcd.o
       380          4          0          0          0       1352   graphics.o
       164          8          0          0          0       1300   main.o
       210         18          0          0          0       2450   pcd8544.o
        36          8        292          0       1024        736   startup_stm32l152xe.o
       328         50          0          0         84       1891   stm32l1xx_glcd.o
       128         16          0          4          0       3674   stm32l1xx_hal.o
       172         14          0          0          0      26570   stm32l1xx_hal_cortex.o
       430         44          0          0          0       2272   stm32l1xx_hal_gpio.o
       110          8          0          0          0       1252   stm32l1xx_hal_msp.o
      2836         62         29          0          0       5501   stm32l1xx_hal_rcc.o
       486          0          0          0          0       2211   stm32l1xx_hal_spi.o
       130          0          0          0          0       1087   stm32l1xx_hal_spi_ex.o
        20          0          0          0          0       3466   stm32l1xx_it.o
         0          0          0          0          0     220264   stm32l1xx_nucleo.o
        80         18          0         29          0       1069   system_stm32l1xx.o

    ----------------------------------------------------------------------
      5662        268        356         48       1616     278981   Object Totals
         0          0         32          0          0          0   (incl. Generated)
         8          0          3          3          4          0   (incl. Padding)

    ----------------------------------------------------------------------

      Code (inc. data)   RO Data    RW Data    ZI Data      Debug   Library Member Name

         0          0          0          0          0          0   entry.o
         0          0          0          0          0          0   entry10a.o
         0          0          0          0          0          0   entry11a.o
         8          4          0          0          0          0   entry2.o
         4          0          0          0          0          0   entry5.o
         0          0          0          0          0          0   entry7b.o
         0          0          0          0          0          0   entry8b.o
         8          4          0          0          0          0   entry9a.o
        30          0          0          0          0          0   handlers.o
        36          8          0          0          0         68   init.o
        36          0          0          0          0        108   memseta.o

    ----------------------------------------------------------------------
       122         16          0          0          0        176   Library Totals
         0          0          0          0          0          0   (incl. Padding)

    ----------------------------------------------------------------------

      Code (inc. data)   RO Data    RW Data    ZI Data      Debug   Library Name

       122         16          0          0          0        176   mc_w.l

    ----------------------------------------------------------------------
       122         16          0          0          0        176   Library Totals

    ----------------------------------------------------------------------

==============================================================================


      Code (inc. data)   RO Data    RW Data    ZI Data      Debug   

      5784        284        356         48       1616     277125   Grand Totals
      5784        284        356         48       1616     277125   ELF Image Totals
      5784        284        356         48          0          0   ROM Totals

==============================================================================

    Total RO  Size (Code + RO Data)                 6140 (   6.00kB)
    Total RW  Size (RW Data + ZI Data)              1664 (   1.63kB)
    Total ROM Size (Code + RO Data + RW Data)       6188 (   6.04kB)

==============================================================================

