Component: ARM Compiler 5.05 update 1 (build 106) Tool: armlink [4d0efa]

==============================================================================

Section Cross References

    stm32l1xx_nucleo.o(i.ADCx_Init) refers to stm32l1xx_hal_adc.o(i.HAL_ADC_GetState) for HAL_ADC_GetState
    stm32l1xx_nucleo.o(i.ADCx_Init) refers to memseta.o(.text) for __aeabi_memclr4
    stm32l1xx_nucleo.o(i.ADCx_Init) refers to stm32l1xx_hal_gpio.o(i.HAL_GPIO_Init) for HAL_GPIO_Init
    stm32l1xx_nucleo.o(i.ADCx_Init) refers to stm32l1xx_hal_adc.o(i.HAL_ADC_Init) for HAL_ADC_Init
    stm32l1xx_nucleo.o(i.ADCx_Init) refers to stm32l1xx_nucleo.o(.bss) for .bss
    stm32l1xx_nucleo.o(i.BSP_JOY_GetState) refers to stm32l1xx_hal_adc.o(i.HAL_ADC_Start) for HAL_ADC_Start
    stm32l1xx_nucleo.o(i.BSP_JOY_GetState) refers to stm32l1xx_hal_adc.o(i.HAL_ADC_PollForConversion) for HAL_ADC_PollForConversion
    stm32l1xx_nucleo.o(i.BSP_JOY_GetState) refers to stm32l1xx_hal_adc.o(i.HAL_ADC_GetState) for HAL_ADC_GetState
    stm32l1xx_nucleo.o(i.BSP_JOY_GetState) refers to stm32l1xx_hal_adc.o(i.HAL_ADC_GetValue) for HAL_ADC_GetValue
    stm32l1xx_nucleo.o(i.BSP_JOY_GetState) refers to stm32l1xx_nucleo.o(.bss) for .bss
    stm32l1xx_nucleo.o(i.BSP_JOY_Init) refers to stm32l1xx_nucleo.o(i.ADCx_Init) for ADCx_Init
    stm32l1xx_nucleo.o(i.BSP_JOY_Init) refers to stm32l1xx_hal_adc.o(i.HAL_ADC_ConfigChannel) for HAL_ADC_ConfigChannel
    stm32l1xx_nucleo.o(i.BSP_JOY_Init) refers to stm32l1xx_nucleo.o(.bss) for .bss
    stm32l1xx_nucleo.o(i.BSP_LED_Init) refers to memseta.o(.text) for __aeabi_memclr4
    stm32l1xx_nucleo.o(i.BSP_LED_Init) refers to stm32l1xx_hal_gpio.o(i.HAL_GPIO_Init) for HAL_GPIO_Init
    stm32l1xx_nucleo.o(i.BSP_LED_Init) refers to stm32l1xx_hal_gpio.o(i.HAL_GPIO_WritePin) for HAL_GPIO_WritePin
    stm32l1xx_nucleo.o(i.BSP_LED_Init) refers to stm32l1xx_nucleo.o(.constdata) for .constdata
    stm32l1xx_nucleo.o(i.BSP_LED_Init) refers to stm32l1xx_nucleo.o(.data) for .data
    stm32l1xx_nucleo.o(i.BSP_LED_Off) refers to stm32l1xx_hal_gpio.o(i.HAL_GPIO_WritePin) for HAL_GPIO_WritePin
    stm32l1xx_nucleo.o(i.BSP_LED_Off) refers to stm32l1xx_nucleo.o(.constdata) for .constdata
    stm32l1xx_nucleo.o(i.BSP_LED_Off) refers to stm32l1xx_nucleo.o(.data) for .data
    stm32l1xx_nucleo.o(i.BSP_LED_On) refers to stm32l1xx_hal_gpio.o(i.HAL_GPIO_WritePin) for HAL_GPIO_WritePin
    stm32l1xx_nucleo.o(i.BSP_LED_On) refers to stm32l1xx_nucleo.o(.constdata) for .constdata
    stm32l1xx_nucleo.o(i.BSP_LED_On) refers to stm32l1xx_nucleo.o(.data) for .data
    stm32l1xx_nucleo.o(i.BSP_LED_Toggle) refers to stm32l1xx_hal_gpio.o(i.HAL_GPIO_TogglePin) for HAL_GPIO_TogglePin
    stm32l1xx_nucleo.o(i.BSP_LED_Toggle) refers to stm32l1xx_nucleo.o(.constdata) for .constdata
    stm32l1xx_nucleo.o(i.BSP_LED_Toggle) refers to stm32l1xx_nucleo.o(.data) for .data
    stm32l1xx_nucleo.o(i.BSP_PB_GetState) refers to stm32l1xx_hal_gpio.o(i.HAL_GPIO_ReadPin) for HAL_GPIO_ReadPin
    stm32l1xx_nucleo.o(i.BSP_PB_GetState) refers to stm32l1xx_nucleo.o(.constdata) for .constdata
    stm32l1xx_nucleo.o(i.BSP_PB_GetState) refers to stm32l1xx_nucleo.o(.data) for .data
    stm32l1xx_nucleo.o(i.BSP_PB_Init) refers to memseta.o(.text) for __aeabi_memclr4
    stm32l1xx_nucleo.o(i.BSP_PB_Init) refers to stm32l1xx_hal_gpio.o(i.HAL_GPIO_Init) for HAL_GPIO_Init
    stm32l1xx_nucleo.o(i.BSP_PB_Init) refers to stm32l1xx_hal_cortex.o(i.HAL_NVIC_SetPriority) for HAL_NVIC_SetPriority
    stm32l1xx_nucleo.o(i.BSP_PB_Init) refers to stm32l1xx_hal_cortex.o(i.HAL_NVIC_EnableIRQ) for HAL_NVIC_EnableIRQ
    stm32l1xx_nucleo.o(i.BSP_PB_Init) refers to stm32l1xx_nucleo.o(.constdata) for .constdata
    stm32l1xx_nucleo.o(i.BSP_PB_Init) refers to stm32l1xx_nucleo.o(.data) for .data
    stm32l1xx_nucleo.o(i.LCD_Delay) refers to stm32l1xx_hal.o(i.HAL_Delay) for HAL_Delay
    stm32l1xx_nucleo.o(i.LCD_IO_Init) refers to memseta.o(.text) for __aeabi_memclr4
    stm32l1xx_nucleo.o(i.LCD_IO_Init) refers to stm32l1xx_hal_gpio.o(i.HAL_GPIO_Init) for HAL_GPIO_Init
    stm32l1xx_nucleo.o(i.LCD_IO_Init) refers to stm32l1xx_hal_gpio.o(i.HAL_GPIO_WritePin) for HAL_GPIO_WritePin
    stm32l1xx_nucleo.o(i.LCD_IO_Init) refers to stm32l1xx_nucleo.o(i.SPIx_Init) for SPIx_Init
    stm32l1xx_nucleo.o(i.LCD_IO_WriteMultipleData) refers to stm32l1xx_hal_gpio.o(i.HAL_GPIO_WritePin) for HAL_GPIO_WritePin
    stm32l1xx_nucleo.o(i.LCD_IO_WriteMultipleData) refers to stm32l1xx_nucleo.o(i.SPIx_Write) for SPIx_Write
    stm32l1xx_nucleo.o(i.LCD_IO_WriteMultipleData) refers to stm32l1xx_nucleo.o(.bss) for .bss
    stm32l1xx_nucleo.o(i.LCD_IO_WriteReg) refers to stm32l1xx_hal_gpio.o(i.HAL_GPIO_WritePin) for HAL_GPIO_WritePin
    stm32l1xx_nucleo.o(i.LCD_IO_WriteReg) refers to stm32l1xx_nucleo.o(i.SPIx_Write) for SPIx_Write
    stm32l1xx_nucleo.o(i.SD_IO_Init) refers to memseta.o(.text) for __aeabi_memclr4
    stm32l1xx_nucleo.o(i.SD_IO_Init) refers to stm32l1xx_hal_gpio.o(i.HAL_GPIO_Init) for HAL_GPIO_Init
[...]
    text.o(i.glcd_draw_string_xy_P) refers to text.o(.bss) for .bss
    text.o(i.glcd_font) refers to text.o(.bss) for .bss
    text.o(i.glcd_set_font) refers to text.o(.bss) for .bss
    text_tiny.o(i.glcd_tiny_draw_char) refers to glcd.o(i.glcd_update_bbox) for glcd_update_bbox
    text_tiny.o(i.glcd_tiny_draw_char) refers to text.o(.bss) for font_current
    text_tiny.o(i.glcd_tiny_draw_char) refers to glcd.o(.data) for glcd_buffer_selected
    text_tiny.o(i.glcd_tiny_draw_char_xy) refers to graphics.o(i.glcd_set_pixel) for glcd_set_pixel
    text_tiny.o(i.glcd_tiny_draw_char_xy) refers to glcd.o(i.glcd_update_bbox) for glcd_update_bbox
    text_tiny.o(i.glcd_tiny_draw_char_xy) refers to text.o(.bss) for font_current
    text_tiny.o(i.glcd_tiny_draw_string) refers to text_tiny.o(i.glcd_tiny_draw_char) for glcd_tiny_draw_char
    text_tiny.o(i.glcd_tiny_draw_string) refers to text.o(.bss) for font_current
    text_tiny.o(i.glcd_tiny_draw_string_P) refers to text_tiny.o(i.glcd_tiny_draw_char) for glcd_tiny_draw_char
    text_tiny.o(i.glcd_tiny_draw_string_P) refers to text.o(.bss) for font_current
    text_tiny.o(i.glcd_tiny_draw_string_ammend) refers to glcd.o(i.glcd_scroll_line) for glcd_scroll_line
    text_tiny.o(i.glcd_tiny_draw_string_ammend) refers to text_tiny.o(i.glcd_tiny_draw_string) for glcd_tiny_draw_string
    text_tiny.o(i.glcd_tiny_draw_string_ammend) refers to pcd8544.o(i.glcd_write) for glcd_write
    text_tiny.o(i.glcd_tiny_draw_string_ammend_P) refers to glcd.o(i.glcd_scroll_line) for glcd_scroll_line
    text_tiny.o(i.glcd_tiny_draw_string_ammend_P) refers to text_tiny.o(i.glcd_tiny_draw_string_P) for glcd_tiny_draw_string_P
    text_tiny.o(i.glcd_tiny_draw_string_ammend_P) refers to pcd8544.o(i.glcd_write) for glcd_write
    text_tiny.o(i.glcd_tiny_invert_line) refers to graphics.o(i.glcd_invert_area) for glcd_invert_area
    text_tiny.o(i.glcd_tiny_set_font) refers to text.o(.bss) for font_current
    unit_tests.o(i.glcd_test_bitmap_128x64) refers to graphics.o(i.glcd_draw_bitmap) for glcd_draw_bitmap
    unit_tests.o(i.glcd_test_bitmap_128x64) refers to pcd8544.o(i.glcd_write) for glcd_write
    unit_tests.o(i.glcd_test_bitmap_128x64) refers to unit_tests.o(.constdata) for .constdata
    unit_tests.o(i.glcd_test_bitmap_128x64) refers to unit_tests.o(.data) for .data
    unit_tests.o(i.glcd_test_circles) refers to glcd.o(i.glcd_clear) for glcd_clear
    unit_tests.o(i.glcd_test_circles) refers to rand.o(.text) for rand
    unit_tests.o(i.glcd_test_circles) refers to graphics.o(i.glcd_fill_circle) for glcd_fill_circle
    unit_tests.o(i.glcd_test_circles) refers to pcd8544.o(i.glcd_write) for glcd_write
    unit_tests.o(i.glcd_test_circles) refers to unit_tests.o(.data) for .data
    unit_tests.o(i.glcd_test_counter_and_graph) refers to glcd.o(i.glcd_clear_buffer) for glcd_clear_buffer
    unit_tests.o(i.glcd_test_counter_and_graph) refers to text.o(i.glcd_set_font) for glcd_set_font
    unit_tests.o(i.glcd_test_counter_and_graph) refers to printf1.o(i.__0sprintf$1) for __2sprintf
    unit_tests.o(i.glcd_test_counter_and_graph) refers to text.o(i.glcd_draw_string_xy) for glcd_draw_string_xy
    unit_tests.o(i.glcd_test_counter_and_graph) refers to graphs.o(i.glcd_bar_graph_horizontal) for glcd_bar_graph_horizontal
    unit_tests.o(i.glcd_test_counter_and_graph) refers to graphs.o(i.glcd_bar_graph_vertical) for glcd_bar_graph_vertical
    unit_tests.o(i.glcd_test_counter_and_graph) refers to pcd8544.o(i.glcd_write) for glcd_write
    unit_tests.o(i.glcd_test_counter_and_graph) refers to unit_tests.o(.data) for .data
    unit_tests.o(i.glcd_test_counter_and_graph) refers to unit_tests.o(.constdata) for .constdata
    unit_tests.o(i.glcd_test_glcdutils) refers to glcd.o(i.glcd_clear_buffer) for glcd_clear_buffer
    unit_tests.o(i.glcd_test_glcdutils) refers to text.o(i.glcd_font) for glcd_font
    unit_tests.o(i.glcd_test_glcdutils) refers to printf1.o(i.__0sprintf$1) for __2sprintf
    unit_tests.o(i.glcd_test_glcdutils) refers to text.o(i.glcd_draw_string_xy) for glcd_draw_string_xy
    unit_tests.o(i.glcd_test_glcdutils) refers to pcd8544.o(i.glcd_write) for glcd_write
    unit_tests.o(i.glcd_test_glcdutils) refers to unit_tests.o(.data) for .data
    unit_tests.o(i.glcd_test_glcdutils) refers to unit_tests.o(.constdata) for .constdata
    unit_tests.o(i.glcd_test_hello_world) refers to text_tiny.o(i.glcd_tiny_set_font) for glcd_tiny_set_font
    unit_tests.o(i.glcd_test_hello_world) refers to glcd.o(i.glcd_clear_buffer) for glcd_clear_buffer
    unit_tests.o(i.glcd_test_hello_world) refers to text_tiny.o(i.glcd_tiny_draw_string) for glcd_tiny_draw_string
    unit_tests.o(i.glcd_test_hello_world) refers to pcd8544.o(i.glcd_write) for glcd_write
    unit_tests.o(i.glcd_test_hello_world) refers to unit_tests.o(.constdata) for .constdata
    unit_tests.o(i.glcd_test_hello_world) refers to unit_tests.o(.data) for .data
    unit_tests.o(i.glcd_test_rectangles) refers to text_tiny.o(i.glcd_tiny_set_font) for glcd_tiny_set_font
    unit_tests.o(i.glcd_test_rectangles) refers to glcd.o(i.glcd_clear_buffer) for glcd_clear_buffer
    unit_tests.o(i.glcd_test_rectangles) refers to text_tiny.o(i.glcd_tiny_draw_string) for glcd_tiny_draw_string
    unit_tests.o(i.glcd_test_rectangles) refers to pcd8544.o(i.glcd_write) for glcd_write
    unit_tests.o(i.glcd_test_rectangles) refers to glcd.o(i.glcd_clear) for glcd_clear
    unit_tests.o(i.glcd_test_rectangles) refers to graphics.o(i.glcd_draw_rect) for glcd_draw_rect
    unit_tests.o(i.glcd_test_rectangles) refers to graphics.o(i.glcd_draw_rect_thick) for glcd_draw_rect_thick
    unit_tests.o(i.glcd_test_rectangles) refers to graphics.o(i.glcd_draw_rect_shadow) for glcd_draw_rect_shadow
    unit_tests.o(i.glcd_test_rectangles) refers to unit_tests.o(.constdata) for .constdata
    unit_tests.o(i.glcd_test_rectangles) refers to unit_tests.o(.data) for .data
    unit_tests.o(i.glcd_test_scrolling_graph) refers to glcd.o(i.glcd_clear) for glcd_clear
    unit_tests.o(i.glcd_test_scrolling_graph) refers to pcd8544.o(i.glcd_write) for glcd_write
    unit_tests.o(i.glcd_test_scrolling_graph) refers to graphs.o(i.glcd_scrolling_bar_graph) for glcd_scrolling_bar_graph
    unit_tests.o(i.glcd_test_scrolling_graph) refers to unit_tests.o(.data) for .data
    unit_tests.o(i.glcd_test_text_up_down) refers to text.o(i.glcd_set_font) for glcd_set_font
    unit_tests.o(i.glcd_test_text_up_down) refers to glcd.o(i.glcd_clear_buffer) for glcd_clear_buffer
    unit_tests.o(i.glcd_test_text_up_down) refers to text.o(i.glcd_draw_string_xy) for glcd_draw_string_xy
    unit_tests.o(i.glcd_test_text_up_down) refers to pcd8544.o(i.glcd_write) for glcd_write
    unit_tests.o(i.glcd_test_text_up_down) refers to unit_tests.o(.constdata) for .constdata
    unit_tests.o(i.glcd_test_text_up_down) refers to text.o(.bss) for font_current
    unit_tests.o(i.glcd_test_text_up_down) refers to unit_tests.o(.data) for .data
    unit_tests.o(i.glcd_test_tiny_text) refers to text_tiny.o(i.glcd_tiny_set_font) for glcd_tiny_set_font
    unit_tests.o(i.glcd_test_tiny_text) refers to text_tiny.o(i.glcd_tiny_draw_string_ammend) for glcd_tiny_draw_string_ammend
    unit_tests.o(i.glcd_test_tiny_text) refers to unit_tests.o(.constdata) for .constdata
    unit_tests.o(i.glcd_test_tiny_text) refers to unit_tests.o(.data) for .data
    pcd8544.o(i.glcd_PCD8544_init) refers to pcd8544.o(i.glcd_command) for glcd_command
    pcd8544.o(i.glcd_command) refers to stm32l1xx_hal_gpio.o(i.HAL_GPIO_WritePin) for HAL_GPIO_WritePin
    pcd8544.o(i.glcd_data) refers to stm32l1xx_hal_gpio.o(i.HAL_GPIO_WritePin) for HAL_GPIO_WritePin
    pcd8544.o(i.glcd_power_down) refers to glcd.o(i.glcd_clear) for glcd_clear
    pcd8544.o(i.glcd_power_down) refers to pcd8544.o(i.glcd_command) for glcd_command
    pcd8544.o(i.glcd_power_up) refers to pcd8544.o(i.glcd_command) for glcd_command
    pcd8544.o(i.glcd_set_contrast) refers to pcd8544.o(i.glcd_command) for glcd_command
    pcd8544.o(i.glcd_set_x_address) refers to pcd8544.o(i.glcd_command) for glcd_command
    pcd8544.o(i.glcd_set_y_address) refers to pcd8544.o(i.glcd_command) for glcd_command
    pcd8544.o(i.glcd_write) refers to pcd8544.o(i.glcd_command) for glcd_command
    pcd8544.o(i.glcd_write) refers to pcd8544.o(i.glcd_data) for glcd_data
    pcd8544.o(i.glcd_write) refers to glcd.o(i.glcd_reset_bbox) for glcd_reset_bbox
    pcd8544.o(i.glcd_write) refers to glcd.o(.data) for glcd_bbox_selected
    entry.o(.ARM.Collect$$$$00000000) refers (Special) to entry10a.o(.ARM.Collect$$$$0000000D) for __rt_final_cpp
    entry.o(.ARM.Collect$$$$00000000) refers (Special) to entry11a.o(.ARM.Collect$$$$0000000F) for __rt_final_exit
    entry.o(.ARM.Collect$$$$00000000) refers (Special) to entry7b.o(.ARM.Collect$$$$00000008) for _main_clock
    entry.o(.ARM.Collect$$$$00000000) refers (Special) to entry8b.o(.ARM.Collect$$$$0000000A) for _main_cpp_init
    entry.o(.ARM.Collect$$$$00000000) refers (Special) to entry9a.o(.ARM.Collect$$$$0000000B) for _main_init
    entry.o(.ARM.Collect$$$$00000000) refers (Special) to entry5.o(.ARM.Collect$$$$00000004) for _main_scatterload
    entry.o(.ARM.Collect$$$$00000000) refers (Special) to entry2.o(.ARM.Collect$$$$00000001) for _main_stk
    rand.o(.text) refers to rand.o(.data) for .data
    printfb.o(i.__0fprintf$bare) refers to printfb.o(i._printf_core) for _printf_core
    printfb.o(i.__0fprintf$bare) refers to fputc.o(i.fputc) for fputc
    printfb.o(i.__0printf$bare) refers to printfb.o(i._printf_core) for _printf_core
    printfb.o(i.__0printf$bare) refers to fputc.o(i.fputc) for fputc
    printfb.o(i.__0printf$bare) refers to stdout.o(.data) for __stdout
    printfb.o(i.__0snprintf$bare) refers to printfb.o(i._printf_core) for _printf_core
    printfb.o(i.__0snprintf$bare) refers to printfb.o(i._snputc) for _snputc
    printfb.o(i.__0sprintf$bare) refers to printfb.o(i._printf_core) for _printf_core
    printfb.o(i.__0sprintf$bare) refers to printfb.o(i._sputc) for _sputc
    printfb.o(i.__0vfprintf$bare) refers to printfb.o(i._printf_core) for _printf_core
    printfb.o(i.__0vfprintf$bare) refers to fputc.o(i.fputc) for fputc
    printfb.o(i.__0vprintf$bare) refers to printfb.o(i._printf_core) for _printf_core
    printfb.o(i.__0vprintf$bare) refers to fputc.o(i.fputc) for fputc
    printfb.o(i.__0vprintf$bare) refers to stdout.o(.data) for __stdout
    printfb.o(i.__0vsnprintf$bare) refers to printfb.o(i._printf_core) for _printf_core
    printfb.o(i.__0vsnprintf$bare) refers to printfb.o(i._snputc) for _snputc
    printfb.o(i.__0vsprintf$bare) refers to printfb.o(i._printf_core) for _printf_core
    printfb.o(i.__0vsprintf$bare) refers to printfb.o(i._sputc) for _sputc
    printf0.o(i.__0fprintf$0) refers to printf0.o(i._printf_core) for _printf_core
    printf0.o(i.__0fprintf$0) refers to fputc.o(i.fputc) for fputc
    printf0.o(i.__0printf$0) refers to printf0.o(i._printf_core) for _printf_core
    printf0.o(i.__0printf$0) refers to fputc.o(i.fputc) for fputc
    printf0.o(i.__0printf$0) refers to stdout.o(.data) for __stdout
    printf0.o(i.__0snprintf$0) refers to printf0.o(i._printf_core) for _printf_core
    printf0.o(i.__0snprintf$0) refers to printf0.o(i._snputc) for _snputc
    printf0.o(i.__0sprintf$0) refers to printf0.o(i._printf_core) for _printf_core
    printf0.o(i.__0sprintf$0) refers to printf0.o(i._sputc) for _sputc
    printf0.o(i.__0vfprintf$0) refers to printf0.o(i._printf_core) for _printf_core
    printf0.o(i.__0vfprintf$0) refers to fputc.o(i.fputc) for fputc
    printf0.o(i.__0vprintf$0) refers to printf0.o(i._printf_core) for _printf_core
    printf0.o(i.__0vprintf$0) refers to fputc.o(i.fputc) for fputc
    printf0.o(i.__0vprintf$0) refers to stdout.o(.data) for __stdout
    printf0.o(i.__0vsnprintf$0) refers to printf0.o(i._printf_core) for _printf_core
    printf0.o(i.__0vsnprintf$0) refers to printf0.o(i._snputc) for _snputc
    printf0.o(i.__0vsprintf$0) refers to printf0.o(i._printf_core) for _printf_core
    printf0.o(i.__0vsprintf$0) refers to printf0.o(i._sputc) for _sputc
    printf1.o(i.__0fprintf$1) refers to printf1.o(i._printf_core) for _printf_core
    printf1.o(i.__0fprintf$1) refers to fputc.o(i.fputc) for fputc
    printf1.o(i.__0printf$1) refers to printf1.o(i._printf_core) for _printf_core
    printf1.o(i.__0printf$1) refers to fputc.o(i.fputc) for fputc
    printf1.o(i.__0printf$1) refers to stdout.o(.data) for __stdout
    printf1.o(i.__0snprintf$1) refers to printf1.o(i._printf_core) for _printf_core
    printf1.o(i.__0snprintf$1) refers to printf1.o(i._snputc) for _snputc
    printf1.o(i.__0sprintf$1) refers to printf1.o(i._printf_core) for _printf_core
    printf1.o(i.__0sprintf$1) refers to printf1.o(i._sputc) for _sputc
    printf1.o(i.__0vfprintf$1) refers to printf1.o(i._printf_core) for _printf_core
    printf1.o(i.__0vfprintf$1) refers to fputc.o(i.fputc) for fputc
    printf1.o(i.__0vprintf$1) refers to printf1.o(i._printf_core) for _printf_core
    printf1.o(i.__0vprintf$1) refers to fputc.o(i.fputc) for fputc
    printf1.o(i.__0vprintf$1) refers to stdout.o(.data) for __stdout
    printf1.o(i.__0vsnprintf$1) refers to printf1.o(i._printf_core) for _printf_core
    printf1.o(i.__0vsnprintf$1) refers to printf1.o(i._snputc) for _snputc
    printf1.o(i.__0vsprintf$1) refers to printf1.o(i._printf_core) for _printf_core
    printf1.o(i.__0vsprintf$1) refers to printf1.o(i._sputc) for _sputc
    printf1.o(i._printf_core) refers to uidiv.o(.text) for __aeabi_uidivmod
    printf2.o(i.__0fprintf$2) refers to printf2.o(i._printf_core) for _printf_core
    printf2.o(i.__0fprintf$2) refers to fputc.o(i.fputc) for fputc
    printf2.o(i.__0printf$2) refers to printf2.o(i._printf_core) for _printf_core
    printf2.o(i.__0printf$2) refers to fputc.o(i.fputc) for fputc
    printf2.o(i.__0printf$2) refers to stdout.o(.data) for __stdout
    printf2.o(i.__0snprintf$2) refers to printf2.o(i._printf_core) for _printf_core
    printf2.o(i.__0snprintf$2) refers to printf2.o(i._snputc) for _snputc
    printf2.o(i.__0sprintf$2) refers to printf2.o(i._printf_core) for _printf_core
    printf2.o(i.__0sprintf$2) refers to printf2.o(i._sputc) for _sputc
    printf2.o(i.__0vfprintf$2) refers to printf2.o(i._printf_core) for _printf_core
    printf2.o(i.__0vfprintf$2) refers to fputc.o(i.fputc) for fputc
    printf2.o(i.__0vprintf$2) refers to printf2.o(i._printf_core) for _printf_core
    printf2.o(i.__0vprintf$2) refers to fputc.o(i.fputc) for fputc
    printf2.o(i.__0vprintf$2) refers to stdout.o(.data) for __stdout
    printf2.o(i.__0vsnprintf$2) refers to printf2.o(i._printf_core) for _printf_core
    printf2.o(i.__0vsnprintf$2) refers to printf2.o(i._snputc) for _snputc
    printf2.o(i.__0vsprintf$2) refers to printf2.o(i._printf_core) for _printf_core
    printf2.o(i.__0vsprintf$2) refers to printf2.o(i._sputc) for _sputc
    printf3.o(i.__0fprintf$3) refers to printf3.o(i._printf_core) for _printf_core
    printf3.o(i.__0fprintf$3) refers to fputc.o(i.fputc) for fputc
    printf3.o(i.__0printf$3) refers to printf3.o(i._printf_core) for _printf_core
    printf3.o(i.__0printf$3) refers to fputc.o(i.fputc) for fputc
    printf3.o(i.__0printf$3) refers to stdout.o(.data) for __stdout
    printf3.o(i.__0snprintf$3) refers to printf3.o(i._printf_core) for _printf_core
    printf3.o(i.__0snprintf$3) refers to printf3.o(i._snputc) for _snputc
    printf3.o(i.__0sprintf$3) refers to printf3.o(i._printf_core) for _printf_core
    printf3.o(i.__0sprintf$3) refers to printf3.o(i._sputc) for _sputc
    printf3.o(i.__0vfprintf$3) refers to printf3.o(i._printf_core) for _printf_core
    printf3.o(i.__0vfprintf$3) refers to fputc.o(i.fputc) for fputc
    printf3.o(i.__0vprintf$3) refers to printf3.o(i._printf_core) for _printf_core
    printf3.o(i.__0vprintf$3) refers to fputc.o(i.fputc) for fputc
    printf3.o(i.__0vprintf$3) refers to stdout.o(.data) for __stdout
    printf3.o(i.__0vsnprintf$3) refers to printf3.o(i._printf_core) for _printf_core
    printf3.o(i.__0vsnprintf$3) refers to printf3.o(i._snputc) for _snputc
    printf3.o(i.__0vsprintf$3) refers to printf3.o(i._printf_core) for _printf_core
    printf3.o(i.__0vsprintf$3) refers to printf3.o(i._sputc) for _sputc
    printf3.o(i._printf_core) refers to uidiv.o(.text) for __aeabi_uidivmod
    printf4.o(i.__0fprintf$4) refers to printf4.o(i._printf_core) for _printf_core
    printf4.o(i.__0fprintf$4) refers to fputc.o(i.fputc) for fputc
    printf4.o(i.__0printf$4) refers to printf4.o(i._printf_core) for _printf_core
    printf4.o(i.__0printf$4) refers to fputc.o(i.fputc) for fputc
    printf4.o(i.__0printf$4) refers to stdout.o(.data) for __stdout
    printf4.o(i.__0snprintf$4) refers to printf4.o(i._printf_core) for _printf_core
    printf4.o(i.__0snprintf$4) refers to printf4.o(i._snputc) for _snputc
    printf4.o(i.__0sprintf$4) refers to printf4.o(i._printf_core) for _printf_core
    printf4.o(i.__0sprintf$4) refers to printf4.o(i._sputc) for _sputc
    printf4.o(i.__0vfprintf$4) refers to printf4.o(i._printf_core) for _printf_core
    printf4.o(i.__0vfprintf$4) refers to fputc.o(i.fputc) for fputc
    printf4.o(i.__0vprintf$4) refers to printf4.o(i._printf_core) for _printf_core
    printf4.o(i.__0vprintf$4) refers to fputc.o(i.fputc) for fputc
    printf4.o(i.__0vprintf$4) refers to stdout.o(.data) for __stdout
    printf4.o(i.__0vsnprintf$4) refers to printf4.o(i._printf_core) for _printf_core
    printf4.o(i.__0vsnprintf$4) refers to printf4.o(i._snputc) for _snputc
    printf4.o(i.__0vsprintf$4) refers to printf4.o(i._printf_core) for _printf_core
    printf4.o(i.__0vsprintf$4) refers to printf4.o(i._sputc) for _sputc
    printf4.o(i._printf_core) refers to uldiv.o(.text) for __aeabi_uldivmod
    printf5.o(i.__0fprintf$5) refers to printf5.o(i._printf_core) for _printf_core
    printf5.o(i.__0fprintf$5) refers to fputc.o(i.fputc) for fputc
    printf5.o(i.__0printf$5) refers to printf5.o(i._printf_core) for _printf_core
    printf5.o(i.__0printf$5) refers to fputc.o(i.fputc) for fputc
    printf5.o(i.__0printf$5) refers to stdout.o(.data) for __stdout
    printf5.o(i.__0snprintf$5) refers to printf5.o(i._printf_core) for _printf_core
    printf5.o(i.__0snprintf$5) refers to printf5.o(i._snputc) for _snputc
    printf5.o(i.__0sprintf$5) refers to printf5.o(i._printf_core) for _printf_core
    printf5.o(i.__0sprintf$5) refers to printf5.o(i._sputc) for _sputc
    printf5.o(i.__0vfprintf$5) refers to printf5.o(i._printf_core) for _printf_core
    printf5.o(i.__0vfprintf$5) refers to fputc.o(i.fputc) for fputc
    printf5.o(i.__0vprintf$5) refers to printf5.o(i._printf_core) for _printf_core
    printf5.o(i.__0vprintf$5) refers to fputc.o(i.fputc) for fputc
    printf5.o(i.__0vprintf$5) refers to stdout.o(.data) for __stdout
    printf5.o(i.__0vsnprintf$5) refers to printf5.o(i._printf_core) for _printf_core
    printf5.o(i.__0vsnprintf$5) refers to printf5.o(i._snputc) for _snputc
    printf5.o(i.__0vsprintf$5) refers to printf5.o(i._printf_core) for _printf_core
    printf5.o(i.__0vsprintf$5) refers to printf5.o(i._sputc) for _sputc
    printf5.o(i._printf_core) refers to uldiv.o(.text) for __aeabi_uldivmod
    printf6.o(i.__0fprintf$6) refers to printf6.o(i._printf_core) for _printf_core
    printf6.o(i.__0fprintf$6) refers to fputc.o(i.fputc) for fputc
    printf6.o(i.__0printf$6) refers to printf6.o(i._printf_core) for _printf_core
    printf6.o(i.__0printf$6) refers to fputc.o(i.fputc) for fputc
    printf6.o(i.__0printf$6) refers to stdout.o(.data) for __stdout
    printf6.o(i.__0snprintf$6) refers to printf6.o(i._printf_core) for _printf_core
    printf6.o(i.__0snprintf$6) refers to printf6.o(i._snputc) for _snputc
    printf6.o(i.__0sprintf$6) refers to printf6.o(i._printf_core) for _printf_core
    printf6.o(i.__0sprintf$6) refers to printf6.o(i._sputc) for _sputc
    printf6.o(i.__0vfprintf$6) refers to printf6.o(i._printf_core) for _printf_core
    printf6.o(i.__0vfprintf$6) refers to fputc.o(i.fputc) for fputc
    printf6.o(i.__0vprintf$6) refers to printf6.o(i._printf_core) for _printf_core
    printf6.o(i.__0vprintf$6) refers to fputc.o(i.fputc) for fputc
    printf6.o(i.__0vprintf$6) refers to stdout.o(.data) for __stdout
    printf6.o(i.__0vsnprintf$6) refers to printf6.o(i._printf_core) for _printf_core
    printf6.o(i.__0vsnprintf$6) refers to printf6.o(i._snputc) for _snputc
    printf6.o(i.__0vsprintf$6) refers to printf6.o(i._printf_core) for _printf_core
    printf6.o(i.__0vsprintf$6) refers to printf6.o(i._sputc) for _sputc
    printf6.o(i._printf_core) refers to printf6.o(i._printf_pre_padding) for _printf_pre_padding
    printf6.o(i._printf_core) refers to uidiv.o(.text) for __aeabi_uidivmod
    printf6.o(i._printf_core) refers to printf6.o(i._printf_post_padding) for _printf_post_padding
    printf7.o(i.__0fprintf$7) refers to printf7.o(i._printf_core) for _printf_core
    printf7.o(i.__0fprintf$7) refers to fputc.o(i.fputc) for fputc
    printf7.o(i.__0printf$7) refers to printf7.o(i._printf_core) for _printf_core
    printf7.o(i.__0printf$7) refers to fputc.o(i.fputc) for fputc
    printf7.o(i.__0printf$7) refers to stdout.o(.data) for __stdout
    printf7.o(i.__0snprintf$7) refers to printf7.o(i._printf_core) for _printf_core
    printf7.o(i.__0snprintf$7) refers to printf7.o(i._snputc) for _snputc
    printf7.o(i.__0sprintf$7) refers to printf7.o(i._printf_core) for _printf_core
    printf7.o(i.__0sprintf$7) refers to printf7.o(i._sputc) for _sputc
    printf7.o(i.__0vfprintf$7) refers to printf7.o(i._printf_core) for _printf_core
    printf7.o(i.__0vfprintf$7) refers to fputc.o(i.fputc) for fputc
    printf7.o(i.__0vprintf$7) refers to printf7.o(i._printf_core) for _printf_core
    printf7.o(i.__0vprintf$7) refers to fputc.o(i.fputc) for fputc
    printf7.o(i.__0vprintf$7) refers to stdout.o(.data) for __stdout
    printf7.o(i.__0vsnprintf$7) refers to printf7.o(i._printf_core) for _printf_core
    printf7.o(i.__0vsnprintf$7) refers to printf7.o(i._snputc) for _snputc
    printf7.o(i.__0vsprintf$7) refers to printf7.o(i._printf_core) for _printf_core
    printf7.o(i.__0vsprintf$7) refers to printf7.o(i._sputc) for _sputc
    printf7.o(i._printf_core) refers to printf7.o(i._printf_pre_padding) for _printf_pre_padding
    printf7.o(i._printf_core) refers to uldiv.o(.text) for __aeabi_uldivmod
    printf7.o(i._printf_core) refers to printf7.o(i._printf_post_padding) for _printf_post_padding
    printf8.o(i.__0fprintf$8) refers to printf8.o(i._printf_core) for _printf_core
    printf8.o(i.__0fprintf$8) refers to fputc.o(i.fputc) for fputc
    printf8.o(i.__0printf$8) refers to printf8.o(i._printf_core) for _printf_core
    printf8.o(i.__0printf$8) refers to fputc.o(i.fputc) for fputc
    printf8.o(i.__0printf$8) refers to stdout.o(.data) for __stdout
    printf8.o(i.__0snprintf$8) refers to printf8.o(i._printf_core) for _printf_core
    printf8.o(i.__0snprintf$8) refers to printf8.o(i._snputc) for _snputc
    printf8.o(i.__0sprintf$8) refers to printf8.o(i._printf_core) for _printf_core
    printf8.o(i.__0sprintf$8) refers to printf8.o(i._sputc) for _sputc
    printf8.o(i.__0vfprintf$8) refers to printf8.o(i._printf_core) for _printf_core
    printf8.o(i.__0vfprintf$8) refers to fputc.o(i.fputc) for fputc
    printf8.o(i.__0vprintf$8) refers to printf8.o(i._printf_core) for _printf_core
    printf8.o(i.__0vprintf$8) refers to fputc.o(i.fputc) for fputc
    printf8.o(i.__0vprintf$8) refers to stdout.o(.data) for __stdout
    printf8.o(i.__0vsnprintf$8) refers to printf8.o(i._printf_core) for _printf_core
    printf8.o(i.__0vsnprintf$8) refers to printf8.o(i._snputc) for _snputc
    printf8.o(i.__0vsprintf$8) refers to printf8.o(i._printf_core) for _printf_core
    printf8.o(i.__0vsprintf$8) refers to printf8.o(i._sputc) for _sputc
    printf8.o(i._printf_core) refers to printf8.o(i._printf_pre_padding) for _printf_pre_padding
    printf8.o(i._printf_core) refers to uldiv.o(.text) for __aeabi_uldivmod
    printf8.o(i._printf_core) refers to printf8.o(i._printf_post_padding) for _printf_post_padding
    printfa.o(i.__0fprintf) refers (Special) to iusefp.o(.text) for __I$use$fp
    printfa.o(i.__0fprintf) refers to printfa.o(i._printf_core) for _printf_core
    printfa.o(i.__0fprintf) refers to fputc.o(i.fputc) for fputc
    printfa.o(i.__0printf) refers (Special) to iusefp.o(.text) for __I$use$fp
    printfa.o(i.__0printf) refers to printfa.o(i._printf_core) for _printf_core
    printfa.o(i.__0printf) refers to fputc.o(i.fputc) for fputc
    printfa.o(i.__0printf) refers to stdout.o(.data) for __stdout
    printfa.o(i.__0snprintf) refers (Special) to iusefp.o(.text) for __I$use$fp
    printfa.o(i.__0snprintf) refers to printfa.o(i._printf_core) for _printf_core
    printfa.o(i.__0snprintf) refers to printfa.o(i._snputc) for _snputc
    printfa.o(i.__0sprintf) refers (Special) to iusefp.o(.text) for __I$use$fp
    printfa.o(i.__0sprintf) refers to printfa.o(i._printf_core) for _printf_core
    printfa.o(i.__0sprintf) refers to printfa.o(i._sputc) for _sputc
    printfa.o(i.__0vfprintf) refers (Special) to iusefp.o(.text) for __I$use$fp
    printfa.o(i.__0vfprintf) refers to printfa.o(i._printf_core) for _printf_core
    printfa.o(i.__0vfprintf) refers to fputc.o(i.fputc) for fputc
    printfa.o(i.__0vprintf) refers (Special) to iusefp.o(.text) for __I$use$fp
    printfa.o(i.__0vprintf) refers to printfa.o(i._printf_core) for _printf_core
    printfa.o(i.__0vprintf) refers to fputc.o(i.fputc) for fputc
    printfa.o(i.__0vprintf) refers to stdout.o(.data) for __stdout
    printfa.o(i.__0vsnprintf) refers (Special) to iusefp.o(.text) for __I$use$fp
    printfa.o(i.__0vsnprintf) refers to printfa.o(i._printf_core) for _printf_core
    printfa.o(i.__0vsnprintf) refers to printfa.o(i._snputc) for _snputc
    printfa.o(i.__0vsprintf) refers (Special) to iusefp.o(.text) for __I$use$fp
    printfa.o(i.__0vsprintf) refers to printfa.o(i._printf_core) for _printf_core
    printfa.o(i.__0vsprintf) refers to printfa.o(i._sputc) for _sputc
    printfa.o(i._fp_digits) refers (Special) to iusefp.o(.text) for __I$use$fp
    printfa.o(i._fp_digits) refers to dmul.o(.text) for __aeabi_dmul
    printfa.o(i._fp_digits) refers to ddiv.o(.text) for __aeabi_ddiv
    printfa.o(i._fp_digits) refers to cdrcmple.o(.text) for __aeabi_cdrcmple
    printfa.o(i._fp_digits) refers to dadd.o(.text) for __aeabi_dadd
    printfa.o(i._fp_digits) refers to dfixul.o(.text) for __aeabi_d2ulz
    printfa.o(i._fp_digits) refers to uldiv.o(.text) for __aeabi_uldivmod
    printfa.o(i._printf_core) refers (Special) to iusefp.o(.text) for __I$use$fp
    printfa.o(i._printf_core) refers to printfa.o(i._printf_pre_padding) for _printf_pre_padding
    printfa.o(i._printf_core) refers to uldiv.o(.text) for __aeabi_uldivmod
    printfa.o(i._printf_core) refers to printfa.o(i._printf_post_padding) for _printf_post_padding
    printfa.o(i._printf_core) refers to printfa.o(i._fp_digits) for _fp_digits
    printfa.o(i._printf_core) refers to uidiv.o(.text) for __aeabi_uidivmod
    printfa.o(i._printf_post_padding) refers (Special) to iusefp.o(.text) for __I$use$fp
    printfa.o(i._printf_pre_padding) refers (Special) to iusefp.o(.text) for __I$use$fp
    printfa.o(i._snputc) refers (Special) to iusefp.o(.text) for __I$use$fp
    printfa.o(i._sputc) refers (Special) to iusefp.o(.text) for __I$use$fp
    entry2.o(.ARM.Collect$$$$00000001) refers to entry2.o(.ARM.Collect$$$$00002712) for __lit__00000000
    entry2.o(.ARM.Collect$$$$00002712) refers to startup_stm32l152xe.o(STACK) for __initial_sp
    entry2.o(__vectab_stack_and_reset_area) refers to startup_stm32l152xe.o(STACK) for __initial_sp
    entry2.o(__vectab_stack_and_reset_area) refers to entry.o(.ARM.Collect$$$$00000000) for __main
    entry5.o(.ARM.Collect$$$$00000004) refers to init.o(.text) for __scatterload
    entry9a.o(.ARM.Collect$$$$0000000B) refers to main.o(i.main) for main
    entry9b.o(.ARM.Collect$$$$0000000C) refers to main.o(i.main) for main
    fputc.o(i.fputc) refers (Special) to iusesemip.o(.text) for __I$use$semihosting$fputc
    fputc.o(i.fputc) refers (Special) to semi.o(.text) for __semihosting_library_function
    uldiv.o(.text) refers to llushr.o(.text) for __aeabi_llsr
    uldiv.o(.text) refers to llshl.o(.text) for __aeabi_llsl
    dadd.o(.text) refers to llshl.o(.text) for __aeabi_llsl
    dadd.o(.text) refers to llsshr.o(.text) for __aeabi_lasr
    dadd.o(.text) refers to depilogue.o(.text) for _double_epilogue
    dmul.o(.text) refers to depilogue.o(.text) for _double_epilogue
    ddiv.o(.text) refers to depilogue.o(.text) for _double_round
    dfixul.o(.text) refers to llushr.o(.text) for __aeabi_llsr
    dfixul.o(.text) refers to llshl.o(.text) for __aeabi_llsl
    init.o(.text) refers to entry5.o(.ARM.Collect$$$$00000004) for __main_after_scatterload
    depilogue.o(.text) refers to llshl.o(.text) for __aeabi_llsl
    depilogue.o(.text) refers to llushr.o(.text) for __aeabi_llsr


==============================================================================

Removing Unused input sections from the image.

    Removing stm32l1xx_nucleo.o(.rev16_text), (4 bytes).
    Removing stm32l1xx_nucleo.o(.revsh_text), (4 bytes).
    Removing stm32l1xx_nucleo.o(i.ADCx_Init), (132 bytes).
    Removing stm32l1xx_nucleo.o(i.BSP_GetVersion), (6 bytes).
    Removing stm32l1xx_nucleo.o(i.BSP_JOY_GetState), (104 bytes).
    Removing stm32l1xx_nucleo.o(i.BSP_JOY_Init), (36 bytes).
    Removing stm32l1xx_nucleo.o(i.BSP_LED_Init), (84 bytes).
    Removing stm32l1xx_nucleo.o(i.BSP_LED_Off), (28 bytes).
    Removing stm32l1xx_nucleo.o(i.BSP_LED_On), (28 bytes).
    Removing stm32l1xx_nucleo.o(i.BSP_LED_Toggle), (24 bytes).
    Removing stm32l1xx_nucleo.o(i.BSP_PB_GetState), (24 bytes).
    Removing stm32l1xx_nucleo.o(i.BSP_PB_Init), (136 bytes).
    Removing stm32l1xx_nucleo.o(i.LCD_Delay), (4 bytes).
    Removing stm32l1xx_nucleo.o(i.LCD_IO_Init), (100 bytes).
    Removing stm32l1xx_nucleo.o(i.LCD_IO_WriteMultipleData), (108 bytes).
    Removing stm32l1xx_nucleo.o(i.LCD_IO_WriteReg), (56 bytes).
    Removing stm32l1xx_nucleo.o(i.SD_IO_Init), (88 bytes).
    Removing stm32l1xx_nucleo.o(i.SD_IO_ReadByte), (48 bytes).
    Removing stm32l1xx_nucleo.o(i.SD_IO_WaitResponse), (36 bytes).
    Removing stm32l1xx_nucleo.o(i.SD_IO_WriteByte), (4 bytes).
    Removing stm32l1xx_nucleo.o(i.SD_IO_WriteCmd), (88 bytes).
    Removing stm32l1xx_nucleo.o(i.SD_IO_WriteDummy), (28 bytes).
    Removing stm32l1xx_nucleo.o(i.SPIx_Error), (20 bytes).
    Removing stm32l1xx_nucleo.o(i.SPIx_Init), (84 bytes).
    Removing stm32l1xx_nucleo.o(i.SPIx_MspInit), (112 bytes).
    Removing stm32l1xx_nucleo.o(i.SPIx_Write), (36 bytes).
    Removing stm32l1xx_nucleo.o(.bss), (176 bytes).
    Removing stm32l1xx_nucleo.o(.constdata), (6 bytes).
    Removing stm32l1xx_nucleo.o(.data), (12 bytes).
    Removing stm32l1xx_hal.o(.rev16_text), (4 bytes).
    Removing stm32l1xx_hal.o(.revsh_text), (4 bytes).
    Removing stm32l1xx_hal.o(i.HAL_DeInit), (40 bytes).
    Removing stm32l1xx_hal.o(i.HAL_Delay), (22 bytes).
    Removing stm32l1xx_hal.o(i.HAL_DisableDBGSleepMode), (16 bytes).
    Removing stm32l1xx_hal.o(i.HAL_DisableDBGStandbyMode), (16 bytes).
    Removing stm32l1xx_hal.o(i.HAL_DisableDBGStopMode), (16 bytes).
    Removing stm32l1xx_hal.o(i.HAL_EnableDBGSleepMode), (16 bytes).
    Removing stm32l1xx_hal.o(i.HAL_EnableDBGStandbyMode), (16 bytes).
    Removing stm32l1xx_hal.o(i.HAL_EnableDBGStopMode), (16 bytes).
    Removing stm32l1xx_hal.o(i.HAL_GetDEVID), (16 bytes).
    Removing stm32l1xx_hal.o(i.HAL_GetHalVersion), (8 bytes).
    Removing stm32l1xx_hal.o(i.HAL_GetREVID), (12 bytes).
    Removing stm32l1xx_hal.o(i.HAL_MspDeInit), (2 bytes).
    Removing stm32l1xx_hal.o(i.HAL_MspInit), (2 bytes).
    Removing stm32l1xx_hal.o(i.HAL_ResumeTick), (14 bytes).
    Removing stm32l1xx_hal.o(i.HAL_SuspendTick), (14 bytes).
    Removing stm32l1xx_hal_adc.o(.rev16_text), (4 bytes).
    Removing stm32l1xx_hal_adc.o(.revsh_text), (4 bytes).
    Removing stm32l1xx_hal_adc.o(i.ADC_ConversionStop_Disable), (74 bytes).
    Removing stm32l1xx_hal_adc.o(i.ADC_DMAConvCplt), (46 bytes).
    Removing stm32l1xx_hal_adc.o(i.ADC_DMAError), (24 bytes).
    Removing stm32l1xx_hal_adc.o(i.ADC_DMAHalfConvCplt), (10 bytes).
    Removing stm32l1xx_hal_adc.o(i.ADC_Enable), (90 bytes).
    Removing stm32l1xx_hal_adc.o(i.HAL_ADC_AnalogWDGConfig), (92 bytes).
    Removing stm32l1xx_hal_adc.o(i.HAL_ADC_ConfigChannel), (300 bytes).
    Removing stm32l1xx_hal_adc.o(i.HAL_ADC_ConvCpltCallback), (2 bytes).
    Removing stm32l1xx_hal_adc.o(i.HAL_ADC_ConvHalfCpltCallback), (2 bytes).
    Removing stm32l1xx_hal_adc.o(i.HAL_ADC_DeInit), (272 bytes).
    Removing stm32l1xx_hal_adc.o(i.HAL_ADC_ErrorCallback), (2 bytes).
    Removing stm32l1xx_hal_adc.o(i.HAL_ADC_GetError), (4 bytes).
    Removing stm32l1xx_hal_adc.o(i.HAL_ADC_GetState), (6 bytes).
    Removing stm32l1xx_hal_adc.o(i.HAL_ADC_GetValue), (6 bytes).
    Removing stm32l1xx_hal_adc.o(i.HAL_ADC_IRQHandler), (278 bytes).
    Removing stm32l1xx_hal_adc.o(i.HAL_ADC_Init), (312 bytes).
    Removing stm32l1xx_hal_adc.o(i.HAL_ADC_LevelOutOfWindowCallback), (2 bytes).
    Removing stm32l1xx_hal_adc.o(i.HAL_ADC_MspDeInit), (2 bytes).
    Removing stm32l1xx_hal_adc.o(i.HAL_ADC_MspInit), (2 bytes).
    Removing stm32l1xx_hal_adc.o(i.HAL_ADC_PollForConversion), (104 bytes).
    Removing stm32l1xx_hal_adc.o(i.HAL_ADC_PollForEvent), (104 bytes).
    Removing stm32l1xx_hal_adc.o(i.HAL_ADC_Start), (94 bytes).
    Removing stm32l1xx_hal_adc.o(i.HAL_ADC_Start_DMA), (164 bytes).
    Removing stm32l1xx_hal_adc.o(i.HAL_ADC_Start_IT), (108 bytes).
    Removing stm32l1xx_hal_adc.o(i.HAL_ADC_Stop), (44 bytes).
    Removing stm32l1xx_hal_adc.o(i.HAL_ADC_Stop_DMA), (72 bytes).
    Removing stm32l1xx_hal_adc.o(i.HAL_ADC_Stop_IT), (54 bytes).
    Removing stm32l1xx_hal_adc_ex.o(.rev16_text), (4 bytes).
    Removing stm32l1xx_hal_adc_ex.o(.revsh_text), (4 bytes).
    Removing stm32l1xx_hal_adc_ex.o(i.HAL_ADCEx_InjectedConfigChannel), (460 bytes).
    Removing stm32l1xx_hal_adc_ex.o(i.HAL_ADCEx_InjectedConvCpltCallback), (2 bytes).
    Removing stm32l1xx_hal_adc_ex.o(i.HAL_ADCEx_InjectedGetValue), (42 bytes).
    Removing stm32l1xx_hal_adc_ex.o(i.HAL_ADCEx_InjectedPollForConversion), (236 bytes).
    Removing stm32l1xx_hal_adc_ex.o(i.HAL_ADCEx_InjectedStart), (100 bytes).
    Removing stm32l1xx_hal_adc_ex.o(i.HAL_ADCEx_InjectedStart_IT), (110 bytes).
    Removing stm32l1xx_hal_adc_ex.o(i.HAL_ADCEx_InjectedStop), (78 bytes).
    Removing stm32l1xx_hal_adc_ex.o(i.HAL_ADCEx_InjectedStop_IT), (88 bytes).
    Removing stm32l1xx_hal_comp.o(.rev16_text), (4 bytes).
    Removing stm32l1xx_hal_comp.o(.revsh_text), (4 bytes).
    Removing stm32l1xx_hal_comp.o(i.HAL_COMP_DeInit), (136 bytes).
    Removing stm32l1xx_hal_comp.o(i.HAL_COMP_GetOutputLevel), (36 bytes).
    Removing stm32l1xx_hal_comp.o(i.HAL_COMP_GetState), (10 bytes).
    Removing stm32l1xx_hal_comp.o(i.HAL_COMP_IRQHandler), (44 bytes).
    Removing stm32l1xx_hal_comp.o(i.HAL_COMP_Init), (200 bytes).
    Removing stm32l1xx_hal_comp.o(i.HAL_COMP_Lock), (30 bytes).
    Removing stm32l1xx_hal_comp.o(i.HAL_COMP_MspDeInit), (2 bytes).
    Removing stm32l1xx_hal_comp.o(i.HAL_COMP_MspInit), (2 bytes).
    Removing stm32l1xx_hal_comp.o(i.HAL_COMP_Start), (92 bytes).
    Removing stm32l1xx_hal_comp.o(i.HAL_COMP_Start_IT), (100 bytes).
    Removing stm32l1xx_hal_comp.o(i.HAL_COMP_Stop), (60 bytes).
    Removing stm32l1xx_hal_comp.o(i.HAL_COMP_Stop_IT), (44 bytes).
    Removing stm32l1xx_hal_comp.o(i.HAL_COMP_TriggerCallback), (2 bytes).
    Removing stm32l1xx_hal_cortex.o(.rev16_text), (4 bytes).
    Removing stm32l1xx_hal_cortex.o(.revsh_text), (4 bytes).
    Removing stm32l1xx_hal_cortex.o(i.HAL_NVIC_ClearPendingIRQ), (22 bytes).
    Removing stm32l1xx_hal_cortex.o(i.HAL_NVIC_DisableIRQ), (22 bytes).
    Removing stm32l1xx_hal_cortex.o(i.HAL_NVIC_EnableIRQ), (22 bytes).
    Removing stm32l1xx_hal_cortex.o(i.HAL_NVIC_GetActive), (32 bytes).
    Removing stm32l1xx_hal_cortex.o(i.HAL_NVIC_GetPendingIRQ), (32 bytes).
    Removing stm32l1xx_hal_cortex.o(i.HAL_NVIC_GetPriority), (82 bytes).
    Removing stm32l1xx_hal_cortex.o(i.HAL_NVIC_GetPriorityGrouping), (16 bytes).
    Removing stm32l1xx_hal_cortex.o(i.HAL_NVIC_SetPendingIRQ), (22 bytes).
    Removing stm32l1xx_hal_cortex.o(i.HAL_NVIC_SystemReset), (32 bytes).
    Removing stm32l1xx_hal_cortex.o(i.HAL_SYSTICK_CLKSourceConfig), (24 bytes).
    Removing stm32l1xx_hal_cortex.o(i.HAL_SYSTICK_Callback), (2 bytes).
    Removing stm32l1xx_hal_cortex.o(i.HAL_SYSTICK_IRQHandler), (8 bytes).
    Removing stm32l1xx_hal_crc.o(.rev16_text), (4 bytes).
    Removing stm32l1xx_hal_crc.o(.revsh_text), (4 bytes).
    Removing stm32l1xx_hal_crc.o(i.HAL_CRC_Accumulate), (50 bytes).
    Removing stm32l1xx_hal_crc.o(i.HAL_CRC_Calculate), (62 bytes).
    Removing stm32l1xx_hal_crc.o(i.HAL_CRC_DeInit), (28 bytes).
    Removing stm32l1xx_hal_crc.o(i.HAL_CRC_GetState), (4 bytes).
    Removing stm32l1xx_hal_crc.o(i.HAL_CRC_Init), (34 bytes).
    Removing stm32l1xx_hal_crc.o(i.HAL_CRC_MspDeInit), (2 bytes).
    Removing stm32l1xx_hal_crc.o(i.HAL_CRC_MspInit), (2 bytes).
    Removing stm32l1xx_hal_cryp.o(.rev16_text), (4 bytes).
    Removing stm32l1xx_hal_cryp.o(.revsh_text), (4 bytes).
    Removing stm32l1xx_hal_cryp_ex.o(.rev16_text), (4 bytes).
    Removing stm32l1xx_hal_cryp_ex.o(.revsh_text), (4 bytes).
    Removing stm32l1xx_hal_dac.o(.rev16_text), (4 bytes).
    Removing stm32l1xx_hal_dac.o(.revsh_text), (4 bytes).
    Removing stm32l1xx_hal_dac.o(i.DAC_DMAConvCpltCh1), (16 bytes).
    Removing stm32l1xx_hal_dac.o(i.DAC_DMAErrorCh1), (24 bytes).
    Removing stm32l1xx_hal_dac.o(i.DAC_DMAHalfConvCpltCh1), (10 bytes).
    Removing stm32l1xx_hal_dac.o(i.HAL_DAC_ConfigChannel), (68 bytes).
    Removing stm32l1xx_hal_dac.o(i.HAL_DAC_ConvCpltCallbackCh1), (2 bytes).
    Removing stm32l1xx_hal_dac.o(i.HAL_DAC_ConvHalfCpltCallbackCh1), (2 bytes).
    Removing stm32l1xx_hal_dac.o(i.HAL_DAC_DMAUnderrunCallbackCh1), (2 bytes).
    Removing stm32l1xx_hal_dac.o(i.HAL_DAC_DeInit), (30 bytes).
    Removing stm32l1xx_hal_dac.o(i.HAL_DAC_ErrorCallbackCh1), (2 bytes).
    Removing stm32l1xx_hal_dac.o(i.HAL_DAC_GetError), (4 bytes).
    Removing stm32l1xx_hal_dac.o(i.HAL_DAC_GetState), (4 bytes).
    Removing stm32l1xx_hal_dac.o(i.HAL_DAC_GetValue), (12 bytes).
    Removing stm32l1xx_hal_dac.o(i.HAL_DAC_IRQHandler), (92 bytes).
    Removing stm32l1xx_hal_dac.o(i.HAL_DAC_Init), (38 bytes).
    Removing stm32l1xx_hal_dac.o(i.HAL_DAC_MspDeInit), (2 bytes).
    Removing stm32l1xx_hal_dac.o(i.HAL_DAC_MspInit), (2 bytes).
    Removing stm32l1xx_hal_dac.o(i.HAL_DAC_SetValue), (26 bytes).
    Removing stm32l1xx_hal_dac.o(i.HAL_DAC_Start), (108 bytes).
    Removing stm32l1xx_hal_dac.o(i.HAL_DAC_Start_DMA), (256 bytes).
    Removing stm32l1xx_hal_dac.o(i.HAL_DAC_Stop), (22 bytes).
    Removing stm32l1xx_hal_dac.o(i.HAL_DAC_Stop_DMA), (56 bytes).
    Removing stm32l1xx_hal_dac_ex.o(.rev16_text), (4 bytes).
    Removing stm32l1xx_hal_dac_ex.o(.revsh_text), (4 bytes).
    Removing stm32l1xx_hal_dac_ex.o(i.DAC_DMAConvCpltCh2), (16 bytes).
    Removing stm32l1xx_hal_dac_ex.o(i.DAC_DMAErrorCh2), (24 bytes).
    Removing stm32l1xx_hal_dac_ex.o(i.DAC_DMAHalfConvCpltCh2), (10 bytes).
    Removing stm32l1xx_hal_dac_ex.o(i.HAL_DACEx_ConvCpltCallbackCh2), (2 bytes).
    Removing stm32l1xx_hal_dac_ex.o(i.HAL_DACEx_ConvHalfCpltCallbackCh2), (2 bytes).
    Removing stm32l1xx_hal_dac_ex.o(i.HAL_DACEx_DMAUnderrunCallbackCh2), (2 bytes).
    Removing stm32l1xx_hal_dac_ex.o(i.HAL_DACEx_DualGetValue), (12 bytes).
    Removing stm32l1xx_hal_dac_ex.o(i.HAL_DACEx_DualSetValue), (24 bytes).
    Removing stm32l1xx_hal_dac_ex.o(i.HAL_DACEx_ErrorCallbackCh2), (2 bytes).
    Removing stm32l1xx_hal_dac_ex.o(i.HAL_DACEx_NoiseWaveGenerate), (44 bytes).
    Removing stm32l1xx_hal_dac_ex.o(i.HAL_DACEx_TriangleWaveGenerate), (44 bytes).
    Removing stm32l1xx_hal_dma.o(.rev16_text), (4 bytes).
    Removing stm32l1xx_hal_dma.o(.revsh_text), (4 bytes).
    Removing stm32l1xx_hal_dma.o(i.DMA_SetConfig), (30 bytes).
    Removing stm32l1xx_hal_dma.o(i.HAL_DMA_Abort), (84 bytes).
    Removing stm32l1xx_hal_dma.o(i.HAL_DMA_DeInit), (684 bytes).
    Removing stm32l1xx_hal_dma.o(i.HAL_DMA_GetError), (4 bytes).
    Removing stm32l1xx_hal_dma.o(i.HAL_DMA_GetState), (6 bytes).
    Removing stm32l1xx_hal_dma.o(i.HAL_DMA_IRQHandler), (1208 bytes).
    Removing stm32l1xx_hal_dma.o(i.HAL_DMA_Init), (68 bytes).
    Removing stm32l1xx_hal_dma.o(i.HAL_DMA_PollForTransfer), (1156 bytes).
    Removing stm32l1xx_hal_dma.o(i.HAL_DMA_Start), (58 bytes).
    Removing stm32l1xx_hal_dma.o(i.HAL_DMA_Start_IT), (88 bytes).
    Removing stm32l1xx_hal_flash.o(.rev16_text), (4 bytes).
    Removing stm32l1xx_hal_flash.o(.revsh_text), (4 bytes).
    Removing stm32l1xx_hal_flash.o(i.HAL_FLASH_EndOfOperationCallback), (2 bytes).
    Removing stm32l1xx_hal_flash.o(i.HAL_FLASH_GetError), (12 bytes).
    Removing stm32l1xx_hal_flash.o(i.HAL_FLASH_Lock), (20 bytes).
    Removing stm32l1xx_hal_flash.o(i.HAL_FLASH_OB_Launch), (24 bytes).
    Removing stm32l1xx_hal_flash.o(i.HAL_FLASH_OB_Lock), (20 bytes).
    Removing stm32l1xx_hal_flash.o(i.HAL_FLASH_OB_Unlock), (68 bytes).
    Removing stm32l1xx_hal_flash.o(i.HAL_FLASH_OperationErrorCallback), (2 bytes).
    Removing stm32l1xx_hal_flash.o(i.HAL_FLASH_Program), (60 bytes).
    Removing stm32l1xx_hal_flash.o(i.HAL_FLASH_Program_IT), (76 bytes).
    Removing stm32l1xx_hal_flash.o(i.HAL_FLASH_Unlock), (68 bytes).
    Removing stm32l1xx_hal_flash.o(.bss), (20 bytes).
    Removing stm32l1xx_hal_flash_ex.o(.rev16_text), (4 bytes).
    Removing stm32l1xx_hal_flash_ex.o(.revsh_text), (4 bytes).
    Removing stm32l1xx_hal_flash_ex.o(i.FLASH_ErasePage), (32 bytes).
    Removing stm32l1xx_hal_flash_ex.o(i.FLASH_OB_WRPConfig), (240 bytes).
    Removing stm32l1xx_hal_flash_ex.o(i.FLASH_SetErrorCode), (92 bytes).
    Removing stm32l1xx_hal_flash_ex.o(i.FLASH_WaitForLastOperation), (100 bytes).
    Removing stm32l1xx_hal_flash_ex.o(i.HAL_FLASHEx_AdvOBGetConfig), (24 bytes).
    Removing stm32l1xx_hal_flash_ex.o(i.HAL_FLASHEx_AdvOBProgram), (68 bytes).
    Removing stm32l1xx_hal_flash_ex.o(i.HAL_FLASHEx_DATAEEPROM_DisableFixedTimeProgram), (16 bytes).
    Removing stm32l1xx_hal_flash_ex.o(i.HAL_FLASHEx_DATAEEPROM_EnableFixedTimeProgram), (16 bytes).
    Removing stm32l1xx_hal_flash_ex.o(i.HAL_FLASHEx_DATAEEPROM_Erase), (44 bytes).
    Removing stm32l1xx_hal_flash_ex.o(i.HAL_FLASHEx_DATAEEPROM_Lock), (20 bytes).
    Removing stm32l1xx_hal_flash_ex.o(i.HAL_FLASHEx_DATAEEPROM_Program), (212 bytes).
    Removing stm32l1xx_hal_flash_ex.o(i.HAL_FLASHEx_DATAEEPROM_Unlock), (40 bytes).
    Removing stm32l1xx_hal_flash_ex.o(i.HAL_FLASHEx_Erase), (128 bytes).
    Removing stm32l1xx_hal_flash_ex.o(i.HAL_FLASHEx_Erase_IT), (76 bytes).
    Removing stm32l1xx_hal_flash_ex.o(i.HAL_FLASHEx_OBGetConfig), (92 bytes).
    Removing stm32l1xx_hal_flash_ex.o(i.HAL_FLASHEx_OBProgram), (260 bytes).
    Removing stm32l1xx_hal_flash_ex.o(i.HAL_FLASH_IRQHandler), (256 bytes).
    Removing stm32l1xx_hal_flash_ramfunc.o(.rev16_text), (4 bytes).
    Removing stm32l1xx_hal_flash_ramfunc.o(.revsh_text), (4 bytes).
    Removing stm32l1xx_hal_flash_ramfunc.o(i.FLASHRAM_WaitForLastOperation), (76 bytes).
    Removing stm32l1xx_hal_flash_ramfunc.o(i.HAL_FLASHEx_DATAEEPROM_EraseDoubleWord), (92 bytes).
    Removing stm32l1xx_hal_flash_ramfunc.o(i.HAL_FLASHEx_DATAEEPROM_ProgramDoubleWord), (96 bytes).
    Removing stm32l1xx_hal_flash_ramfunc.o(i.HAL_FLASHEx_DisableRunPowerDown), (40 bytes).
    Removing stm32l1xx_hal_flash_ramfunc.o(i.HAL_FLASHEx_EnableRunPowerDown), (40 bytes).
    Removing stm32l1xx_hal_flash_ramfunc.o(i.HAL_FLASHEx_EraseParallelPage), (92 bytes).
    Removing stm32l1xx_hal_flash_ramfunc.o(i.HAL_FLASHEx_HalfPageProgram), (112 bytes).
    Removing stm32l1xx_hal_flash_ramfunc.o(i.HAL_FLASHEx_ProgramParallelHalfPage), (180 bytes).
    Removing stm32l1xx_hal_gpio.o(.rev16_text), (4 bytes).
    Removing stm32l1xx_hal_gpio.o(.revsh_text), (4 bytes).
    Removing stm32l1xx_hal_gpio.o(i.HAL_GPIO_DeInit), (160 bytes).
    Removing stm32l1xx_hal_gpio.o(i.HAL_GPIO_EXTI_Callback), (2 bytes).
    Removing stm32l1xx_hal_gpio.o(i.HAL_GPIO_EXTI_IRQHandler), (24 bytes).
    Removing stm32l1xx_hal_gpio.o(i.HAL_GPIO_Init), (420 bytes).
    Removing stm32l1xx_hal_gpio.o(i.HAL_GPIO_LockPin), (34 bytes).
    Removing stm32l1xx_hal_gpio.o(i.HAL_GPIO_ReadPin), (10 bytes).
    Removing stm32l1xx_hal_gpio.o(i.HAL_GPIO_TogglePin), (8 bytes).
    Removing stm32l1xx_hal_gpio.o(i.HAL_GPIO_WritePin), (10 bytes).
    Removing stm32l1xx_hal_i2c.o(.rev16_text), (4 bytes).
    Removing stm32l1xx_hal_i2c.o(.revsh_text), (4 bytes).
    Removing stm32l1xx_hal_i2c.o(i.HAL_I2C_DeInit), (48 bytes).
    Removing stm32l1xx_hal_i2c.o(i.HAL_I2C_ER_IRQHandler), (254 bytes).
    Removing stm32l1xx_hal_i2c.o(i.HAL_I2C_EV_IRQHandler), (394 bytes).
    Removing stm32l1xx_hal_i2c.o(i.HAL_I2C_ErrorCallback), (2 bytes).
    Removing stm32l1xx_hal_i2c.o(i.HAL_I2C_GetError), (6 bytes).
    Removing stm32l1xx_hal_i2c.o(i.HAL_I2C_GetState), (6 bytes).
    Removing stm32l1xx_hal_i2c.o(i.HAL_I2C_Init), (320 bytes).
    Removing stm32l1xx_hal_i2c.o(i.HAL_I2C_IsDeviceReady), (284 bytes).
    Removing stm32l1xx_hal_i2c.o(i.HAL_I2C_MasterRxCpltCallback), (2 bytes).
    Removing stm32l1xx_hal_i2c.o(i.HAL_I2C_MasterTxCpltCallback), (2 bytes).
    Removing stm32l1xx_hal_i2c.o(i.HAL_I2C_Master_Receive), (440 bytes).
    Removing stm32l1xx_hal_i2c.o(i.HAL_I2C_Master_Receive_DMA), (180 bytes).
    Removing stm32l1xx_hal_i2c.o(i.HAL_I2C_Master_Receive_IT), (176 bytes).
    Removing stm32l1xx_hal_i2c.o(i.HAL_I2C_Master_Transmit), (216 bytes).
    Removing stm32l1xx_hal_i2c.o(i.HAL_I2C_Master_Transmit_DMA), (156 bytes).
    Removing stm32l1xx_hal_i2c.o(i.HAL_I2C_Master_Transmit_IT), (110 bytes).
    Removing stm32l1xx_hal_i2c.o(i.HAL_I2C_MemRxCpltCallback), (2 bytes).
    Removing stm32l1xx_hal_i2c.o(i.HAL_I2C_MemTxCpltCallback), (2 bytes).
    Removing stm32l1xx_hal_i2c.o(i.HAL_I2C_Mem_Read), (432 bytes).
    Removing stm32l1xx_hal_i2c.o(i.HAL_I2C_Mem_Read_DMA), (192 bytes).
    Removing stm32l1xx_hal_i2c.o(i.HAL_I2C_Mem_Read_IT), (184 bytes).
    Removing stm32l1xx_hal_i2c.o(i.HAL_I2C_Mem_Write), (212 bytes).
    Removing stm32l1xx_hal_i2c.o(i.HAL_I2C_Mem_Write_DMA), (160 bytes).
    Removing stm32l1xx_hal_i2c.o(i.HAL_I2C_Mem_Write_IT), (112 bytes).
    Removing stm32l1xx_hal_i2c.o(i.HAL_I2C_MspDeInit), (2 bytes).
    Removing stm32l1xx_hal_i2c.o(i.HAL_I2C_MspInit), (2 bytes).
    Removing stm32l1xx_hal_i2c.o(i.HAL_I2C_SlaveRxCpltCallback), (2 bytes).
    Removing stm32l1xx_hal_i2c.o(i.HAL_I2C_SlaveTxCpltCallback), (2 bytes).
    Removing stm32l1xx_hal_i2c.o(i.HAL_I2C_Slave_Receive), (240 bytes).
    Removing stm32l1xx_hal_i2c.o(i.HAL_I2C_Slave_Receive_DMA), (164 bytes).
    Removing stm32l1xx_hal_i2c.o(i.HAL_I2C_Slave_Receive_IT), (90 bytes).
    Removing stm32l1xx_hal_i2c.o(i.HAL_I2C_Slave_Transmit), (268 bytes).
    Removing stm32l1xx_hal_i2c.o(i.HAL_I2C_Slave_Transmit_DMA), (200 bytes).
    Removing stm32l1xx_hal_i2c.o(i.HAL_I2C_Slave_Transmit_IT), (90 bytes).
    Removing stm32l1xx_hal_i2c.o(i.I2C_DMAError), (42 bytes).
    Removing stm32l1xx_hal_i2c.o(i.I2C_DMAMasterReceiveCplt), (104 bytes).
    Removing stm32l1xx_hal_i2c.o(i.I2C_DMAMasterTransmitCplt), (116 bytes).
    Removing stm32l1xx_hal_i2c.o(i.I2C_DMAMemReceiveCplt), (104 bytes).
    Removing stm32l1xx_hal_i2c.o(i.I2C_DMAMemTransmitCplt), (116 bytes).
    Removing stm32l1xx_hal_i2c.o(i.I2C_DMASlaveReceiveCplt), (128 bytes).
    Removing stm32l1xx_hal_i2c.o(i.I2C_DMASlaveTransmitCplt), (120 bytes).
    Removing stm32l1xx_hal_i2c.o(i.I2C_MasterReceive_BTF), (152 bytes).
    Removing stm32l1xx_hal_i2c.o(i.I2C_MasterReceive_RXNE), (124 bytes).
    Removing stm32l1xx_hal_i2c.o(i.I2C_MasterRequestRead), (188 bytes).
    Removing stm32l1xx_hal_i2c.o(i.I2C_MasterRequestWrite), (120 bytes).
    Removing stm32l1xx_hal_i2c.o(i.I2C_MasterTransmit_BTF), (96 bytes).
    Removing stm32l1xx_hal_i2c.o(i.I2C_RequestMemoryRead), (224 bytes).
    Removing stm32l1xx_hal_i2c.o(i.I2C_RequestMemoryWrite), (144 bytes).
    Removing stm32l1xx_hal_i2c.o(i.I2C_WaitOnFlagUntilTimeout), (138 bytes).
    Removing stm32l1xx_hal_i2c.o(i.I2C_WaitOnMasterAddressFlagUntilTimeout), (136 bytes).
    Removing stm32l1xx_hal_i2s.o(.rev16_text), (4 bytes).
    Removing stm32l1xx_hal_i2s.o(.revsh_text), (4 bytes).
    Removing stm32l1xx_hal_i2s.o(i.HAL_I2S_DMAPause), (66 bytes).
    Removing stm32l1xx_hal_i2s.o(i.HAL_I2S_DMAResume), (82 bytes).
    Removing stm32l1xx_hal_i2s.o(i.HAL_I2S_DMAStop), (104 bytes).
    Removing stm32l1xx_hal_i2s.o(i.HAL_I2S_DeInit), (48 bytes).
    Removing stm32l1xx_hal_i2s.o(i.HAL_I2S_ErrorCallback), (2 bytes).
    Removing stm32l1xx_hal_i2s.o(i.HAL_I2S_GetError), (6 bytes).
    Removing stm32l1xx_hal_i2s.o(i.HAL_I2S_GetState), (6 bytes).
    Removing stm32l1xx_hal_i2s.o(i.HAL_I2S_IRQHandler), (218 bytes).
    Removing stm32l1xx_hal_i2s.o(i.HAL_I2S_Init), (178 bytes).
    Removing stm32l1xx_hal_i2s.o(i.HAL_I2S_MspDeInit), (2 bytes).
    Removing stm32l1xx_hal_i2s.o(i.HAL_I2S_MspInit), (2 bytes).
    Removing stm32l1xx_hal_i2s.o(i.HAL_I2S_Receive), (164 bytes).
    Removing stm32l1xx_hal_i2s.o(i.HAL_I2S_Receive_DMA), (200 bytes).
    Removing stm32l1xx_hal_i2s.o(i.HAL_I2S_Receive_IT), (120 bytes).
    Removing stm32l1xx_hal_i2s.o(i.HAL_I2S_RxCpltCallback), (2 bytes).
    Removing stm32l1xx_hal_i2s.o(i.HAL_I2S_RxHalfCpltCallback), (2 bytes).
    Removing stm32l1xx_hal_i2s.o(i.HAL_I2S_Transmit), (190 bytes).
    Removing stm32l1xx_hal_i2s.o(i.HAL_I2S_Transmit_DMA), (180 bytes).
    Removing stm32l1xx_hal_i2s.o(i.HAL_I2S_Transmit_IT), (120 bytes).
    Removing stm32l1xx_hal_i2s.o(i.HAL_I2S_TxCpltCallback), (2 bytes).
    Removing stm32l1xx_hal_i2s.o(i.HAL_I2S_TxHalfCpltCallback), (2 bytes).
    Removing stm32l1xx_hal_i2s.o(i.I2S_DMAError), (44 bytes).
    Removing stm32l1xx_hal_i2s.o(i.I2S_DMARxCplt), (40 bytes).
    Removing stm32l1xx_hal_i2s.o(i.I2S_DMARxHalfCplt), (10 bytes).
    Removing stm32l1xx_hal_i2s.o(i.I2S_DMATxCplt), (40 bytes).
    Removing stm32l1xx_hal_i2s.o(i.I2S_DMATxHalfCplt), (10 bytes).
    Removing stm32l1xx_hal_i2s.o(i.I2S_WaitFlagStateUntilTimeout), (106 bytes).
    Removing stm32l1xx_hal_irda.o(.rev16_text), (4 bytes).
    Removing stm32l1xx_hal_irda.o(.revsh_text), (4 bytes).
    Removing stm32l1xx_hal_irda.o(i.HAL_IRDA_DMAPause), (92 bytes).
    Removing stm32l1xx_hal_irda.o(i.HAL_IRDA_DMAResume), (102 bytes).
    Removing stm32l1xx_hal_irda.o(i.HAL_IRDA_DMAStop), (50 bytes).
    Removing stm32l1xx_hal_irda.o(i.HAL_IRDA_DeInit), (48 bytes).
    Removing stm32l1xx_hal_irda.o(i.HAL_IRDA_ErrorCallback), (2 bytes).
    Removing stm32l1xx_hal_irda.o(i.HAL_IRDA_GetError), (6 bytes).
    Removing stm32l1xx_hal_irda.o(i.HAL_IRDA_GetState), (6 bytes).
    Removing stm32l1xx_hal_irda.o(i.HAL_IRDA_IRQHandler), (306 bytes).
    Removing stm32l1xx_hal_irda.o(i.HAL_IRDA_Init), (130 bytes).
    Removing stm32l1xx_hal_irda.o(i.HAL_IRDA_MspDeInit), (2 bytes).
    Removing stm32l1xx_hal_irda.o(i.HAL_IRDA_MspInit), (2 bytes).
    Removing stm32l1xx_hal_irda.o(i.HAL_IRDA_Receive), (204 bytes).
    Removing stm32l1xx_hal_irda.o(i.HAL_IRDA_Receive_DMA), (140 bytes).
    Removing stm32l1xx_hal_irda.o(i.HAL_IRDA_Receive_IT), (106 bytes).
    Removing stm32l1xx_hal_irda.o(i.HAL_IRDA_RxCpltCallback), (2 bytes).
    Removing stm32l1xx_hal_irda.o(i.HAL_IRDA_RxHalfCpltCallback), (2 bytes).
    Removing stm32l1xx_hal_irda.o(i.HAL_IRDA_Transmit), (204 bytes).
    Removing stm32l1xx_hal_irda.o(i.HAL_IRDA_Transmit_DMA), (132 bytes).
    Removing stm32l1xx_hal_irda.o(i.HAL_IRDA_Transmit_IT), (106 bytes).
    Removing stm32l1xx_hal_irda.o(i.HAL_IRDA_TxCpltCallback), (2 bytes).
    Removing stm32l1xx_hal_irda.o(i.HAL_IRDA_TxHalfCpltCallback), (2 bytes).
    Removing stm32l1xx_hal_irda.o(i.IRDA_DMAError), (34 bytes).
    Removing stm32l1xx_hal_irda.o(i.IRDA_DMAReceiveCplt), (54 bytes).
    Removing stm32l1xx_hal_irda.o(i.IRDA_DMAReceiveHalfCplt), (10 bytes).
    Removing stm32l1xx_hal_irda.o(i.IRDA_DMATransmitCplt), (84 bytes).
    Removing stm32l1xx_hal_irda.o(i.IRDA_DMATransmitHalfCplt), (10 bytes).
    Removing stm32l1xx_hal_irda.o(i.IRDA_Receive_IT), (168 bytes).
    Removing stm32l1xx_hal_irda.o(i.IRDA_SetConfig), (216 bytes).
    Removing stm32l1xx_hal_irda.o(i.IRDA_Transmit_IT), (102 bytes).
    Removing stm32l1xx_hal_irda.o(i.IRDA_WaitOnFlagUntilTimeout), (146 bytes).
    Removing stm32l1xx_hal_iwdg.o(.rev16_text), (4 bytes).
    Removing stm32l1xx_hal_iwdg.o(.revsh_text), (4 bytes).
    Removing stm32l1xx_hal_iwdg.o(i.HAL_IWDG_GetState), (4 bytes).
    Removing stm32l1xx_hal_iwdg.o(i.HAL_IWDG_Init), (86 bytes).
    Removing stm32l1xx_hal_iwdg.o(i.HAL_IWDG_MspInit), (2 bytes).
    Removing stm32l1xx_hal_iwdg.o(i.HAL_IWDG_Refresh), (84 bytes).
    Removing stm32l1xx_hal_iwdg.o(i.HAL_IWDG_Start), (42 bytes).
    Removing stm32l1xx_hal_lcd.o(.rev16_text), (4 bytes).
    Removing stm32l1xx_hal_lcd.o(.revsh_text), (4 bytes).
    Removing stm32l1xx_hal_lcd.o(i.HAL_LCD_Clear), (128 bytes).
    Removing stm32l1xx_hal_lcd.o(i.HAL_LCD_DeInit), (38 bytes).
    Removing stm32l1xx_hal_lcd.o(i.HAL_LCD_GetError), (6 bytes).
    Removing stm32l1xx_hal_lcd.o(i.HAL_LCD_GetState), (6 bytes).
    Removing stm32l1xx_hal_lcd.o(i.HAL_LCD_Init), (252 bytes).
    Removing stm32l1xx_hal_lcd.o(i.HAL_LCD_MspDeInit), (2 bytes).
    Removing stm32l1xx_hal_lcd.o(i.HAL_LCD_MspInit), (2 bytes).
    Removing stm32l1xx_hal_lcd.o(i.HAL_LCD_UpdateDisplayRequest), (86 bytes).
    Removing stm32l1xx_hal_lcd.o(i.HAL_LCD_Write), (138 bytes).
    Removing stm32l1xx_hal_lcd.o(i.LCD_WaitForSynchro), (50 bytes).
    Removing stm32l1xx_hal_nor.o(.rev16_text), (4 bytes).
    Removing stm32l1xx_hal_nor.o(.revsh_text), (4 bytes).
    Removing stm32l1xx_hal_opamp.o(.rev16_text), (4 bytes).
    Removing stm32l1xx_hal_opamp.o(.revsh_text), (4 bytes).
    Removing stm32l1xx_hal_opamp.o(i.HAL_OPAMP_DeInit), (176 bytes).
    Removing stm32l1xx_hal_opamp.o(i.HAL_OPAMP_GetState), (10 bytes).
    Removing stm32l1xx_hal_opamp.o(i.HAL_OPAMP_GetTrimOffset), (96 bytes).
    Removing stm32l1xx_hal_opamp.o(i.HAL_OPAMP_Init), (700 bytes).
    Removing stm32l1xx_hal_opamp.o(i.HAL_OPAMP_Lock), (48 bytes).
    Removing stm32l1xx_hal_opamp.o(i.HAL_OPAMP_MspDeInit), (2 bytes).
    Removing stm32l1xx_hal_opamp.o(i.HAL_OPAMP_MspInit), (2 bytes).
    Removing stm32l1xx_hal_opamp.o(i.HAL_OPAMP_SelfCalibrate), (744 bytes).
    Removing stm32l1xx_hal_opamp.o(i.HAL_OPAMP_Start), (68 bytes).
    Removing stm32l1xx_hal_opamp.o(i.HAL_OPAMP_Stop), (76 bytes).
    Removing stm32l1xx_hal_opamp_ex.o(.rev16_text), (4 bytes).
    Removing stm32l1xx_hal_opamp_ex.o(.revsh_text), (4 bytes).
    Removing stm32l1xx_hal_opamp_ex.o(i.HAL_OPAMPEx_SelfCalibrateAll), (660 bytes).
    Removing stm32l1xx_hal_opamp_ex.o(i.HAL_OPAMPEx_Unlock), (48 bytes).
    Removing stm32l1xx_hal_pcd.o(.rev16_text), (4 bytes).
    Removing stm32l1xx_hal_pcd.o(.revsh_text), (4 bytes).
    Removing stm32l1xx_hal_pcd.o(i.HAL_PCDEx_SetConnectionState), (2 bytes).
    Removing stm32l1xx_hal_pcd.o(i.HAL_PCD_ActiveRemoteWakeup), (16 bytes).
    Removing stm32l1xx_hal_pcd.o(i.HAL_PCD_ConnectCallback), (2 bytes).
    Removing stm32l1xx_hal_pcd.o(i.HAL_PCD_DataInStageCallback), (2 bytes).
    Removing stm32l1xx_hal_pcd.o(i.HAL_PCD_DataOutStageCallback), (2 bytes).
    Removing stm32l1xx_hal_pcd.o(i.HAL_PCD_DeActiveRemoteWakeup), (16 bytes).
    Removing stm32l1xx_hal_pcd.o(i.HAL_PCD_DeInit), (36 bytes).
    Removing stm32l1xx_hal_pcd.o(i.HAL_PCD_DevConnect), (38 bytes).
    Removing stm32l1xx_hal_pcd.o(i.HAL_PCD_DevDisconnect), (38 bytes).
    Removing stm32l1xx_hal_pcd.o(i.HAL_PCD_DisconnectCallback), (2 bytes).
    Removing stm32l1xx_hal_pcd.o(i.HAL_PCD_EP_Close), (386 bytes).
    Removing stm32l1xx_hal_pcd.o(i.HAL_PCD_EP_ClrStall), (176 bytes).
    Removing stm32l1xx_hal_pcd.o(i.HAL_PCD_EP_Flush), (4 bytes).
    Removing stm32l1xx_hal_pcd.o(i.HAL_PCD_EP_GetRxCount), (20 bytes).
    Removing stm32l1xx_hal_pcd.o(i.HAL_PCD_EP_Open), (762 bytes).
    Removing stm32l1xx_hal_pcd.o(i.HAL_PCD_EP_Receive), (230 bytes).
    Removing stm32l1xx_hal_pcd.o(i.HAL_PCD_EP_SetStall), (138 bytes).
    Removing stm32l1xx_hal_pcd.o(i.HAL_PCD_EP_Transmit), (340 bytes).
    Removing stm32l1xx_hal_pcd.o(i.HAL_PCD_GetState), (6 bytes).
    Removing stm32l1xx_hal_pcd.o(i.HAL_PCD_IRQHandler), (252 bytes).
    Removing stm32l1xx_hal_pcd.o(i.HAL_PCD_ISOINIncompleteCallback), (2 bytes).
    Removing stm32l1xx_hal_pcd.o(i.HAL_PCD_ISOOUTIncompleteCallback), (2 bytes).
    Removing stm32l1xx_hal_pcd.o(i.HAL_PCD_Init), (154 bytes).
    Removing stm32l1xx_hal_pcd.o(i.HAL_PCD_MspDeInit), (2 bytes).
    Removing stm32l1xx_hal_pcd.o(i.HAL_PCD_MspInit), (2 bytes).
    Removing stm32l1xx_hal_pcd.o(i.HAL_PCD_ResetCallback), (2 bytes).
    Removing stm32l1xx_hal_pcd.o(i.HAL_PCD_ResumeCallback), (2 bytes).
    Removing stm32l1xx_hal_pcd.o(i.HAL_PCD_SOFCallback), (2 bytes).
    Removing stm32l1xx_hal_pcd.o(i.HAL_PCD_SetAddress), (44 bytes).
    Removing stm32l1xx_hal_pcd.o(i.HAL_PCD_SetupStageCallback), (2 bytes).
    Removing stm32l1xx_hal_pcd.o(i.HAL_PCD_Start), (12 bytes).
    Removing stm32l1xx_hal_pcd.o(i.HAL_PCD_Stop), (44 bytes).
    Removing stm32l1xx_hal_pcd.o(i.HAL_PCD_SuspendCallback), (2 bytes).
    Removing stm32l1xx_hal_pcd.o(i.PCD_EP_ISR_Handler), (874 bytes).
    Removing stm32l1xx_hal_pcd.o(i.PCD_ReadPMA), (30 bytes).
    Removing stm32l1xx_hal_pcd.o(i.PCD_WritePMA), (38 bytes).
    Removing stm32l1xx_hal_pcd_ex.o(.rev16_text), (4 bytes).
    Removing stm32l1xx_hal_pcd_ex.o(.revsh_text), (4 bytes).
    Removing stm32l1xx_hal_pcd_ex.o(i.HAL_PCDEx_PMAConfig), (60 bytes).
    Removing stm32l1xx_hal_pwr.o(.rev16_text), (4 bytes).
    Removing stm32l1xx_hal_pwr.o(.revsh_text), (4 bytes).
    Removing stm32l1xx_hal_pwr.o(i.HAL_PWR_DeInit), (24 bytes).
    Removing stm32l1xx_hal_pwr.o(i.HAL_PWR_DisableBkUpAccess), (28 bytes).
    Removing stm32l1xx_hal_pwr.o(i.HAL_PWR_DisablePVD), (24 bytes).
    Removing stm32l1xx_hal_pwr.o(i.HAL_PWR_DisableWakeUpPin), (28 bytes).
    Removing stm32l1xx_hal_pwr.o(i.HAL_PWR_EnableBkUpAccess), (24 bytes).
    Removing stm32l1xx_hal_pwr.o(i.HAL_PWR_EnablePVD), (24 bytes).
    Removing stm32l1xx_hal_pwr.o(i.HAL_PWR_EnableWakeUpPin), (28 bytes).
    Removing stm32l1xx_hal_pwr.o(i.HAL_PWR_EnterSLEEPMode), (48 bytes).
    Removing stm32l1xx_hal_pwr.o(i.HAL_PWR_EnterSTANDBYMode), (32 bytes).
    Removing stm32l1xx_hal_pwr.o(i.HAL_PWR_EnterSTOPMode), (56 bytes).
    Removing stm32l1xx_hal_pwr.o(i.HAL_PWR_PVDCallback), (2 bytes).
    Removing stm32l1xx_hal_pwr.o(i.HAL_PWR_PVDConfig), (124 bytes).
    Removing stm32l1xx_hal_pwr.o(i.HAL_PWR_PVD_IRQHandler), (28 bytes).
    Removing stm32l1xx_hal_pwr_ex.o(.rev16_text), (4 bytes).
    Removing stm32l1xx_hal_pwr_ex.o(.revsh_text), (4 bytes).
    Removing stm32l1xx_hal_pwr_ex.o(i.HAL_PWREx_DisableFastWakeUp), (28 bytes).
    Removing stm32l1xx_hal_pwr_ex.o(i.HAL_PWREx_DisableLowPowerRunMode), (40 bytes).
    Removing stm32l1xx_hal_pwr_ex.o(i.HAL_PWREx_DisableUltraLowPower), (28 bytes).
    Removing stm32l1xx_hal_pwr_ex.o(i.HAL_PWREx_EnableFastWakeUp), (24 bytes).
    Removing stm32l1xx_hal_pwr_ex.o(i.HAL_PWREx_EnableLowPowerRunMode), (36 bytes).
    Removing stm32l1xx_hal_pwr_ex.o(i.HAL_PWREx_EnableUltraLowPower), (24 bytes).
    Removing stm32l1xx_hal_rcc.o(.rev16_text), (4 bytes).
    Removing stm32l1xx_hal_rcc.o(.revsh_text), (4 bytes).
    Removing stm32l1xx_hal_rcc.o(i.HAL_RCC_CCSCallback), (2 bytes).
    Removing stm32l1xx_hal_rcc.o(i.HAL_RCC_DeInit), (96 bytes).
    Removing stm32l1xx_hal_rcc.o(i.HAL_RCC_DisableCSS), (28 bytes).
    Removing stm32l1xx_hal_rcc.o(i.HAL_RCC_EnableCSS), (24 bytes).
    Removing stm32l1xx_hal_rcc.o(i.HAL_RCC_GetClockConfig), (64 bytes).
    Removing stm32l1xx_hal_rcc.o(i.HAL_RCC_GetOscConfig), (208 bytes).
    Removing stm32l1xx_hal_rcc.o(i.HAL_RCC_GetPCLK1Freq), (44 bytes).
    Removing stm32l1xx_hal_rcc.o(i.HAL_RCC_GetPCLK2Freq), (44 bytes).
    Removing stm32l1xx_hal_rcc.o(i.HAL_RCC_MCOConfig), (72 bytes).
    Removing stm32l1xx_hal_rcc.o(i.HAL_RCC_NMI_IRQHandler), (28 bytes).
    Removing stm32l1xx_hal_rcc_ex.o(.rev16_text), (4 bytes).
    Removing stm32l1xx_hal_rcc_ex.o(.revsh_text), (4 bytes).
    Removing stm32l1xx_hal_rcc_ex.o(i.HAL_RCCEx_DisableLSECSS), (32 bytes).
    Removing stm32l1xx_hal_rcc_ex.o(i.HAL_RCCEx_EnableLSECSS), (28 bytes).
    Removing stm32l1xx_hal_rcc_ex.o(i.HAL_RCCEx_GetPeriphCLKConfig), (44 bytes).
    Removing stm32l1xx_hal_rcc_ex.o(i.HAL_RCCEx_PeriphCLKConfig), (304 bytes).
    Removing stm32l1xx_hal_rtc.o(.rev16_text), (4 bytes).
    Removing stm32l1xx_hal_rtc.o(.revsh_text), (4 bytes).
    Removing stm32l1xx_hal_rtc.o(i.HAL_RTC_AlarmAEventCallback), (2 bytes).
    Removing stm32l1xx_hal_rtc.o(i.HAL_RTC_AlarmIRQHandler), (92 bytes).
    Removing stm32l1xx_hal_rtc.o(i.HAL_RTC_DeInit), (4 bytes).
    Removing stm32l1xx_hal_rtc.o(i.HAL_RTC_DeactivateAlarm), (178 bytes).
    Removing stm32l1xx_hal_rtc.o(i.HAL_RTC_GetDate), (68 bytes).
    Removing stm32l1xx_hal_rtc.o(i.HAL_RTC_GetState), (4 bytes).
    Removing stm32l1xx_hal_rtc.o(i.HAL_RTC_Init), (152 bytes).
    Removing stm32l1xx_hal_rtc.o(i.HAL_RTC_MspDeInit), (2 bytes).
    Removing stm32l1xx_hal_rtc.o(i.HAL_RTC_MspInit), (2 bytes).
    Removing stm32l1xx_hal_rtc.o(i.HAL_RTC_PollForAlarmAEvent), (66 bytes).
    Removing stm32l1xx_hal_rtc.o(i.HAL_RTC_SetDate), (200 bytes).
    Removing stm32l1xx_hal_rtc.o(i.HAL_RTC_SetTime), (232 bytes).
    Removing stm32l1xx_hal_rtc.o(i.RTC_Bcd2ToByte), (18 bytes).
    Removing stm32l1xx_hal_rtc.o(i.RTC_ByteToBcd2), (22 bytes).
    Removing stm32l1xx_hal_rtc.o(i.RTC_EnterInitMode), (58 bytes).
    Removing stm32l1xx_hal_rtc_ex.o(.rev16_text), (4 bytes).
    Removing stm32l1xx_hal_rtc_ex.o(.revsh_text), (4 bytes).
    Removing stm32l1xx_hal_rtc_ex.o(i.HAL_RTCEx_AlarmBEventCallback), (2 bytes).
    Removing stm32l1xx_hal_rtc_ex.o(i.HAL_RTCEx_BKUPRead), (10 bytes).
    Removing stm32l1xx_hal_rtc_ex.o(i.HAL_RTCEx_BKUPWrite), (10 bytes).
    Removing stm32l1xx_hal_rtc_ex.o(i.HAL_RTCEx_DeactivateCalibrationOutPut), (56 bytes).
    Removing stm32l1xx_hal_rtc_ex.o(i.HAL_RTCEx_DeactivateCoarseCalib), (96 bytes).
    Removing stm32l1xx_hal_rtc_ex.o(i.HAL_RTCEx_DeactivateRefClock), (96 bytes).
    Removing stm32l1xx_hal_rtc_ex.o(i.HAL_RTCEx_DeactivateTamper), (38 bytes).
    Removing stm32l1xx_hal_rtc_ex.o(i.HAL_RTCEx_DeactivateTimeStamp), (70 bytes).
    Removing stm32l1xx_hal_rtc_ex.o(i.HAL_RTCEx_DeactivateWakeUpTimer), (122 bytes).
    Removing stm32l1xx_hal_rtc_ex.o(i.HAL_RTCEx_DisableBypassShadow), (56 bytes).
    Removing stm32l1xx_hal_rtc_ex.o(i.HAL_RTCEx_EnableBypassShadow), (56 bytes).
    Removing stm32l1xx_hal_rtc_ex.o(i.HAL_RTCEx_GetTimeStamp), (152 bytes).
    Removing stm32l1xx_hal_rtc_ex.o(i.HAL_RTCEx_GetWakeUpTimer), (8 bytes).
    Removing stm32l1xx_hal_rtc_ex.o(i.HAL_RTCEx_PollForAlarmBEvent), (66 bytes).
    Removing stm32l1xx_hal_rtc_ex.o(i.HAL_RTCEx_PollForTamper1Event), (66 bytes).
    Removing stm32l1xx_hal_rtc_ex.o(i.HAL_RTCEx_PollForTamper2Event), (66 bytes).
    Removing stm32l1xx_hal_rtc_ex.o(i.HAL_RTCEx_PollForTamper3Event), (68 bytes).
    Removing stm32l1xx_hal_rtc_ex.o(i.HAL_RTCEx_PollForTimeStampEvent), (78 bytes).
    Removing stm32l1xx_hal_rtc_ex.o(i.HAL_RTCEx_PollForWakeUpTimerEvent), (66 bytes).
    Removing stm32l1xx_hal_rtc_ex.o(i.HAL_RTCEx_SetCalibrationOutPut), (76 bytes).
    Removing stm32l1xx_hal_rtc_ex.o(i.HAL_RTCEx_SetCoarseCalib), (110 bytes).
    Removing stm32l1xx_hal_rtc_ex.o(i.HAL_RTCEx_SetRefClock), (96 bytes).
    Removing stm32l1xx_hal_rtc_ex.o(i.HAL_RTCEx_SetSmoothCalib), (130 bytes).
    Removing stm32l1xx_hal_rtc_ex.o(i.HAL_RTCEx_SetSynchroShift), (146 bytes).
    Removing stm32l1xx_hal_rtc_ex.o(i.HAL_RTCEx_SetTamper), (94 bytes).
    Removing stm32l1xx_hal_rtc_ex.o(i.HAL_RTCEx_SetTamper_IT), (128 bytes).
    Removing stm32l1xx_hal_rtc_ex.o(i.HAL_RTCEx_SetTimeStamp), (72 bytes).
    Removing stm32l1xx_hal_rtc_ex.o(i.HAL_RTCEx_SetTimeStamp_IT), (108 bytes).
    Removing stm32l1xx_hal_rtc_ex.o(i.HAL_RTCEx_SetWakeUpTimer), (154 bytes).
    Removing stm32l1xx_hal_rtc_ex.o(i.HAL_RTCEx_SetWakeUpTimer_IT), (192 bytes).
    Removing stm32l1xx_hal_rtc_ex.o(i.HAL_RTCEx_Tamper1EventCallback), (2 bytes).
    Removing stm32l1xx_hal_rtc_ex.o(i.HAL_RTCEx_Tamper2EventCallback), (2 bytes).
    Removing stm32l1xx_hal_rtc_ex.o(i.HAL_RTCEx_Tamper3EventCallback), (2 bytes).
    Removing stm32l1xx_hal_rtc_ex.o(i.HAL_RTCEx_TamperTimeStampIRQHandler), (160 bytes).
    Removing stm32l1xx_hal_rtc_ex.o(i.HAL_RTCEx_TimeStampEventCallback), (2 bytes).
    Removing stm32l1xx_hal_rtc_ex.o(i.HAL_RTCEx_WakeUpTimerEventCallback), (2 bytes).
    Removing stm32l1xx_hal_rtc_ex.o(i.HAL_RTCEx_WakeUpTimerIRQHandler), (56 bytes).
    Removing stm32l1xx_hal_rtc_ex.o(i.HAL_RTC_DeInit), (204 bytes).
    Removing stm32l1xx_hal_rtc_ex.o(i.HAL_RTC_GetAlarm), (126 bytes).
    Removing stm32l1xx_hal_rtc_ex.o(i.HAL_RTC_GetTime), (80 bytes).
    Removing stm32l1xx_hal_rtc_ex.o(i.HAL_RTC_SetAlarm), (352 bytes).
    Removing stm32l1xx_hal_rtc_ex.o(i.HAL_RTC_SetAlarm_IT), (408 bytes).
    Removing stm32l1xx_hal_rtc_ex.o(i.HAL_RTC_WaitForSynchro), (58 bytes).
    Removing stm32l1xx_hal_sd.o(.rev16_text), (4 bytes).
    Removing stm32l1xx_hal_sd.o(.revsh_text), (4 bytes).
    Removing stm32l1xx_hal_smartcard.o(.rev16_text), (4 bytes).
    Removing stm32l1xx_hal_smartcard.o(.revsh_text), (4 bytes).
    Removing stm32l1xx_hal_smartcard.o(i.HAL_SMARTCARD_DeInit), (48 bytes).
    Removing stm32l1xx_hal_smartcard.o(i.HAL_SMARTCARD_ErrorCallback), (2 bytes).
    Removing stm32l1xx_hal_smartcard.o(i.HAL_SMARTCARD_GetError), (6 bytes).
    Removing stm32l1xx_hal_smartcard.o(i.HAL_SMARTCARD_GetState), (6 bytes).
    Removing stm32l1xx_hal_smartcard.o(i.HAL_SMARTCARD_IRQHandler), (276 bytes).
    Removing stm32l1xx_hal_smartcard.o(i.HAL_SMARTCARD_Init), (156 bytes).
    Removing stm32l1xx_hal_smartcard.o(i.HAL_SMARTCARD_MspDeInit), (2 bytes).
    Removing stm32l1xx_hal_smartcard.o(i.HAL_SMARTCARD_MspInit), (2 bytes).
    Removing stm32l1xx_hal_smartcard.o(i.HAL_SMARTCARD_Receive), (204 bytes).
    Removing stm32l1xx_hal_smartcard.o(i.HAL_SMARTCARD_Receive_DMA), (128 bytes).
    Removing stm32l1xx_hal_smartcard.o(i.HAL_SMARTCARD_Receive_IT), (106 bytes).
    Removing stm32l1xx_hal_smartcard.o(i.HAL_SMARTCARD_RxCpltCallback), (2 bytes).
    Removing stm32l1xx_hal_smartcard.o(i.HAL_SMARTCARD_Transmit), (204 bytes).
    Removing stm32l1xx_hal_smartcard.o(i.HAL_SMARTCARD_Transmit_DMA), (124 bytes).
    Removing stm32l1xx_hal_smartcard.o(i.HAL_SMARTCARD_Transmit_IT), (106 bytes).
    Removing stm32l1xx_hal_smartcard.o(i.HAL_SMARTCARD_TxCpltCallback), (2 bytes).
    Removing stm32l1xx_hal_smartcard.o(i.SMARTCARD_DMAError), (28 bytes).
    Removing stm32l1xx_hal_smartcard.o(i.SMARTCARD_DMAReceiveCplt), (42 bytes).
    Removing stm32l1xx_hal_smartcard.o(i.SMARTCARD_DMATransmitCplt), (76 bytes).
    Removing stm32l1xx_hal_smartcard.o(i.SMARTCARD_Receive_IT), (168 bytes).
    Removing stm32l1xx_hal_smartcard.o(i.SMARTCARD_SetConfig), (256 bytes).
    Removing stm32l1xx_hal_smartcard.o(i.SMARTCARD_Transmit_IT), (102 bytes).
    Removing stm32l1xx_hal_smartcard.o(i.SMARTCARD_WaitOnFlagUntilTimeout), (126 bytes).
    Removing stm32l1xx_hal_spi.o(.rev16_text), (4 bytes).
    Removing stm32l1xx_hal_spi.o(.revsh_text), (4 bytes).
    Removing stm32l1xx_hal_spi.o(i.HAL_SPI_DMAPause), (48 bytes).
    Removing stm32l1xx_hal_spi.o(i.HAL_SPI_DMAResume), (48 bytes).
    Removing stm32l1xx_hal_spi.o(i.HAL_SPI_DMAStop), (50 bytes).
    Removing stm32l1xx_hal_spi.o(i.HAL_SPI_DeInit), (42 bytes).
    Removing stm32l1xx_hal_spi.o(i.HAL_SPI_ErrorCallback), (2 bytes).
    Removing stm32l1xx_hal_spi.o(i.HAL_SPI_GetError), (6 bytes).
    Removing stm32l1xx_hal_spi.o(i.HAL_SPI_GetState), (6 bytes).
    Removing stm32l1xx_hal_spi.o(i.HAL_SPI_IRQHandler), (206 bytes).
    Removing stm32l1xx_hal_spi.o(i.HAL_SPI_Init), (4 bytes).
    Removing stm32l1xx_hal_spi.o(i.HAL_SPI_MspDeInit), (2 bytes).
    Removing stm32l1xx_hal_spi.o(i.HAL_SPI_MspInit), (2 bytes).
    Removing stm32l1xx_hal_spi.o(i.HAL_SPI_Receive), (476 bytes).
    Removing stm32l1xx_hal_spi.o(i.HAL_SPI_Receive_DMA), (224 bytes).
    Removing stm32l1xx_hal_spi.o(i.HAL_SPI_Receive_IT), (184 bytes).
    Removing stm32l1xx_hal_spi.o(i.HAL_SPI_RxCpltCallback), (2 bytes).
    Removing stm32l1xx_hal_spi.o(i.HAL_SPI_RxHalfCpltCallback), (2 bytes).
    Removing stm32l1xx_hal_spi.o(i.HAL_SPI_Transmit), (328 bytes).
    Removing stm32l1xx_hal_spi.o(i.HAL_SPI_TransmitReceive), (696 bytes).
    Removing stm32l1xx_hal_spi.o(i.HAL_SPI_TransmitReceive_DMA), (276 bytes).
    Removing stm32l1xx_hal_spi.o(i.HAL_SPI_TransmitReceive_IT), (176 bytes).
    Removing stm32l1xx_hal_spi.o(i.HAL_SPI_Transmit_DMA), (192 bytes).
    Removing stm32l1xx_hal_spi.o(i.HAL_SPI_Transmit_IT), (164 bytes).
    Removing stm32l1xx_hal_spi.o(i.HAL_SPI_TxCpltCallback), (2 bytes).
    Removing stm32l1xx_hal_spi.o(i.HAL_SPI_TxHalfCpltCallback), (2 bytes).
    Removing stm32l1xx_hal_spi.o(i.HAL_SPI_TxRxCpltCallback), (2 bytes).
    Removing stm32l1xx_hal_spi.o(i.HAL_SPI_TxRxHalfCpltCallback), (2 bytes).
    Removing stm32l1xx_hal_spi.o(i.SPI_2LinesRxISR), (44 bytes).
    Removing stm32l1xx_hal_spi.o(i.SPI_DMAError), (34 bytes).
    Removing stm32l1xx_hal_spi.o(i.SPI_DMAHalfReceiveCplt), (10 bytes).
    Removing stm32l1xx_hal_spi.o(i.SPI_DMAHalfTransmitCplt), (10 bytes).
    Removing stm32l1xx_hal_spi.o(i.SPI_DMAHalfTransmitReceiveCplt), (10 bytes).
    Removing stm32l1xx_hal_spi.o(i.SPI_DMAReceiveCplt), (196 bytes).
    Removing stm32l1xx_hal_spi.o(i.SPI_DMATransmitCplt), (116 bytes).
    Removing stm32l1xx_hal_spi.o(i.SPI_DMATransmitReceiveCplt), (204 bytes).
    Removing stm32l1xx_hal_spi.o(i.SPI_RxCloseIRQHandler), (224 bytes).
    Removing stm32l1xx_hal_spi.o(i.SPI_RxISR), (70 bytes).
    Removing stm32l1xx_hal_spi.o(i.SPI_TxCloseIRQHandler), (138 bytes).
    Removing stm32l1xx_hal_spi.o(i.SPI_TxISR), (66 bytes).
    Removing stm32l1xx_hal_spi.o(i.SPI_WaitOnFlagUntilTimeout), (158 bytes).
    Removing stm32l1xx_hal_spi_ex.o(.rev16_text), (4 bytes).
    Removing stm32l1xx_hal_spi_ex.o(.revsh_text), (4 bytes).
    Removing stm32l1xx_hal_spi_ex.o(i.HAL_SPI_Init), (130 bytes).
    Removing stm32l1xx_hal_sram.o(.rev16_text), (4 bytes).
    Removing stm32l1xx_hal_sram.o(.revsh_text), (4 bytes).
    Removing stm32l1xx_hal_tim.o(.rev16_text), (4 bytes).
    Removing stm32l1xx_hal_tim.o(.revsh_text), (4 bytes).
    Removing stm32l1xx_hal_tim.o(i.HAL_TIM_Base_DeInit), (48 bytes).
    Removing stm32l1xx_hal_tim.o(i.HAL_TIM_Base_GetState), (6 bytes).
    Removing stm32l1xx_hal_tim.o(i.HAL_TIM_Base_Init), (48 bytes).
    Removing stm32l1xx_hal_tim.o(i.HAL_TIM_Base_MspDeInit), (2 bytes).
    Removing stm32l1xx_hal_tim.o(i.HAL_TIM_Base_MspInit), (2 bytes).
    Removing stm32l1xx_hal_tim.o(i.HAL_TIM_Base_Start), (26 bytes).
    Removing stm32l1xx_hal_tim.o(i.HAL_TIM_Base_Start_DMA), (92 bytes).
    Removing stm32l1xx_hal_tim.o(i.HAL_TIM_Base_Start_IT), (24 bytes).
    Removing stm32l1xx_hal_tim.o(i.HAL_TIM_Base_Stop), (36 bytes).
    Removing stm32l1xx_hal_tim.o(i.HAL_TIM_Base_Stop_DMA), (40 bytes).
    Removing stm32l1xx_hal_tim.o(i.HAL_TIM_Base_Stop_IT), (34 bytes).
    Removing stm32l1xx_hal_tim.o(i.HAL_TIM_ConfigClockSource), (242 bytes).
    Removing stm32l1xx_hal_tim.o(i.HAL_TIM_ConfigOCrefClear), (220 bytes).
    Removing stm32l1xx_hal_tim.o(i.HAL_TIM_ConfigTI1Input), (16 bytes).
    Removing stm32l1xx_hal_tim.o(i.HAL_TIM_DMABurst_ReadStart), (236 bytes).
    Removing stm32l1xx_hal_tim.o(i.HAL_TIM_DMABurst_ReadStop), (86 bytes).
    Removing stm32l1xx_hal_tim.o(i.HAL_TIM_DMABurst_WriteStart), (236 bytes).
    Removing stm32l1xx_hal_tim.o(i.HAL_TIM_DMABurst_WriteStop), (86 bytes).
    Removing stm32l1xx_hal_tim.o(i.HAL_TIM_Encoder_DeInit), (48 bytes).
    Removing stm32l1xx_hal_tim.o(i.HAL_TIM_Encoder_GetState), (6 bytes).
    Removing stm32l1xx_hal_tim.o(i.HAL_TIM_Encoder_Init), (144 bytes).
    Removing stm32l1xx_hal_tim.o(i.HAL_TIM_Encoder_MspDeInit), (2 bytes).
    Removing stm32l1xx_hal_tim.o(i.HAL_TIM_Encoder_MspInit), (2 bytes).
    Removing stm32l1xx_hal_tim.o(i.HAL_TIM_Encoder_Start), (52 bytes).
    Removing stm32l1xx_hal_tim.o(i.HAL_TIM_Encoder_Start_DMA), (272 bytes).
    Removing stm32l1xx_hal_tim.o(i.HAL_TIM_Encoder_Start_IT), (92 bytes).
    Removing stm32l1xx_hal_tim.o(i.HAL_TIM_Encoder_Stop), (62 bytes).
    Removing stm32l1xx_hal_tim.o(i.HAL_TIM_Encoder_Stop_DMA), (108 bytes).
    Removing stm32l1xx_hal_tim.o(i.HAL_TIM_Encoder_Stop_IT), (108 bytes).
    Removing stm32l1xx_hal_tim.o(i.HAL_TIM_ErrorCallback), (2 bytes).
    Removing stm32l1xx_hal_tim.o(i.HAL_TIM_GenerateEvent), (38 bytes).
    Removing stm32l1xx_hal_tim.o(i.HAL_TIM_IC_CaptureCallback), (2 bytes).
    Removing stm32l1xx_hal_tim.o(i.HAL_TIM_IC_ConfigChannel), (266 bytes).
    Removing stm32l1xx_hal_tim.o(i.HAL_TIM_IC_DeInit), (48 bytes).
    Removing stm32l1xx_hal_tim.o(i.HAL_TIM_IC_GetState), (6 bytes).
    Removing stm32l1xx_hal_tim.o(i.HAL_TIM_IC_Init), (48 bytes).
    Removing stm32l1xx_hal_tim.o(i.HAL_TIM_IC_MspDeInit), (2 bytes).
    Removing stm32l1xx_hal_tim.o(i.HAL_TIM_IC_MspInit), (2 bytes).
    Removing stm32l1xx_hal_tim.o(i.HAL_TIM_IC_Start), (26 bytes).
    Removing stm32l1xx_hal_tim.o(i.HAL_TIM_IC_Start_DMA), (200 bytes).
    Removing stm32l1xx_hal_tim.o(i.HAL_TIM_IC_Start_IT), (76 bytes).
    Removing stm32l1xx_hal_tim.o(i.HAL_TIM_IC_Stop), (36 bytes).
    Removing stm32l1xx_hal_tim.o(i.HAL_TIM_IC_Stop_DMA), (92 bytes).
    Removing stm32l1xx_hal_tim.o(i.HAL_TIM_IC_Stop_IT), (86 bytes).
    Removing stm32l1xx_hal_tim.o(i.HAL_TIM_IRQHandler), (294 bytes).
    Removing stm32l1xx_hal_tim.o(i.HAL_TIM_OC_ConfigChannel), (86 bytes).
    Removing stm32l1xx_hal_tim.o(i.HAL_TIM_OC_DeInit), (48 bytes).
    Removing stm32l1xx_hal_tim.o(i.HAL_TIM_OC_DelayElapsedCallback), (2 bytes).
    Removing stm32l1xx_hal_tim.o(i.HAL_TIM_OC_GetState), (6 bytes).
    Removing stm32l1xx_hal_tim.o(i.HAL_TIM_OC_Init), (48 bytes).
    Removing stm32l1xx_hal_tim.o(i.HAL_TIM_OC_MspDeInit), (2 bytes).
    Removing stm32l1xx_hal_tim.o(i.HAL_TIM_OC_MspInit), (2 bytes).
    Removing stm32l1xx_hal_tim.o(i.HAL_TIM_OC_Start), (26 bytes).
    Removing stm32l1xx_hal_tim.o(i.HAL_TIM_OC_Start_DMA), (212 bytes).
    Removing stm32l1xx_hal_tim.o(i.HAL_TIM_OC_Start_IT), (76 bytes).
    Removing stm32l1xx_hal_tim.o(i.HAL_TIM_OC_Stop), (36 bytes).
    Removing stm32l1xx_hal_tim.o(i.HAL_TIM_OC_Stop_DMA), (92 bytes).
    Removing stm32l1xx_hal_tim.o(i.HAL_TIM_OC_Stop_IT), (86 bytes).
    Removing stm32l1xx_hal_tim.o(i.HAL_TIM_OnePulse_ConfigChannel), (210 bytes).
    Removing stm32l1xx_hal_tim.o(i.HAL_TIM_OnePulse_DeInit), (48 bytes).
    Removing stm32l1xx_hal_tim.o(i.HAL_TIM_OnePulse_GetState), (6 bytes).
    Removing stm32l1xx_hal_tim.o(i.HAL_TIM_OnePulse_Init), (68 bytes).
    Removing stm32l1xx_hal_tim.o(i.HAL_TIM_OnePulse_MspDeInit), (2 bytes).
    Removing stm32l1xx_hal_tim.o(i.HAL_TIM_OnePulse_MspInit), (2 bytes).
    Removing stm32l1xx_hal_tim.o(i.HAL_TIM_OnePulse_Start), (28 bytes).
    Removing stm32l1xx_hal_tim.o(i.HAL_TIM_OnePulse_Start_IT), (48 bytes).
    Removing stm32l1xx_hal_tim.o(i.HAL_TIM_OnePulse_Stop), (48 bytes).
    Removing stm32l1xx_hal_tim.o(i.HAL_TIM_OnePulse_Stop_IT), (68 bytes).
    Removing stm32l1xx_hal_tim.o(i.HAL_TIM_PWM_ConfigChannel), (208 bytes).
    Removing stm32l1xx_hal_tim.o(i.HAL_TIM_PWM_DeInit), (48 bytes).
    Removing stm32l1xx_hal_tim.o(i.HAL_TIM_PWM_GetState), (6 bytes).
    Removing stm32l1xx_hal_tim.o(i.HAL_TIM_PWM_Init), (48 bytes).
    Removing stm32l1xx_hal_tim.o(i.HAL_TIM_PWM_MspDeInit), (2 bytes).
    Removing stm32l1xx_hal_tim.o(i.HAL_TIM_PWM_MspInit), (2 bytes).
    Removing stm32l1xx_hal_tim.o(i.HAL_TIM_PWM_PulseFinishedCallback), (2 bytes).
    Removing stm32l1xx_hal_tim.o(i.HAL_TIM_PWM_Start), (26 bytes).
    Removing stm32l1xx_hal_tim.o(i.HAL_TIM_PWM_Start_DMA), (212 bytes).
    Removing stm32l1xx_hal_tim.o(i.HAL_TIM_PWM_Start_IT), (76 bytes).
    Removing stm32l1xx_hal_tim.o(i.HAL_TIM_PWM_Stop), (42 bytes).
    Removing stm32l1xx_hal_tim.o(i.HAL_TIM_PWM_Stop_DMA), (92 bytes).
    Removing stm32l1xx_hal_tim.o(i.HAL_TIM_PWM_Stop_IT), (86 bytes).
    Removing stm32l1xx_hal_tim.o(i.HAL_TIM_PeriodElapsedCallback), (2 bytes).
    Removing stm32l1xx_hal_tim.o(i.HAL_TIM_ReadCapturedValue), (68 bytes).
    Removing stm32l1xx_hal_tim.o(i.HAL_TIM_SlaveConfigSynchronization), (160 bytes).
    Removing stm32l1xx_hal_tim.o(i.HAL_TIM_TriggerCallback), (2 bytes).
    Removing stm32l1xx_hal_tim.o(i.TIM_Base_SetConfig), (124 bytes).
    Removing stm32l1xx_hal_tim.o(i.TIM_CCxChannelCmd), (24 bytes).
    Removing stm32l1xx_hal_tim.o(i.TIM_DMACaptureCplt), (62 bytes).
    Removing stm32l1xx_hal_tim.o(i.TIM_DMADelayPulseCplt), (62 bytes).
    Removing stm32l1xx_hal_tim.o(i.TIM_DMAError), (16 bytes).
    Removing stm32l1xx_hal_tim.o(i.TIM_DMAPeriodElapsedCplt), (16 bytes).
    Removing stm32l1xx_hal_tim.o(i.TIM_DMATriggerCplt), (16 bytes).
    Removing stm32l1xx_hal_tim.o(i.TIM_ETR_SetConfig), (20 bytes).
    Removing stm32l1xx_hal_tim.o(i.TIM_ITRx_SetConfig), (16 bytes).
    Removing stm32l1xx_hal_tim.o(i.TIM_OC1_SetConfig), (44 bytes).
    Removing stm32l1xx_hal_tim.o(i.TIM_OC2_SetConfig), (48 bytes).
    Removing stm32l1xx_hal_tim.o(i.TIM_OC3_SetConfig), (46 bytes).
    Removing stm32l1xx_hal_tim.o(i.TIM_OC4_SetConfig), (48 bytes).
    Removing stm32l1xx_hal_tim.o(i.TIM_TI1_ConfigInputStage), (34 bytes).
    Removing stm32l1xx_hal_tim.o(i.TIM_TI1_SetConfig), (92 bytes).
    Removing stm32l1xx_hal_tim.o(i.TIM_TI2_ConfigInputStage), (36 bytes).
    Removing stm32l1xx_hal_tim.o(i.TIM_TI2_SetConfig), (44 bytes).
    Removing stm32l1xx_hal_tim_ex.o(.rev16_text), (4 bytes).
    Removing stm32l1xx_hal_tim_ex.o(.revsh_text), (4 bytes).
    Removing stm32l1xx_hal_tim_ex.o(i.HAL_TIMEx_MasterConfigSynchronization), (80 bytes).
    Removing stm32l1xx_hal_tim_ex.o(i.HAL_TIMEx_RemapConfig), (34 bytes).
    Removing stm32l1xx_hal_uart.o(.rev16_text), (4 bytes).
    Removing stm32l1xx_hal_uart.o(.revsh_text), (4 bytes).
    Removing stm32l1xx_hal_uart.o(i.HAL_HalfDuplex_EnableReceiver), (48 bytes).
    Removing stm32l1xx_hal_uart.o(i.HAL_HalfDuplex_EnableTransmitter), (48 bytes).
    Removing stm32l1xx_hal_uart.o(i.HAL_HalfDuplex_Init), (102 bytes).
    Removing stm32l1xx_hal_uart.o(i.HAL_LIN_Init), (124 bytes).
    Removing stm32l1xx_hal_uart.o(i.HAL_LIN_SendBreak), (44 bytes).
    Removing stm32l1xx_hal_uart.o(i.HAL_MultiProcessor_EnterMuteMode), (44 bytes).
    Removing stm32l1xx_hal_uart.o(i.HAL_MultiProcessor_ExitMuteMode), (44 bytes).
    Removing stm32l1xx_hal_uart.o(i.HAL_MultiProcessor_Init), (120 bytes).
    Removing stm32l1xx_hal_uart.o(i.HAL_UART_DMAPause), (92 bytes).
    Removing stm32l1xx_hal_uart.o(i.HAL_UART_DMAResume), (102 bytes).
    Removing stm32l1xx_hal_uart.o(i.HAL_UART_DMAStop), (50 bytes).
    Removing stm32l1xx_hal_uart.o(i.HAL_UART_DeInit), (48 bytes).
    Removing stm32l1xx_hal_uart.o(i.HAL_UART_ErrorCallback), (2 bytes).
    Removing stm32l1xx_hal_uart.o(i.HAL_UART_GetError), (6 bytes).
    Removing stm32l1xx_hal_uart.o(i.HAL_UART_GetState), (6 bytes).
    Removing stm32l1xx_hal_uart.o(i.HAL_UART_IRQHandler), (276 bytes).
    Removing stm32l1xx_hal_uart.o(i.HAL_UART_Init), (92 bytes).
    Removing stm32l1xx_hal_uart.o(i.HAL_UART_MspDeInit), (2 bytes).
    Removing stm32l1xx_hal_uart.o(i.HAL_UART_MspInit), (2 bytes).
    Removing stm32l1xx_hal_uart.o(i.HAL_UART_Receive), (204 bytes).
    Removing stm32l1xx_hal_uart.o(i.HAL_UART_Receive_DMA), (140 bytes).
    Removing stm32l1xx_hal_uart.o(i.HAL_UART_Receive_IT), (106 bytes).
    Removing stm32l1xx_hal_uart.o(i.HAL_UART_RxCpltCallback), (2 bytes).
    Removing stm32l1xx_hal_uart.o(i.HAL_UART_RxHalfCpltCallback), (2 bytes).
    Removing stm32l1xx_hal_uart.o(i.HAL_UART_Transmit), (204 bytes).
    Removing stm32l1xx_hal_uart.o(i.HAL_UART_Transmit_DMA), (132 bytes).
    Removing stm32l1xx_hal_uart.o(i.HAL_UART_Transmit_IT), (106 bytes).
    Removing stm32l1xx_hal_uart.o(i.HAL_UART_TxCpltCallback), (2 bytes).
    Removing stm32l1xx_hal_uart.o(i.HAL_UART_TxHalfCpltCallback), (2 bytes).
    Removing stm32l1xx_hal_uart.o(i.UART_DMAError), (34 bytes).
    Removing stm32l1xx_hal_uart.o(i.UART_DMAReceiveCplt), (54 bytes).
    Removing stm32l1xx_hal_uart.o(i.UART_DMARxHalfCplt), (10 bytes).
    Removing stm32l1xx_hal_uart.o(i.UART_DMATransmitCplt), (84 bytes).
    Removing stm32l1xx_hal_uart.o(i.UART_DMATxHalfCplt), (10 bytes).
    Removing stm32l1xx_hal_uart.o(i.UART_Receive_IT), (168 bytes).
    Removing stm32l1xx_hal_uart.o(i.UART_SetConfig), (360 bytes).
    Removing stm32l1xx_hal_uart.o(i.UART_Transmit_IT), (102 bytes).
    Removing stm32l1xx_hal_uart.o(i.UART_WaitOnFlagUntilTimeout), (146 bytes).
    Removing stm32l1xx_hal_usart.o(.rev16_text), (4 bytes).
    Removing stm32l1xx_hal_usart.o(.revsh_text), (4 bytes).
    Removing stm32l1xx_hal_usart.o(i.HAL_USART_DMAPause), (38 bytes).
    Removing stm32l1xx_hal_usart.o(i.HAL_USART_DMAResume), (38 bytes).
    Removing stm32l1xx_hal_usart.o(i.HAL_USART_DMAStop), (50 bytes).
    Removing stm32l1xx_hal_usart.o(i.HAL_USART_DeInit), (48 bytes).
    Removing stm32l1xx_hal_usart.o(i.HAL_USART_ErrorCallback), (2 bytes).
    Removing stm32l1xx_hal_usart.o(i.HAL_USART_GetError), (6 bytes).
    Removing stm32l1xx_hal_usart.o(i.HAL_USART_GetState), (6 bytes).
    Removing stm32l1xx_hal_usart.o(i.HAL_USART_IRQHandler), (280 bytes).
    Removing stm32l1xx_hal_usart.o(i.HAL_USART_Init), (82 bytes).
    Removing stm32l1xx_hal_usart.o(i.HAL_USART_MspDeInit), (2 bytes).
    Removing stm32l1xx_hal_usart.o(i.HAL_USART_MspInit), (2 bytes).
    Removing stm32l1xx_hal_usart.o(i.HAL_USART_Receive), (212 bytes).
    Removing stm32l1xx_hal_usart.o(i.HAL_USART_Receive_DMA), (160 bytes).
    Removing stm32l1xx_hal_usart.o(i.HAL_USART_Receive_IT), (98 bytes).
    Removing stm32l1xx_hal_usart.o(i.HAL_USART_RxCpltCallback), (2 bytes).
    Removing stm32l1xx_hal_usart.o(i.HAL_USART_RxHalfCpltCallback), (2 bytes).
    Removing stm32l1xx_hal_usart.o(i.HAL_USART_Transmit), (170 bytes).
    Removing stm32l1xx_hal_usart.o(i.HAL_USART_TransmitReceive), (246 bytes).
    Removing stm32l1xx_hal_usart.o(i.HAL_USART_TransmitReceive_DMA), (188 bytes).
    Removing stm32l1xx_hal_usart.o(i.HAL_USART_TransmitReceive_IT), (110 bytes).
    Removing stm32l1xx_hal_usart.o(i.HAL_USART_Transmit_DMA), (124 bytes).
    Removing stm32l1xx_hal_usart.o(i.HAL_USART_Transmit_IT), (62 bytes).
    Removing stm32l1xx_hal_usart.o(i.HAL_USART_TxCpltCallback), (2 bytes).
    Removing stm32l1xx_hal_usart.o(i.HAL_USART_TxHalfCpltCallback), (2 bytes).
    Removing stm32l1xx_hal_usart.o(i.HAL_USART_TxRxCpltCallback), (2 bytes).
    Removing stm32l1xx_hal_usart.o(i.USART_DMAError), (34 bytes).
    Removing stm32l1xx_hal_usart.o(i.USART_DMAReceiveCplt), (88 bytes).
    Removing stm32l1xx_hal_usart.o(i.USART_DMARxHalfCplt), (10 bytes).
    Removing stm32l1xx_hal_usart.o(i.USART_DMATransmitCplt), (88 bytes).
    Removing stm32l1xx_hal_usart.o(i.USART_DMATxHalfCplt), (10 bytes).
    Removing stm32l1xx_hal_usart.o(i.USART_Receive_IT), (176 bytes).
    Removing stm32l1xx_hal_usart.o(i.USART_SetConfig), (248 bytes).
    Removing stm32l1xx_hal_usart.o(i.USART_TransmitReceive_IT), (232 bytes).
    Removing stm32l1xx_hal_usart.o(i.USART_Transmit_IT), (98 bytes).
    Removing stm32l1xx_hal_usart.o(i.USART_WaitOnFlagUntilTimeout), (146 bytes).
    Removing stm32l1xx_hal_wwdg.o(.rev16_text), (4 bytes).
    Removing stm32l1xx_hal_wwdg.o(.revsh_text), (4 bytes).
    Removing stm32l1xx_hal_wwdg.o(i.HAL_WWDG_DeInit), (36 bytes).
    Removing stm32l1xx_hal_wwdg.o(i.HAL_WWDG_GetState), (4 bytes).
    Removing stm32l1xx_hal_wwdg.o(i.HAL_WWDG_IRQHandler), (36 bytes).
    Removing stm32l1xx_hal_wwdg.o(i.HAL_WWDG_Init), (66 bytes).
    Removing stm32l1xx_hal_wwdg.o(i.HAL_WWDG_MspDeInit), (2 bytes).
    Removing stm32l1xx_hal_wwdg.o(i.HAL_WWDG_MspInit), (2 bytes).
    Removing stm32l1xx_hal_wwdg.o(i.HAL_WWDG_Refresh), (42 bytes).
    Removing stm32l1xx_hal_wwdg.o(i.HAL_WWDG_Start), (38 bytes).
    Removing stm32l1xx_hal_wwdg.o(i.HAL_WWDG_Start_IT), (48 bytes).
    Removing stm32l1xx_hal_wwdg.o(i.HAL_WWDG_WakeupCallback), (2 bytes).
    Removing stm32l1xx_ll_fsmc.o(.rev16_text), (4 bytes).
    Removing stm32l1xx_ll_fsmc.o(.revsh_text), (4 bytes).
    Removing stm32l1xx_ll_sdmmc.o(.rev16_text), (4 bytes).
    Removing stm32l1xx_ll_sdmmc.o(.revsh_text), (4 bytes).
    Removing system_stm32l1xx.o(.rev16_text), (4 bytes).
    Removing system_stm32l1xx.o(.revsh_text), (4 bytes).
    Removing system_stm32l1xx.o(i.SystemCoreClockUpdate), (140 bytes).
    Removing startup_stm32l152xe.o(HEAP), (512 bytes).
    Removing main.o(.rev16_text), (4 bytes).
    Removing main.o(.revsh_text), (4 bytes).
    Removing stm32l1xx_hal_msp.o(.rev16_text), (4 bytes).
    Removing stm32l1xx_hal_msp.o(.revsh_text), (4 bytes).
    Removing stm32l1xx_hal_msp.o(i.HAL_MspDeInit), (2 bytes).
    Removing stm32l1xx_it.o(.rev16_text), (4 bytes).
    Removing stm32l1xx_it.o(.revsh_text), (4 bytes).
    Removing glcd.o(.rev16_text), (4 bytes).
    Removing glcd.o(.revsh_text), (4 bytes).
    Removing glcd.o(i.glcd_bbox_refresh), (24 bytes).
    Removing glcd.o(i.glcd_bbox_reset), (4 bytes).
    Removing glcd.o(i.glcd_clear), (40 bytes).
    Removing glcd.o(i.glcd_clear_buffer), (36 bytes).
    Removing glcd.o(i.glcd_reset_bbox), (24 bytes).
    Removing glcd.o(i.glcd_scroll), (22 bytes).
    Removing glcd.o(i.glcd_scroll_line), (100 bytes).
    Removing glcd.o(i.glcd_select_screen), (12 bytes).
    Removing glcd.o(i.glcd_update_bbox), (68 bytes).
    Removing glcd.o(.bss), (504 bytes).
    Removing glcd.o(.data), (4 bytes).
    Removing glcd.o(.data), (8 bytes).
    Removing graphics.o(.rev16_text), (4 bytes).
    Removing graphics.o(.revsh_text), (4 bytes).
    Removing graphics.o(i.glcd_draw_bitmap), (28 bytes).
    Removing graphics.o(i.glcd_draw_circle), (308 bytes).
    Removing graphics.o(i.glcd_draw_line), (174 bytes).
    Removing graphics.o(i.glcd_draw_rect), (112 bytes).
    Removing graphics.o(i.glcd_draw_rect_shadow), (64 bytes).
    Removing graphics.o(i.glcd_draw_rect_thick), (164 bytes).
    Removing graphics.o(i.glcd_fill_circle), (250 bytes).
    Removing graphics.o(i.glcd_fill_rect), (70 bytes).
    Removing graphics.o(i.glcd_get_pixel), (52 bytes).
    Removing graphics.o(i.glcd_invert_area), (46 bytes).
    Removing graphics.o(i.glcd_invert_pixel), (60 bytes).
    Removing graphics.o(i.glcd_set_pixel), (72 bytes).
    Removing graphs.o(.rev16_text), (4 bytes).
    Removing graphs.o(.revsh_text), (4 bytes).
    Removing graphs.o(i.glcd_bar_graph_horizontal), (66 bytes).
    Removing graphs.o(i.glcd_bar_graph_horizontal_no_border), (42 bytes).
    Removing graphs.o(i.glcd_bar_graph_vertical), (86 bytes).
    Removing graphs.o(i.glcd_bar_graph_vertical_no_border), (70 bytes).
    Removing graphs.o(i.glcd_map), (16 bytes).
    Removing graphs.o(i.glcd_scrolling_bar_graph), (176 bytes).
    Removing graphs.o(i.glcd_scrolling_bar_graph_timing), (68 bytes).
    Removing text.o(.rev16_text), (4 bytes).
    Removing text.o(.revsh_text), (4 bytes).
    Removing text.o(i.glcd_draw_char_xy), (476 bytes).
    Removing text.o(i.glcd_draw_string_xy), (52 bytes).
    Removing text.o(i.glcd_draw_string_xy_P), (52 bytes).
    Removing text.o(i.glcd_font), (28 bytes).
    Removing text.o(i.glcd_set_font), (28 bytes).
    Removing text.o(.bss), (12 bytes).
    Removing text_tiny.o(.rev16_text), (4 bytes).
    Removing text_tiny.o(.revsh_text), (4 bytes).
    Removing text_tiny.o(i.glcd_tiny_draw_char), (136 bytes).
    Removing text_tiny.o(i.glcd_tiny_draw_char_xy), (176 bytes).
    Removing text_tiny.o(i.glcd_tiny_draw_string), (80 bytes).
    Removing text_tiny.o(i.glcd_tiny_draw_string_P), (84 bytes).
    Removing text_tiny.o(i.glcd_tiny_draw_string_ammend), (26 bytes).
    Removing text_tiny.o(i.glcd_tiny_draw_string_ammend_P), (26 bytes).
    Removing text_tiny.o(i.glcd_tiny_invert_line), (14 bytes).
    Removing text_tiny.o(i.glcd_tiny_set_font), (28 bytes).
    Removing unit_tests.o(.rev16_text), (4 bytes).
    Removing unit_tests.o(.revsh_text), (4 bytes).
    Removing unit_tests.o(i.glcd_test_bitmap_128x64), (36 bytes).
    Removing unit_tests.o(i.glcd_test_circles), (156 bytes).
    Removing unit_tests.o(i.glcd_test_counter_and_graph), (120 bytes).
    Removing unit_tests.o(i.glcd_test_glcdutils), (92 bytes).
    Removing unit_tests.o(i.glcd_test_hello_world), (76 bytes).
    Removing unit_tests.o(i.glcd_test_rectangles), (384 bytes).
    Removing unit_tests.o(i.glcd_test_scrolling_graph), (148 bytes).
    Removing unit_tests.o(i.glcd_test_text_up_down), (140 bytes).
    Removing unit_tests.o(i.glcd_test_tiny_text), (100 bytes).
    Removing unit_tests.o(.constdata), (2416 bytes).
    Removing unit_tests.o(.data), (1 bytes).
    Removing pcd8544.o(.rev16_text), (4 bytes).
    Removing pcd8544.o(.revsh_text), (4 bytes).
    Removing pcd8544.o(i.glcd_PCD8544_init), (40 bytes).
    Removing pcd8544.o(i.glcd_command), (28 bytes).
    Removing pcd8544.o(i.glcd_data), (28 bytes).
    Removing pcd8544.o(i.glcd_power_down), (16 bytes).
    Removing pcd8544.o(i.glcd_power_up), (6 bytes).
    Removing pcd8544.o(i.glcd_set_contrast), (34 bytes).
    Removing pcd8544.o(i.glcd_set_x_address), (8 bytes).
    Removing pcd8544.o(i.glcd_set_y_address), (14 bytes).
    Removing pcd8544.o(i.glcd_write), (120 bytes).
    Removing dadd.o(.text), (334 bytes).
    Removing dmul.o(.text), (228 bytes).
    Removing ddiv.o(.text), (222 bytes).
    Removing dfixul.o(.text), (48 bytes).
    Removing cdrcmple.o(.text), (48 bytes).
    Removing depilogue.o(.text), (186 bytes).

891 unused section(s) (total 69825 bytes) removed from the image.

==============================================================================

Memory Map of the image

  Image Entry point : 0x00000000

  Load Region LR_IROM1 (Base: 0x08000000, Size: 0x00000f04, Max: 0x00080000, ABSOLUTE)

    Execution Region ER_IROM1 (Base: 0x08000000, Size: 0x00000ee0, Max: 0x00080000, ABSOLUTE)

    Base Addr    Size         Type   Attr      Idx    E Section Name        Object

    0x08000000   0x00000124   Data   RO         5019    RESET               startup_stm32l152xe.o
    0x08000124   0x00000000   Code   RO         5780  * .ARM.Collect$$$$00000000  mc_w.l(entry.o)
    0x08000124   0x00000004   Code   RO         6053    .ARM.Collect$$$$00000001  mc_w.l(entry2.o)
    0x08000128   0x00000004   Code   RO         6056    .ARM.Collect$$$$00000004  mc_w.l(entry5.o)
    0x0800012c   0x00000000   Code   RO         6058    .ARM.Collect$$$$00000008  mc_w.l(entry7b.o)
    0x0800012c   0x00000000   Code   RO         6060    .ARM.Collect$$$$0000000A  mc_w.l(entry8b.o)
    0x0800012c   0x00000008   Code   RO         6061    .ARM.Collect$$$$0000000B  mc_w.l(entry9a.o)
    0x08000134   0x00000000   Code   RO         6063    .ARM.Collect$$$$0000000D  mc_w.l(entry10a.o)
    0x08000134   0x00000000   Code   RO         6065    .ARM.Collect$$$$0000000F  mc_w.l(entry11a.o)
    0x08000134   0x00000004   Code   RO         6054    .ARM.Collect$$$$00002712  mc_w.l(entry2.o)
    0x08000138   0x00000024   Code   RO         5020    .text               startup_stm32l152xe.o
    0x0800015c   0x00000024   Code   RO         5788    .text               mc_w.l(memseta.o)
    0x08000180   0x00000024   Code   RO         6085    .text               mc_w.l(init.o)
    0x080001a4   0x00000002   Code   RO         5081    i.BusFault_Handler  stm32l1xx_it.o
    0x080001a6   0x00000002   Code   RO         5082    i.DebugMon_Handler  stm32l1xx_it.o
    0x080001a8   0x0000000c   Code   RO          339    i.HAL_GetTick       stm32l1xx_hal.o
    0x080001b4   0x00000010   Code   RO          340    i.HAL_IncTick       stm32l1xx_hal.o
    0x080001c4   0x0000002c   Code   RO          341    i.HAL_Init          stm32l1xx_hal.o
    0x080001f0   0x00000022   Code   RO          342    i.HAL_InitTick      stm32l1xx_hal.o
    0x08000212   0x00000002   Code   RO         5056    i.HAL_MspInit       stm32l1xx_hal_msp.o
    0x08000214   0x00000040   Code   RO          793    i.HAL_NVIC_SetPriority  stm32l1xx_hal_cortex.o
    0x08000254   0x00000024   Code   RO          794    i.HAL_NVIC_SetPriorityGrouping  stm32l1xx_hal_cortex.o
    0x08000278   0x0000031c   Code   RO         2862    i.HAL_RCC_ClockConfig  stm32l1xx_hal_rcc.o
    0x08000594   0x00000034   Code   RO         2867    i.HAL_RCC_GetHCLKFreq  stm32l1xx_hal_rcc.o
    0x080005c8   0x00000090   Code   RO         2871    i.HAL_RCC_GetSysClockFreq  stm32l1xx_hal_rcc.o
    0x08000658   0x00000734   Code   RO         2874    i.HAL_RCC_OscConfig  stm32l1xx_hal_rcc.o
    0x08000d8c   0x00000028   Code   RO          798    i.HAL_SYSTICK_Config  stm32l1xx_hal_cortex.o
    0x08000db4   0x00000002   Code   RO         5083    i.HardFault_Handler  stm32l1xx_it.o
    0x08000db6   0x00000002   Code   RO         5084    i.MemManage_Handler  stm32l1xx_it.o
    0x08000db8   0x00000002   Code   RO         5085    i.NMI_Handler       stm32l1xx_it.o
    0x08000dba   0x00000020   Code   RO          800    i.NVIC_SetPriority  stm32l1xx_hal_cortex.o
    0x08000dda   0x00000002   Code   RO         5086    i.PendSV_Handler    stm32l1xx_it.o
    0x08000ddc   0x00000002   Code   RO         5087    i.SVC_Handler       stm32l1xx_it.o
    0x08000dde   0x00000004   Code   RO         5088    i.SysTick_Handler   stm32l1xx_it.o
    0x08000de2   0x00000002   PAD
    0x08000de4   0x00000080   Code   RO         5026    i.SystemClock_Config  main.o
    0x08000e64   0x00000050   Code   RO         4988    i.SystemInit        system_stm32l1xx.o
    0x08000eb4   0x00000002   Code   RO         5089    i.UsageFault_Handler  stm32l1xx_it.o
    0x08000eb6   0x0000000a   Code   RO         5027    i.main              main.o
    0x08000ec0   0x0000001d   Data   RO         2875    .constdata          stm32l1xx_hal_rcc.o
    0x08000edd   0x00000003   PAD
    0x08000ee0   0x00000000   Data   RO         6097    Region$$Table       anon$$obj.o


    Execution Region RW_IRAM1 (Base: 0x20000000, Size: 0x00000428, Max: 0x00014000, ABSOLUTE)

    Base Addr    Size         Type   Attr      Idx    E Section Name        Object

    0x20000000   0x00000004   Data   RW          347    .data               stm32l1xx_hal.o
    0x20000004   0x0000001d   Data   RW         4989    .data               system_stm32l1xx.o
    0x20000021   0x00000007   PAD
    0x20000028   0x00000400   Zero   RW         5017    STACK               startup_stm32l152xe.o

